Microchip MPLAB XC8 Compiler V1.35 ()

Linker command line:

--edf=C:\Program Files (x86)\Microchip\xc8\v1.35\dat\en_msgs.txt -cs \
  -h+dist/default/production\Test_21-06_16F.X.production.sym \
  --cmf=dist/default/production\Test_21-06_16F.X.production.cmf -z \
  -Q16F877A -oC:\Users\Nathan\AppData\Local\Temp\s2d8.2 \
  -Mdist/default/production/Test_21-06_16F.X.production.map -E1 -ver=XC8 \
  -ASTACK=0110h-016fh -pstack=STACK -ACODE=00h-07FFhx4 -ASTRCODE=00h-01FFFh \
  -ASTRING=00h-0FFhx32 -ACONST=00h-0FFhx32 -AENTRY=00h-0FFhx32 \
  -ACOMMON=070h-07Fh -ABANK0=020h-06Fh -ABANK1=0A0h-0EFh \
  -ABANK2=0110h-016Fh -ABANK3=0190h-01EFh \
  -ARAM=020h-06Fh,0A0h-0EFh,0110h-016Fh,0190h-01EFh \
  -AABS1=020h-07Fh,0A0h-0EFh,0110h-016Fh,0190h-01EFh -ASFR0=00h-01Fh \
  -ASFR1=080h-09Fh -ASFR2=0100h-010Fh -ASFR3=0180h-018Fh \
  -preset_vec=00h,intentry=04h,init,end_init -ppowerup=CODE -pcinit=CODE \
  -pfunctab=CODE -ACONFIG=02007h-02007h -pconfig=CONFIG -DCONFIG=2 \
  -AIDLOC=02000h-02003h -pidloc=IDLOC -DIDLOC=2 -AEEDATA=00h-0FFh/02100h \
  -peeprom_data=EEDATA -DEEDATA=2 -DCODE=2 -DSTRCODE=2 -DSTRING=2 -DCONST=2 \
  -DENTRY=2 -k C:\Users\Nathan\AppData\Local\Temp\s2d8.obj \
  dist/default/production\Test_21-06_16F.X.production.obj 

Object code version is 3.11

Machine type is 16F877A



                Name                               Link     Load   Length Selector   Space Scale
C:\Users\Nathan\AppData\Local\Temp\s2d8.obj
                end_init                             12       12        3        8       0
                reset_vec                             0        0        3        0       0
                config                             2007     2007        1     400E       0
dist/default/production\Test_21-06_16F.X.production.obj
                cinit                                15       15       31        8       0
                intentry                              4        4        E        8       0
                text35                              CEA      CEA       1B     19D4       0
                text34                              EF2      EF2       4B     1DE4       0
                text33                              DAF      DAF       3C     1B5E       0
                text32                              D49      D49       32     1A92       0
                text31                              D05      D05       21     1A0A       0
                text30                              C82      C82        E     1904       0
                text29                              C0C      C0C        8     1818       0
                text28                              546      546      1CF        8       0
                text27                              715      715       7B        8       0
                text26                              CD0      CD0       1A     19A0       0
                text25                              F3D      F3D       4D     1E7A       0
                text24                              C9F      C9F       10     193E       0
                text23                              C3C      C3C        9     1878       0
                text22                              CBF      CBF       11     197E       0
                text21                              C75      C75        D     18EA       0
                text20                              C90      C90        F     1920       0
                text19                              DEB      DEB       3E     1BD6       0
                text18                              D7B      D7B       34     1AF6       0
                text17                              D26      D26       23     1A4C       0
                text16                              CAF      CAF       10     195E       0
                text15                              C14      C14        8     1828       0
                text14                              2F9      2F9      24D        8       0
                text13                              E29      E29       41     1C52       0
                text12                              EAB      EAB       47     1D56       0
                text11                              C45      C45        9     188A       0
                text10                              C1C      C1C        8     1838       0
                text9                               C4E      C4E        9     189C       0
                text8                               C57      C57        9     18AE       0
                text7                               C24      C24        8     1848       0
                text6                               C2C      C2C        8     1858       0
                text5                               C69      C69        C     18D2       0
                text4                               790      790       59        8       0
                text3                               E6A      E6A       41     1CD4       0
                text2                               C60      C60        9     18C0       0
                text1                               F8A      F8A       76     1F14       0
                maintext                             46       46      2B3        8       0
                cstackBANK0                          20       20       35       20       1
                cstackCOMMON                         70       70        E       70       1
                cstackBANK1                          C6       C6       22       A0       1
                inittext                            7E9      7E9       11        8       0
                clrtext                             C34      C34        8     1868       0
                bssBANK3                            190      190       1A      190       1
                dataBANK1                            E8       E8        4       A0       1
                bssBANK1                             A0       A0       26       A0       1
                dataBANK0                            55       55        5       20       1
                bssBANK0                             5B       5B        1       20       1
                bitbssBANK0                         2D0       5A        2       20       1     8
                strings                             800      800       54     1000       0
                idataBANK1                          C08      C08        4     1810       0
                idataBANK0                          7FA      7FA        5        8       0

TOTAL           Name                               Link     Load   Length     Space
        CLASS   STACK          

        CLASS   CODE           
                end_init                             12       12        3         0
                cinit                                15       15       31         0
                intentry                              4        4        E         0
                reset_vec                             0        0        3         0
                text35                              CEA      CEA       1B         0
                text34                              EF2      EF2       4B         0
                text33                              DAF      DAF       3C         0
                text32                              D49      D49       32         0
                text31                              D05      D05       21         0
                text30                              C82      C82        E         0
                text29                              C0C      C0C        8         0
                text28                              546      546      1CF         0
                text27                              715      715       7B         0
                text26                              CD0      CD0       1A         0
                text25                              F3D      F3D       4D         0
                text24                              C9F      C9F       10         0
                text23                              C3C      C3C        9         0
                text22                              CBF      CBF       11         0
                text21                              C75      C75        D         0
                text20                              C90      C90        F         0
                text19                              DEB      DEB       3E         0
                text18                              D7B      D7B       34         0
                text17                              D26      D26       23         0
                text16                              CAF      CAF       10         0
                text15                              C14      C14        8         0
                text14                              2F9      2F9      24D         0
                text13                              E29      E29       41         0
                text12                              EAB      EAB       47         0
                text11                              C45      C45        9         0
                text10                              C1C      C1C        8         0
                text9                               C4E      C4E        9         0
                text8                               C57      C57        9         0
                text7                               C24      C24        8         0
                text6                               C2C      C2C        8         0
                text5                               C69      C69        C         0
                text4                               790      790       59         0
                text3                               E6A      E6A       41         0
                text2                               C60      C60        9         0
                text1                               F8A      F8A       76         0
                maintext                             46       46      2B3         0
                inittext                            7E9      7E9       11         0
                clrtext                             C34      C34        8         0
                idataBANK1                          C08      C08        4         0
                idataBANK0                          7FA      7FA        5         0

        CLASS   STRCODE        

        CLASS   STRING         
                strings                             800      800       54         0

        CLASS   CONST          

        CLASS   ENTRY          

        CLASS   COMMON         
                cstackCOMMON                         70       70        E         1

        CLASS   BANK0          
                cstackBANK0                          20       20       35         1
                dataBANK0                            55       55        5         1
                bssBANK0                             5B       5B        1         1
                bitbssBANK0                         2D0       5A        2         1

        CLASS   BANK1          
                cstackBANK1                          C6       C6       22         1
                dataBANK1                            E8       E8        4         1
                bssBANK1                             A0       A0       26         1

        CLASS   BANK2          

        CLASS   BANK3          
                bssBANK3                            190      190       1A         1

        CLASS   RAM            

        CLASS   ABS1           
                abs_s1                               7E       7E        2         1

        CLASS   SFR0           

        CLASS   SFR1           

        CLASS   SFR2           

        CLASS   SFR3           

        CLASS   CONFIG         
                config                             2007     2007        1         0

        CLASS   IDLOC          

        CLASS   EEDATA         



SEGMENTS        Name                           Load    Length   Top    Selector   Space  Class     Delta

                reset_vec                      000000  000003  000003         0       0  CODE        2
                intentry                       000004  0007FB  0007FF         8       0  CODE        2
                cstackBANK0                    000020  00003C  00005C        20       1  BANK0       1
                cstackCOMMON                   000070  00000E  00007E        70       1  COMMON      1
                bssBANK1                       0000A0  00004C  0000EC        A0       1  BANK1       1
                bssBANK3                       000190  00001A  0001AA       190       1  BANK3       1
                strings                        000800  000054  000854      1000       0  STRING      2
                idataBANK1                     000C08  000004  000C0C      1810       0  CODE        2
                text29                         000C0C  000008  000C14      1818       0  CODE        2
                text15                         000C14  000008  000C1C      1828       0  CODE        2
                text10                         000C1C  000008  000C24      1838       0  CODE        2
                text7                          000C24  000008  000C2C      1848       0  CODE        2
                text6                          000C2C  000008  000C34      1858       0  CODE        2
                clrtext                        000C34  000008  000C3C      1868       0  CODE        2
                text23                         000C3C  000009  000C45      1878       0  CODE        2
                text11                         000C45  000009  000C4E      188A       0  CODE        2
                text9                          000C4E  000009  000C57      189C       0  CODE        2
                text8                          000C57  000009  000C60      18AE       0  CODE        2
                text2                          000C60  000009  000C69      18C0       0  CODE        2
                text5                          000C69  00000C  000C75      18D2       0  CODE        2
                text21                         000C75  00000D  000C82      18EA       0  CODE        2
                text30                         000C82  00000E  000C90      1904       0  CODE        2
                text20                         000C90  00000F  000C9F      1920       0  CODE        2
                text24                         000C9F  000010  000CAF      193E       0  CODE        2
                text16                         000CAF  000010  000CBF      195E       0  CODE        2
                text22                         000CBF  000011  000CD0      197E       0  CODE        2
                text26                         000CD0  00001A  000CEA      19A0       0  CODE        2
                text35                         000CEA  00001B  000D05      19D4       0  CODE        2
                text31                         000D05  000021  000D26      1A0A       0  CODE        2
                text17                         000D26  000023  000D49      1A4C       0  CODE        2
                text32                         000D49  000032  000D7B      1A92       0  CODE        2
                text18                         000D7B  000034  000DAF      1AF6       0  CODE        2
                text33                         000DAF  00003C  000DEB      1B5E       0  CODE        2
                text19                         000DEB  00003E  000E29      1BD6       0  CODE        2
                text13                         000E29  000041  000E6A      1C52       0  CODE        2
                text3                          000E6A  000041  000EAB      1CD4       0  CODE        2
                text12                         000EAB  000047  000EF2      1D56       0  CODE        2
                text34                         000EF2  00004B  000F3D      1DE4       0  CODE        2
                text25                         000F3D  00004D  000F8A      1E7A       0  CODE        2
                text1                          000F8A  000076  001000      1F14       0  CODE        2
                config                         002007  000001  002008      400E       0  CONFIG      2


UNUSED ADDRESS RANGES

        Name                Unused          Largest block    Delta
        BANK0            005C-006F             14           1
        BANK1            00EC-00EF              4           1
        BANK2            0110-016F             60           1
        BANK3            01AA-01EF             46           1
        CODE             0003-0003              1           2
                         07FF-07FF              1
                         0854-0C07            3B4
                         1000-1FFF            800
        CONST            0003-0003              1           2
                         07FF-07FF              1
                         0854-0C07            100
                         1000-1FFF            100
        EEDATA           2100-21FF            100           2
        ENTRY            0003-0003              1           2
                         07FF-07FF              1
                         0854-0C07            100
                         1000-1FFF            100
        IDLOC            2000-2003              4           2
        RAM              005C-006F             14           1
                         00EC-00EF              4
                         0110-016F             60
                         01AA-01EF             46
        SFR0             0000-001F             20           1
        SFR1             0080-009F             20           1
        SFR2             0100-010F             10           1
        SFR3             0180-018F             10           1
        STACK            0110-016F             60           1
        STRCODE          0003-0003              1           2
                         07FF-07FF              1
                         0854-0C07            3B4
                         1000-1FFF           1000
        STRING           0003-0003              1           2
                         07FF-07FF              1
                         0854-0C07            100
                         1000-1FFF            100

                                  Symbol Table

?___awmod                       cstackBANK0  0048
?___lmul                        cstackBANK0  0034
?___lwdiv                       cstackBANK0  0034
?___lwmod                       cstackBANK0  003C
?___wmul                        cstackBANK0  0034
?_printf                        cstackBANK0  0042
?_rand                          cstackBANK0  0041
?i1___awmod                     cstackCOMMON 0070
?i1___lwdiv                     cstackCOMMON 0070
?i1___lwmod                     cstackCOMMON 0078
?i1___wmul                      cstackCOMMON 0070
?i1_printf                      cstackCOMMON 0070
I2C_Write_Byte@Byte             cstackBANK0  0034
_ADCON0bits                     (abs)        001F
_ADCON1bits                     (abs)        009F
_ADCS0                          (abs)        00FE
_ADCS1                          (abs)        00FF
_ADCS2                          (abs)        04FE
_ADFM                           (abs)        04FF
_ADRESH                         (abs)        001E
_ADRESL                         (abs)        009E
_BRGH                           (abs)        04C2
_CKP                            (abs)        00A4
_CREN                           (abs)        00C4
_CSRC                           (abs)        04C7
_FERR                           (abs)        00C2
_GIE                            (abs)        005F
_I2C_Idle                       text11       0C45
_I2C_ReStart                    text10       0C1C
_I2C_Read_Byte                  text9        0C4E
_I2C_Send_NACK                  text8        0C57
_I2C_Start                      text7        0C24
_I2C_Stop                       text6        0C2C
_I2C_Write_Byte                 text5        0C69
_INTCONbits                     (abs)        000B
_InitI2C_Master                 text26       0CD0
_OERR                           (abs)        00C1
_OPTION_REGbits                 (abs)        0081
_PEIE                           (abs)        005E
_PIE1bits                       (abs)        008C
_PIR1bits                       (abs)        000C
_PORTDbits                      (abs)        0008
_RCIE                           (abs)        0465
_RCIF                           (abs)        0065
_RCREG                          (abs)        001A
_RX9                            (abs)        00C6
_SPBRG                          (abs)        0099
_SPEN                           (abs)        00C7
_SSPADD                         (abs)        0093
_SSPBUF                         (abs)        0013
_SSPCON2                        (abs)        0091
_SSPCON2bits                    (abs)        0091
_SSPEN                          (abs)        00A5
_SSPIF                          (abs)        0063
_SSPM0                          (abs)        00A0
_SSPM1                          (abs)        00A1
_SSPM2                          (abs)        00A2
_SSPM3                          (abs)        00A3
_SSPOV                          (abs)        00A6
_SSPSTAT                        (abs)        0094
_SSPSTATbits                    (abs)        0094
_SYNC                           (abs)        04C4
_TMR0                           (abs)        0001
_TRISC3                         (abs)        043B
_TRISC4                         (abs)        043C
_TRISDbits                      (abs)        0088
_TX9                            (abs)        04C6
_TXEN                           (abs)        04C5
_TXIE                           (abs)        0464
_TXIF                           (abs)        0064
_TXREG                          (abs)        0019
_WCOL                           (abs)        00A7
__CFG_BOREN$OFF                 (abs)        0000
__CFG_CP$OFF                    (abs)        0000
__CFG_CPD$OFF                   (abs)        0000
__CFG_FOSC$HS                   (abs)        0000
__CFG_LVP$OFF                   (abs)        0000
__CFG_PWRTE$OFF                 (abs)        0000
__CFG_WDTE$OFF                  (abs)        0000
__CFG_WRT$OFF                   (abs)        0000
__Habs1                         abs1         0000
__Hbank0                        bank0        0000
__Hbank1                        bank1        0000
__Hbank2                        bank2        0000
__Hbank3                        bank3        0000
__HbitbssBANK0                  bitbssBANK0  0000
__HbssBANK0                     bssBANK0     0000
__HbssBANK1                     bssBANK1     0000
__HbssBANK3                     bssBANK3     0000
__Hcinit                        cinit        0046
__Hclrtext                      clrtext      0000
__Hcode                         code         0000
__Hcommon                       common       0000
__Hconfig                       config       2008
__HcstackBANK0                  cstackBANK0  0000
__HcstackBANK1                  cstackBANK1  0000
__HcstackCOMMON                 cstackCOMMON 0000
__HdataBANK0                    dataBANK0    0000
__HdataBANK1                    dataBANK1    0000
__Heeprom_data                  eeprom_data  0000
__Hend_init                     end_init     0015
__Hfunctab                      functab      0000
__HidataBANK0                   idataBANK0   0000
__HidataBANK1                   idataBANK1   0000
__Hidloc                        idloc        0000
__Hinit                         init         0012
__Hinittext                     inittext     0000
__Hintentry                     intentry     0012
__Hmaintext                     maintext     0000
__Hpowerup                      powerup      0000
__Hram                          ram          0000
__Hreset_vec                    reset_vec    0003
__Hsfr0                         sfr0         0000
__Hsfr1                         sfr1         0000
__Hsfr2                         sfr2         0000
__Hsfr3                         sfr3         0000
__Hspace_0                      (abs)        2008
__Hspace_1                      (abs)        02D2
__Hspace_2                      (abs)        0000
__Hspace_3                      (abs)        0000
__Hstack                        stack        0000
__Hstrings                      strings      0000
__Htext                         text         0000
__Labs1                         abs1         0000
__Lbank0                        bank0        0000
__Lbank1                        bank1        0000
__Lbank2                        bank2        0000
__Lbank3                        bank3        0000
__LbitbssBANK0                  bitbssBANK0  0000
__LbssBANK0                     bssBANK0     0000
__LbssBANK1                     bssBANK1     0000
__LbssBANK3                     bssBANK3     0000
__Lcinit                        cinit        0015
__Lclrtext                      clrtext      0000
__Lcode                         code         0000
__Lcommon                       common       0000
__Lconfig                       config       2007
__LcstackBANK0                  cstackBANK0  0000
__LcstackBANK1                  cstackBANK1  0000
__LcstackCOMMON                 cstackCOMMON 0000
__LdataBANK0                    dataBANK0    0000
__LdataBANK1                    dataBANK1    0000
__Leeprom_data                  eeprom_data  0000
__Lend_init                     end_init     0012
__Lfunctab                      functab      0000
__LidataBANK0                   idataBANK0   0000
__LidataBANK1                   idataBANK1   0000
__Lidloc                        idloc        0000
__Linit                         init         0012
__Linittext                     inittext     0000
__Lintentry                     intentry     0004
__Lmaintext                     maintext     0000
__Lpowerup                      powerup      0000
__Lram                          ram          0000
__Lreset_vec                    reset_vec    0000
__Lsfr0                         sfr0         0000
__Lsfr1                         sfr1         0000
__Lsfr2                         sfr2         0000
__Lsfr3                         sfr3         0000
__Lspace_0                      (abs)        0000
__Lspace_1                      (abs)        0000
__Lspace_2                      (abs)        0000
__Lspace_3                      (abs)        0000
__Lstack                        stack        0000
__Lstrings                      strings      0000
__Ltext                         text         0000
__S0                            (abs)        2008
__S1                            (abs)        01AA
__S2                            (abs)        0000
__S3                            (abs)        0000
___awmod                        text25       0F3D
___awmod@counter                cstackBANK0  004D
___awmod@dividend               cstackBANK0  004A
___awmod@divisor                cstackBANK0  0048
___awmod@sign                   cstackBANK0  004E
___int_sp                       stack        0000
___latbits                      (abs)        0002
___lmul                         text13       0E29
___lmul@multiplicand            cstackBANK0  0038
___lmul@multiplier              cstackBANK0  0034
___lmul@product                 cstackBANK0  003D
___lwdiv                        text19       0DEB
___lwdiv@counter                cstackBANK0  003B
___lwdiv@dividend               cstackBANK0  0036
___lwdiv@divisor                cstackBANK0  0034
___lwdiv@quotient               cstackBANK0  0039
___lwmod                        text18       0D7B
___lwmod@counter                cstackBANK0  0041
___lwmod@dividend               cstackBANK0  003E
___lwmod@divisor                cstackBANK0  003C
___sp                           stack        0000
___wmul                         text17       0D26
___wmul@multiplicand            cstackBANK0  0036
___wmul@multiplier              cstackBANK0  0034
___wmul@product                 cstackBANK0  0038
__end_of_I2C_Idle               text11       0C4E
__end_of_I2C_ReStart            text10       0C24
__end_of_I2C_Read_Byte          text9        0C57
__end_of_I2C_Send_NACK          text8        0C60
__end_of_I2C_Start              text7        0C2C
__end_of_I2C_Stop               text6        0C34
__end_of_I2C_Write_Byte         text5        0C75
__end_of_InitI2C_Master         text26       0CEA
__end_of___awmod                text25       0F8A
__end_of___lmul                 text13       0E6A
__end_of___lwdiv                text19       0E29
__end_of___lwmod                text18       0DAF
__end_of___wmul                 text17       0D49
__end_of__initialization        cinit        0042
__end_of__stringtab             strings      0806
__end_of_configAD               text24       0CAF
__end_of_configADInterrupt      text23       0C45
__end_of_configRS232            text22       0CD0
__end_of_configTimer            text21       0C82
__end_of_configUSARTInterrupts  text20       0C9F
__end_of_dpowers                strings      0810
__end_of_hexpowers              strings      0818
__end_of_interruptions          text27       0790
__end_of_isdigit                text16       0CBF
__end_of_main                   maintext     02F9
__end_of_printf                 text14       0546
__end_of_putch                  text15       0C1C
__end_of_rand                   text12       0EF2
__end_of_read_RTC_I2c           text4        07E9
__end_of_selectChanel           text3        0EAB
__end_of_srand                  text2        0C69
__end_of_strcpy                 text35       0D05
__end_of_write_RTC_I2c          text1        1000
__end_ofi1___awmod              text34       0F3D
__end_ofi1___lwdiv              text33       0DEB
__end_ofi1___lwmod              text32       0D7B
__end_ofi1___wmul               text31       0D26
__end_ofi1_isdigit              text30       0C90
__end_ofi1_printf               text28       0715
__end_ofi1_putch                text29       0C14
__initialization                cinit        0015
__pbitbssBANK0                  bitbssBANK0  02D0
__pbssBANK0                     bssBANK0     005B
__pbssBANK1                     bssBANK1     00A0
__pbssBANK3                     bssBANK3     0190
__pcstackBANK0                  cstackBANK0  0020
__pcstackBANK1                  cstackBANK1  00C6
__pcstackCOMMON                 cstackCOMMON 0070
__pdataBANK0                    dataBANK0    0055
__pdataBANK1                    dataBANK1    00E8
__pidataBANK0                   idataBANK0   07FA
__pidataBANK1                   idataBANK1   0C08
__pintentry                     intentry     0004
__pmaintext                     maintext     0046
__pstrings                      strings      0800
__ptext1                        text1        0F8A
__ptext10                       text10       0C1C
__ptext11                       text11       0C45
__ptext12                       text12       0EAB
__ptext13                       text13       0E29
__ptext14                       text14       02F9
__ptext15                       text15       0C14
__ptext16                       text16       0CAF
__ptext17                       text17       0D26
__ptext18                       text18       0D7B
__ptext19                       text19       0DEB
__ptext2                        text2        0C60
__ptext20                       text20       0C90
__ptext21                       text21       0C75
__ptext22                       text22       0CBF
__ptext23                       text23       0C3C
__ptext24                       text24       0C9F
__ptext25                       text25       0F3D
__ptext26                       text26       0CD0
__ptext27                       text27       0715
__ptext28                       text28       0546
__ptext29                       text29       0C0C
__ptext3                        text3        0E6A
__ptext30                       text30       0C82
__ptext31                       text31       0D05
__ptext32                       text32       0D49
__ptext33                       text33       0DAF
__ptext34                       text34       0EF2
__ptext35                       text35       0CEA
__ptext4                        text4        0790
__ptext5                        text5        0C69
__ptext6                        text6        0C2C
__ptext7                        text7        0C24
__ptext8                        text8        0C57
__ptext9                        text9        0C4E
__size_of_I2C_Idle              (abs)        0000
__size_of_I2C_ReStart           (abs)        0000
__size_of_I2C_Read_Byte         (abs)        0000
__size_of_I2C_Send_NACK         (abs)        0000
__size_of_I2C_Start             (abs)        0000
__size_of_I2C_Stop              (abs)        0000
__size_of_I2C_Write_Byte        (abs)        0000
__size_of_InitI2C_Master        (abs)        0000
__size_of___awmod               (abs)        0000
__size_of___lmul                (abs)        0000
__size_of___lwdiv               (abs)        0000
__size_of___lwmod               (abs)        0000
__size_of___wmul                (abs)        0000
__size_of_configAD              (abs)        0000
__size_of_configADInterrupt     (abs)        0000
__size_of_configRS232           (abs)        0000
__size_of_configTimer           (abs)        0000
__size_of_configUSARTInterrupts (abs)        0000
__size_of_interruptions         (abs)        0000
__size_of_isdigit               (abs)        0000
__size_of_main                  (abs)        0000
__size_of_printf                (abs)        0000
__size_of_putch                 (abs)        0000
__size_of_rand                  (abs)        0000
__size_of_read_RTC_I2c          (abs)        0000
__size_of_selectChanel          (abs)        0000
__size_of_srand                 (abs)        0000
__size_of_strcpy                (abs)        0000
__size_of_write_RTC_I2c         (abs)        0000
__size_ofi1___awmod             (abs)        0000
__size_ofi1___lwdiv             (abs)        0000
__size_ofi1___lwmod             (abs)        0000
__size_ofi1___wmul              (abs)        0000
__size_ofi1_isdigit             (abs)        0000
__size_ofi1_printf              (abs)        0000
__size_ofi1_putch               (abs)        0000
__stringbase                    strings      0805
__stringtab                     strings      0800
_ano                            bssBANK1     00A2
_changing                       bitbssBANK0  02D0
_channel                        dataBANK1    00E8
_configAD                       text24       0C9F
_configADInterrupt              text23       0C3C
_configRS232                    text22       0CBF
_configTimer                    text21       0C75
_configUSARTInterrupts          text20       0C90
_contLedRD4                     bssBANK1     00A3
_contTimer0                     bssBANK1     00A4
_data_ADC                       bssBANK1     00A0
_dia                            bssBANK1     00A5
_dpowers                        strings      0806
_hasAnError                     bitbssBANK0  02D1
_hexpowers                      strings      0810
_hora                           bssBANK1     00A6
_i                              bssBANK0     005B
_id                             dataBANK1    00E9
_interruptions                  text27       0715
_isdigit                        text16       0CAF
_isdigit$889                    cstackBANK0  0034
_leitura                        bssBANK1     00A7
_main                           maintext     0046
_maxCont                        dataBANK1    00EA
_mes                            bssBANK1     00A8
_minCont                        dataBANK1    00EB
_minuto                         bssBANK1     00A9
_printf                         text14       02F9
_putch                          text15       0C14
_rand                           text12       0EAB
_randx                          dataBANK0    0055
_read_RTC_I2c                   text4        0790
_receivedData                   dataBANK0    0059
_segundo                        bssBANK1     00AA
_selectChanel                   text3        0E6A
_srand                          text2        0C60
_strcpy                         text35       0CEA
_string                         bssBANK3     0190
_string_aux                     bssBANK1     00AC
_val                            bssBANK1     00AB
_write_RTC_I2c                  text1        0F8A
btemp                           (abs)        007E
clear_ram0                      clrtext      0C34
end_of_initialization           cinit        0042
i1___awmod                      text34       0EF2
i1___awmod@counter              cstackCOMMON 0075
i1___awmod@dividend             cstackCOMMON 0072
i1___awmod@divisor              cstackCOMMON 0070
i1___awmod@sign                 cstackCOMMON 0076
i1___lwdiv                      text33       0DAF
i1___lwdiv@counter              cstackCOMMON 0077
i1___lwdiv@dividend             cstackCOMMON 0072
i1___lwdiv@divisor              cstackCOMMON 0070
i1___lwdiv@quotient             cstackCOMMON 0075
i1___lwmod                      text32       0D49
i1___lwmod@counter              cstackCOMMON 007D
i1___lwmod@dividend             cstackCOMMON 007A
i1___lwmod@divisor              cstackCOMMON 0078
i1___wmul                       text31       0D05
i1___wmul@multiplicand          cstackCOMMON 0072
i1___wmul@multiplier            cstackCOMMON 0070
i1___wmul@product               cstackCOMMON 0074
i1_isdigit                      text30       0C82
i1_isdigit$889                  cstackCOMMON 0070
i1_printf                       text28       0546
i1_putch                        text29       0C0C
i1isdigit@c                     cstackCOMMON 0071
i1printf@ap                     cstackBANK0  0025
i1printf@c                      cstackBANK0  002C
i1printf@f                      cstackBANK0  0024
i1printf@flag                   cstackBANK0  0027
i1printf@idx                    cstackBANK0  0023
i1printf@prec                   cstackBANK0  0026
i1printf@val                    cstackBANK0  0028
i1printf@width                  cstackBANK0  002A
i1putch@byte                    cstackCOMMON 0070
init_fetch0                     inittext     07E9
init_ram0                       inittext     07ED
interrupt_function              intentry     0004
intlevel0                       functab      0000
intlevel1                       functab      0000
intlevel2                       functab      0000
intlevel3                       functab      0000
intlevel4                       functab      0000
intlevel5                       functab      0000
isdigit@c                       cstackBANK0  0035
ltemp                           (abs)        007E
ltemp0                          (abs)        007E
ltemp1                          (abs)        0082
ltemp2                          (abs)        0086
ltemp3                          (abs)        0080
main@i                          cstackBANK1  00DE
main@i_579                      cstackBANK1  00E0
main@i_580                      cstackBANK1  00E2
main@i_581                      cstackBANK1  00E4
main@i_582                      cstackBANK1  00E6
printf@ap                       cstackBANK1  00C7
printf@c                        cstackBANK1  00CF
printf@f                        cstackBANK1  00CE
printf@flag                     cstackBANK1  00CB
printf@idx                      cstackBANK1  00C6
printf@prec                     cstackBANK1  00C8
printf@val                      cstackBANK1  00C9
printf@width                    cstackBANK1  00CC
putch@byte                      cstackBANK0  0034
read_RTC_I2c@pos_memoria        cstackBANK0  0036
reset_vec                       reset_vec    0000
saved_w                         (abs)        007E
selectChanel@channel            cstackBANK0  0034
srand@x                         cstackBANK0  0034
stackhi                         (abs)        0000
stacklo                         (abs)        0000
start                           init         0012
start_initialization            cinit        0015
strcpy@cp                       cstackCOMMON 0073
strcpy@from                     cstackCOMMON 0070
strcpy@to                       cstackCOMMON 0072
ttemp                           (abs)        007E
ttemp0                          (abs)        007E
ttemp1                          (abs)        0081
ttemp2                          (abs)        0084
ttemp3                          (abs)        0087
ttemp4                          (abs)        007F
wtemp                           (abs)        007E
wtemp0                          (abs)        007E
wtemp1                          (abs)        0080
wtemp2                          (abs)        0082
wtemp3                          (abs)        0084
wtemp4                          (abs)        0086
wtemp5                          (abs)        0088
wtemp6                          (abs)        007F


FUNCTION INFORMATION:

 *************** function _main *****************
 Defined at:
		line 146 in file "main.c"
 Parameters:    Size  Location     Type
		None
 Auto vars:     Size  Location     Type
  i               2   32[BANK1 ] int 
  i               2   30[BANK1 ] int 
  i               2   28[BANK1 ] int 
  i               2   26[BANK1 ] int 
  i               2   24[BANK1 ] int 
 Return value:  Size  Location     Type
		None               void
 Registers used:
		wreg, fsr0l, fsr0h, status,2, status,0, btemp+1, pclath, cstack
 Tracked objects:
		On entry : 
		On exit  : 
		Unchanged: 
 Data sizes:     COMMON   BANK0   BANK1   BANK3   BANK2
      Params:         0       0       0       0       0
      Locals:         0       0      10       0       0
      Temps:          0       0      14       0       0
      Totals:         0       0      24       0       0
Total ram usage:       24 bytes
 Hardware stack levels required when called:    5
 This function calls:
		_InitI2C_Master
		___awmod
		_configAD
		_configADInterrupt
		_configRS232
		_configTimer
		_configUSARTInterrupts
		_printf
		_rand
		_read_RTC_I2c
		_selectChanel
		_srand
		_write_RTC_I2c
 This function is called by:
		Startup code after reset
 This function uses a non-reentrant model


 *************** function _write_RTC_I2c *****************
 Defined at:
		line 92 in file "main.c"
 Parameters:    Size  Location     Type
		None
 Auto vars:     Size  Location     Type
		None
 Return value:  Size  Location     Type
		None               void
 Registers used:
		wreg, status,2, status,0, pclath, cstack
 Tracked objects:
		On entry : 
		On exit  : 
		Unchanged: 
 Data sizes:     COMMON   BANK0   BANK1   BANK3   BANK2
      Params:         0       0       0       0       0
      Locals:         0       0       0       0       0
      Temps:          0       0       0       0       0
      Totals:         0       0       0       0       0
Total ram usage:        0 bytes
 Hardware stack levels used:    1
 Hardware stack levels required when called:    4
 This function calls:
		_I2C_Idle
		_I2C_Start
		_I2C_Stop
		_I2C_Write_Byte
 This function is called by:
		_main
 This function uses a non-reentrant model


 *************** function _srand *****************
 Defined at:
		line 6 in file "C:\Program Files (x86)\Microchip\xc8\v1.35\sources\common\rand.c"
 Parameters:    Size  Location     Type
  x               2   20[BANK0 ] unsigned int 
 Auto vars:     Size  Location     Type
		None
 Return value:  Size  Location     Type
		None               void
 Registers used:
		wreg
 Tracked objects:
		On entry : 
		On exit  : 
		Unchanged: 
 Data sizes:     COMMON   BANK0   BANK1   BANK3   BANK2
      Params:         0       2       0       0       0
      Locals:         0       0       0       0       0
      Temps:          0       0       0       0       0
      Totals:         0       2       0       0       0
Total ram usage:        2 bytes
 Hardware stack levels used:    1
 Hardware stack levels required when called:    3
 This function calls:
		Nothing
 This function is called by:
		_main
 This function uses a non-reentrant model


 *************** function _selectChanel *****************
 Defined at:
		line 53 in file "ad.c"
 Parameters:    Size  Location     Type
  channel         1    wreg     unsigned char 
 Auto vars:     Size  Location     Type
  channel         1   20[BANK0 ] unsigned char 
 Return value:  Size  Location     Type
		None               void
 Registers used:
		wreg, status,2, status,0
 Tracked objects:
		On entry : 
		On exit  : 
		Unchanged: 
 Data sizes:     COMMON   BANK0   BANK1   BANK3   BANK2
      Params:         0       0       0       0       0
      Locals:         0       1       0       0       0
      Temps:          0       0       0       0       0
      Totals:         0       1       0       0       0
Total ram usage:        1 bytes
 Hardware stack levels used:    1
 Hardware stack levels required when called:    3
 This function calls:
		Nothing
 This function is called by:
		_main
 This function uses a non-reentrant model


 *************** function _read_RTC_I2c *****************
 Defined at:
		line 126 in file "main.c"
 Parameters:    Size  Location     Type
  pos_memoria     1    wreg     unsigned char 
 Auto vars:     Size  Location     Type
  pos_memoria     1   22[BANK0 ] unsigned char 
 Return value:  Size  Location     Type
		None               void
 Registers used:
		wreg, status,2, status,0, pclath, cstack
 Tracked objects:
		On entry : 
		On exit  : 
		Unchanged: 
 Data sizes:     COMMON   BANK0   BANK1   BANK3   BANK2
      Params:         0       0       0       0       0
      Locals:         0       1       0       0       0
      Temps:          0       1       0       0       0
      Totals:         0       2       0       0       0
Total ram usage:        2 bytes
 Hardware stack levels used:    1
 Hardware stack levels required when called:    4
 This function calls:
		_I2C_Idle
		_I2C_ReStart
		_I2C_Read_Byte
		_I2C_Send_NACK
		_I2C_Start
		_I2C_Stop
		_I2C_Write_Byte
 This function is called by:
		_main
 This function uses a non-reentrant model


 *************** function _I2C_Write_Byte *****************
 Defined at:
		line 108 in file "i2c.c"
 Parameters:    Size  Location     Type
  Byte            1    wreg     unsigned char 
 Auto vars:     Size  Location     Type
  Byte            1   20[BANK0 ] unsigned char 
 Return value:  Size  Location     Type
		None               void
 Registers used:
		wreg
 Tracked objects:
		On entry : 
		On exit  : 
		Unchanged: 
 Data sizes:     COMMON   BANK0   BANK1   BANK3   BANK2
      Params:         0       0       0       0       0
      Locals:         0       1       0       0       0
      Temps:          0       0       0       0       0
      Totals:         0       1       0       0       0
Total ram usage:        1 bytes
 Hardware stack levels used:    1
 Hardware stack levels required when called:    3
 This function calls:
		Nothing
 This function is called by:
		_write_RTC_I2c
		_read_RTC_I2c
 This function uses a non-reentrant model


 *************** function _I2C_Stop *****************
 Defined at:
		line 88 in file "i2c.c"
 Parameters:    Size  Location     Type
		None
 Auto vars:     Size  Location     Type
		None
 Return value:  Size  Location     Type
		None               void
 Registers used:
		None
 Tracked objects:
		On entry : 
		On exit  : 
		Unchanged: 
 Data sizes:     COMMON   BANK0   BANK1   BANK3   BANK2
      Params:         0       0       0       0       0
      Locals:         0       0       0       0       0
      Temps:          0       0       0       0       0
      Totals:         0       0       0       0       0
Total ram usage:        0 bytes
 Hardware stack levels used:    1
 Hardware stack levels required when called:    3
 This function calls:
		Nothing
 This function is called by:
		_write_RTC_I2c
		_read_RTC_I2c
 This function uses a non-reentrant model


 *************** function _I2C_Start *****************
 Defined at:
		line 74 in file "i2c.c"
 Parameters:    Size  Location     Type
		None
 Auto vars:     Size  Location     Type
		None
 Return value:  Size  Location     Type
		None               void
 Registers used:
		None
 Tracked objects:
		On entry : 
		On exit  : 
		Unchanged: 
 Data sizes:     COMMON   BANK0   BANK1   BANK3   BANK2
      Params:         0       0       0       0       0
      Locals:         0       0       0       0       0
      Temps:          0       0       0       0       0
      Totals:         0       0       0       0       0
Total ram usage:        0 bytes
 Hardware stack levels used:    1
 Hardware stack levels required when called:    3
 This function calls:
		Nothing
 This function is called by:
		_write_RTC_I2c
		_read_RTC_I2c
 This function uses a non-reentrant model


 *************** function _I2C_Send_NACK *****************
 Defined at:
		line 101 in file "i2c.c"
 Parameters:    Size  Location     Type
		None
 Auto vars:     Size  Location     Type
		None
 Return value:  Size  Location     Type
		None               void
 Registers used:
		None
 Tracked objects:
		On entry : 
		On exit  : 
		Unchanged: 
 Data sizes:     COMMON   BANK0   BANK1   BANK3   BANK2
      Params:         0       0       0       0       0
      Locals:         0       0       0       0       0
      Temps:          0       0       0       0       0
      Totals:         0       0       0       0       0
Total ram usage:        0 bytes
 Hardware stack levels used:    1
 Hardware stack levels required when called:    3
 This function calls:
		Nothing
 This function is called by:
		_read_RTC_I2c
 This function uses a non-reentrant model


 *************** function _I2C_Read_Byte *****************
 Defined at:
		line 116 in file "i2c.c"
 Parameters:    Size  Location     Type
		None
 Auto vars:     Size  Location     Type
		None
 Return value:  Size  Location     Type
                  1    wreg      unsigned char 
 Registers used:
		wreg
 Tracked objects:
		On entry : 
		On exit  : 
		Unchanged: 
 Data sizes:     COMMON   BANK0   BANK1   BANK3   BANK2
      Params:         0       0       0       0       0
      Locals:         0       0       0       0       0
      Temps:          0       0       0       0       0
      Totals:         0       0       0       0       0
Total ram usage:        0 bytes
 Hardware stack levels used:    1
 Hardware stack levels required when called:    3
 This function calls:
		Nothing
 This function is called by:
		_read_RTC_I2c
 This function uses a non-reentrant model


 *************** function _I2C_ReStart *****************
 Defined at:
		line 81 in file "i2c.c"
 Parameters:    Size  Location     Type
		None
 Auto vars:     Size  Location     Type
		None
 Return value:  Size  Location     Type
		None               void
 Registers used:
		None
 Tracked objects:
		On entry : 
		On exit  : 
		Unchanged: 
 Data sizes:     COMMON   BANK0   BANK1   BANK3   BANK2
      Params:         0       0       0       0       0
      Locals:         0       0       0       0       0
      Temps:          0       0       0       0       0
      Totals:         0       0       0       0       0
Total ram usage:        0 bytes
 Hardware stack levels used:    1
 Hardware stack levels required when called:    3
 This function calls:
		Nothing
 This function is called by:
		_read_RTC_I2c
 This function uses a non-reentrant model


 *************** function _I2C_Idle *****************
 Defined at:
		line 125 in file "i2c.c"
 Parameters:    Size  Location     Type
		None
 Auto vars:     Size  Location     Type
		None
 Return value:  Size  Location     Type
		None               void
 Registers used:
		wreg, status,2
 Tracked objects:
		On entry : 
		On exit  : 
		Unchanged: 
 Data sizes:     COMMON   BANK0   BANK1   BANK3   BANK2
      Params:         0       0       0       0       0
      Locals:         0       0       0       0       0
      Temps:          0       0       0       0       0
      Totals:         0       0       0       0       0
Total ram usage:        0 bytes
 Hardware stack levels used:    1
 Hardware stack levels required when called:    3
 This function calls:
		Nothing
 This function is called by:
		_write_RTC_I2c
		_read_RTC_I2c
 This function uses a non-reentrant model


 *************** function _rand *****************
 Defined at:
		line 12 in file "C:\Program Files (x86)\Microchip\xc8\v1.35\sources\common\rand.c"
 Parameters:    Size  Location     Type
		None
 Auto vars:     Size  Location     Type
		None
 Return value:  Size  Location     Type
                  2   33[BANK0 ] int 
 Registers used:
		wreg, status,2, status,0, pclath, cstack
 Tracked objects:
		On entry : 
		On exit  : 
		Unchanged: 
 Data sizes:     COMMON   BANK0   BANK1   BANK3   BANK2
      Params:         0       2       0       0       0
      Locals:         0       0       0       0       0
      Temps:          0       5       0       0       0
      Totals:         0       7       0       0       0
Total ram usage:        7 bytes
 Hardware stack levels used:    1
 Hardware stack levels required when called:    4
 This function calls:
		___lmul
 This function is called by:
		_main
 This function uses a non-reentrant model


 *************** function ___lmul *****************
 Defined at:
		line 15 in file "C:\Program Files (x86)\Microchip\xc8\v1.35\sources\common\Umul32.c"
 Parameters:    Size  Location     Type
  multiplier      4   20[BANK0 ] unsigned long 
  multiplicand    4   24[BANK0 ] unsigned long 
 Auto vars:     Size  Location     Type
  product         4   29[BANK0 ] unsigned long 
 Return value:  Size  Location     Type
                  4   20[BANK0 ] unsigned long 
 Registers used:
		wreg, status,2, status,0
 Tracked objects:
		On entry : 
		On exit  : 
		Unchanged: 
 Data sizes:     COMMON   BANK0   BANK1   BANK3   BANK2
      Params:         0       8       0       0       0
      Locals:         0       4       0       0       0
      Temps:          0       1       0       0       0
      Totals:         0      13       0       0       0
Total ram usage:       13 bytes
 Hardware stack levels used:    1
 Hardware stack levels required when called:    3
 This function calls:
		Nothing
 This function is called by:
		_rand
 This function uses a non-reentrant model


 *************** function _printf *****************
 Defined at:
		line 464 in file "C:\Program Files (x86)\Microchip\xc8\v1.35\sources\common\doprnt.c"
 Parameters:    Size  Location     Type
  f               1    wreg     PTR const unsigned char 
		 -> STR_3(2), STR_2(38), STR_1(3), 
 Auto vars:     Size  Location     Type
  f               1    8[BANK1 ] PTR const unsigned char 
		 -> STR_3(2), STR_2(38), STR_1(3), 
  idx             1    0[BANK1 ] unsigned char 
  tmpval          4    0        struct .
  width           2    6[BANK1 ] int 
  val             2    3[BANK1 ] unsigned int 
  cp              2    0        PTR const unsigned char 
  len             2    0        unsigned int 
  c               1    9[BANK1 ] char 
  flag            1    5[BANK1 ] unsigned char 
  prec            1    2[BANK1 ] char 
  ap              1    1[BANK1 ] PTR void [1]
		 -> ?i1_printf(2), ?_printf(2), 
 Return value:  Size  Location     Type
                  2   34[BANK0 ] int 
 Registers used:
		wreg, fsr0l, fsr0h, status,2, status,0, btemp+1, pclath, cstack
 Tracked objects:
		On entry : 
		On exit  : 
		Unchanged: 
 Data sizes:     COMMON   BANK0   BANK1   BANK3   BANK2
      Params:         0      16       0       0       0
      Locals:         0       0      10       0       0
      Temps:          0       3       0       0       0
      Totals:         0      19      10       0       0
Total ram usage:       29 bytes
 Hardware stack levels used:    1
 Hardware stack levels required when called:    4
 This function calls:
		___lwdiv
		___lwmod
		___wmul
		_isdigit
		_putch
 This function is called by:
		_main
 This function uses a non-reentrant model


 *************** function _putch *****************
 Defined at:
		line 46 in file "usart.c"
 Parameters:    Size  Location     Type
  byte            1    wreg     unsigned char 
 Auto vars:     Size  Location     Type
  byte            1   20[BANK0 ] unsigned char 
 Return value:  Size  Location     Type
		None               void
 Registers used:
		wreg
 Tracked objects:
		On entry : 
		On exit  : 
		Unchanged: 
 Data sizes:     COMMON   BANK0   BANK1   BANK3   BANK2
      Params:         0       0       0       0       0
      Locals:         0       1       0       0       0
      Temps:          0       0       0       0       0
      Totals:         0       1       0       0       0
Total ram usage:        1 bytes
 Hardware stack levels used:    1
 Hardware stack levels required when called:    3
 This function calls:
		Nothing
 This function is called by:
		_printf
		_getche
 This function uses a non-reentrant model


 *************** function _isdigit *****************
 Defined at:
		line 8 in file "C:\Program Files (x86)\Microchip\xc8\v1.35\sources\common\isdigit.c"
 Parameters:    Size  Location     Type
  c               1    wreg     unsigned char 
 Auto vars:     Size  Location     Type
  c               1   21[BANK0 ] unsigned char 
 Return value:  Size  Location     Type
		None               void
 Registers used:
		wreg, status,2, status,0
 Tracked objects:
		On entry : 
		On exit  : 
		Unchanged: 
 Data sizes:     COMMON   BANK0   BANK1   BANK3   BANK2
      Params:         0       0       0       0       0
      Locals:         0       2       0       0       0
      Temps:          0       0       0       0       0
      Totals:         0       2       0       0       0
Total ram usage:        2 bytes
 Hardware stack levels used:    1
 Hardware stack levels required when called:    3
 This function calls:
		Nothing
 This function is called by:
		_printf
 This function uses a non-reentrant model


 *************** function ___wmul *****************
 Defined at:
		line 15 in file "C:\Program Files (x86)\Microchip\xc8\v1.35\sources\common\Umul16.c"
 Parameters:    Size  Location     Type
  multiplier      2   20[BANK0 ] unsigned int 
  multiplicand    2   22[BANK0 ] unsigned int 
 Auto vars:     Size  Location     Type
  product         2   24[BANK0 ] unsigned int 
 Return value:  Size  Location     Type
                  2   20[BANK0 ] unsigned int 
 Registers used:
		wreg, status,2, status,0
 Tracked objects:
		On entry : 
		On exit  : 
		Unchanged: 
 Data sizes:     COMMON   BANK0   BANK1   BANK3   BANK2
      Params:         0       4       0       0       0
      Locals:         0       2       0       0       0
      Temps:          0       0       0       0       0
      Totals:         0       6       0       0       0
Total ram usage:        6 bytes
 Hardware stack levels used:    1
 Hardware stack levels required when called:    3
 This function calls:
		Nothing
 This function is called by:
		_printf
 This function uses a non-reentrant model


 *************** function ___lwmod *****************
 Defined at:
		line 6 in file "C:\Program Files (x86)\Microchip\xc8\v1.35\sources\common\lwmod.c"
 Parameters:    Size  Location     Type
  divisor         2   28[BANK0 ] unsigned int 
  dividend        2   30[BANK0 ] unsigned int 
 Auto vars:     Size  Location     Type
  counter         1   33[BANK0 ] unsigned char 
 Return value:  Size  Location     Type
                  2   28[BANK0 ] unsigned int 
 Registers used:
		wreg, status,2, status,0
 Tracked objects:
		On entry : 
		On exit  : 
		Unchanged: 
 Data sizes:     COMMON   BANK0   BANK1   BANK3   BANK2
      Params:         0       4       0       0       0
      Locals:         0       1       0       0       0
      Temps:          0       1       0       0       0
      Totals:         0       6       0       0       0
Total ram usage:        6 bytes
 Hardware stack levels used:    1
 Hardware stack levels required when called:    3
 This function calls:
		Nothing
 This function is called by:
		_printf
 This function uses a non-reentrant model


 *************** function ___lwdiv *****************
 Defined at:
		line 6 in file "C:\Program Files (x86)\Microchip\xc8\v1.35\sources\common\lwdiv.c"
 Parameters:    Size  Location     Type
  divisor         2   20[BANK0 ] unsigned int 
  dividend        2   22[BANK0 ] unsigned int 
 Auto vars:     Size  Location     Type
  quotient        2   25[BANK0 ] unsigned int 
  counter         1   27[BANK0 ] unsigned char 
 Return value:  Size  Location     Type
                  2   20[BANK0 ] unsigned int 
 Registers used:
		wreg, status,2, status,0
 Tracked objects:
		On entry : 
		On exit  : 
		Unchanged: 
 Data sizes:     COMMON   BANK0   BANK1   BANK3   BANK2
      Params:         0       4       0       0       0
      Locals:         0       3       0       0       0
      Temps:          0       1       0       0       0
      Totals:         0       8       0       0       0
Total ram usage:        8 bytes
 Hardware stack levels used:    1
 Hardware stack levels required when called:    3
 This function calls:
		Nothing
 This function is called by:
		_printf
 This function uses a non-reentrant model


 *************** function _configUSARTInterrupts *****************
 Defined at:
		line 32 in file "usart.c"
 Parameters:    Size  Location     Type
		None
 Auto vars:     Size  Location     Type
		None
 Return value:  Size  Location     Type
		None               void
 Registers used:
		None
 Tracked objects:
		On entry : 
		On exit  : 
		Unchanged: 
 Data sizes:     COMMON   BANK0   BANK1   BANK3   BANK2
      Params:         0       0       0       0       0
      Locals:         0       0       0       0       0
      Temps:          0       0       0       0       0
      Totals:         0       0       0       0       0
Total ram usage:        0 bytes
 Hardware stack levels used:    1
 Hardware stack levels required when called:    3
 This function calls:
		Nothing
 This function is called by:
		_main
 This function uses a non-reentrant model


 *************** function _configTimer *****************
 Defined at:
		line 17 in file "timer0.c"
 Parameters:    Size  Location     Type
		None
 Auto vars:     Size  Location     Type
		None
 Return value:  Size  Location     Type
		None               void
 Registers used:
		None
 Tracked objects:
		On entry : 
		On exit  : 
		Unchanged: 
 Data sizes:     COMMON   BANK0   BANK1   BANK3   BANK2
      Params:         0       0       0       0       0
      Locals:         0       0       0       0       0
      Temps:          0       0       0       0       0
      Totals:         0       0       0       0       0
Total ram usage:        0 bytes
 Hardware stack levels used:    1
 Hardware stack levels required when called:    3
 This function calls:
		Nothing
 This function is called by:
		_main
 This function uses a non-reentrant model


 *************** function _configRS232 *****************
 Defined at:
		line 9 in file "usart.c"
 Parameters:    Size  Location     Type
		None
 Auto vars:     Size  Location     Type
		None
 Return value:  Size  Location     Type
		None               void
 Registers used:
		wreg
 Tracked objects:
		On entry : 
		On exit  : 
		Unchanged: 
 Data sizes:     COMMON   BANK0   BANK1   BANK3   BANK2
      Params:         0       0       0       0       0
      Locals:         0       0       0       0       0
      Temps:          0       0       0       0       0
      Totals:         0       0       0       0       0
Total ram usage:        0 bytes
 Hardware stack levels used:    1
 Hardware stack levels required when called:    3
 This function calls:
		Nothing
 This function is called by:
		_main
 This function uses a non-reentrant model


 *************** function _configADInterrupt *****************
 Defined at:
		line 11 in file "ad.c"
 Parameters:    Size  Location     Type
		None
 Auto vars:     Size  Location     Type
		None
 Return value:  Size  Location     Type
		None               void
 Registers used:
		None
 Tracked objects:
		On entry : 
		On exit  : 
		Unchanged: 
 Data sizes:     COMMON   BANK0   BANK1   BANK3   BANK2
      Params:         0       0       0       0       0
      Locals:         0       0       0       0       0
      Temps:          0       0       0       0       0
      Totals:         0       0       0       0       0
Total ram usage:        0 bytes
 Hardware stack levels used:    1
 Hardware stack levels required when called:    3
 This function calls:
		Nothing
 This function is called by:
		_main
 This function uses a non-reentrant model


 *************** function _configAD *****************
 Defined at:
		line 19 in file "ad.c"
 Parameters:    Size  Location     Type
		None
 Auto vars:     Size  Location     Type
		None
 Return value:  Size  Location     Type
		None               void
 Registers used:
		None
 Tracked objects:
		On entry : 
		On exit  : 
		Unchanged: 
 Data sizes:     COMMON   BANK0   BANK1   BANK3   BANK2
      Params:         0       0       0       0       0
      Locals:         0       0       0       0       0
      Temps:          0       0       0       0       0
      Totals:         0       0       0       0       0
Total ram usage:        0 bytes
 Hardware stack levels used:    1
 Hardware stack levels required when called:    3
 This function calls:
		Nothing
 This function is called by:
		_main
 This function uses a non-reentrant model


 *************** function ___awmod *****************
 Defined at:
		line 6 in file "C:\Program Files (x86)\Microchip\xc8\v1.35\sources\common\awmod.c"
 Parameters:    Size  Location     Type
  divisor         2   40[BANK0 ] int 
  dividend        2   42[BANK0 ] int 
 Auto vars:     Size  Location     Type
  sign            1   46[BANK0 ] unsigned char 
  counter         1   45[BANK0 ] unsigned char 
 Return value:  Size  Location     Type
                  2   40[BANK0 ] int 
 Registers used:
		wreg, status,2, status,0
 Tracked objects:
		On entry : 
		On exit  : 
		Unchanged: 
 Data sizes:     COMMON   BANK0   BANK1   BANK3   BANK2
      Params:         0       4       0       0       0
      Locals:         0       2       0       0       0
      Temps:          0       1       0       0       0
      Totals:         0       7       0       0       0
Total ram usage:        7 bytes
 Hardware stack levels used:    1
 Hardware stack levels required when called:    3
 This function calls:
		Nothing
 This function is called by:
		_main
 This function uses a non-reentrant model


 *************** function _InitI2C_Master *****************
 Defined at:
		line 12 in file "i2c.c"
 Parameters:    Size  Location     Type
		None
 Auto vars:     Size  Location     Type
		None
 Return value:  Size  Location     Type
		None               void
 Registers used:
		wreg, status,2
 Tracked objects:
		On entry : 
		On exit  : 
		Unchanged: 
 Data sizes:     COMMON   BANK0   BANK1   BANK3   BANK2
      Params:         0       0       0       0       0
      Locals:         0       0       0       0       0
      Temps:          0       0       0       0       0
      Totals:         0       0       0       0       0
Total ram usage:        0 bytes
 Hardware stack levels used:    1
 Hardware stack levels required when called:    3
 This function calls:
		Nothing
 This function is called by:
		_main
 This function uses a non-reentrant model


 *************** function _interruptions *****************
 Defined at:
		line 47 in file "main.c"
 Parameters:    Size  Location     Type
		None
 Auto vars:     Size  Location     Type
		None
 Return value:  Size  Location     Type
		None               void
 Registers used:
		wreg, fsr0l, fsr0h, status,2, status,0, btemp+1, pclath, cstack
 Tracked objects:
		On entry : 
		On exit  : 
		Unchanged: 
 Data sizes:     COMMON   BANK0   BANK1   BANK3   BANK2
      Params:         0       0       0       0       0
      Locals:         0       0       0       0       0
      Temps:          0       7       0       0       0
      Totals:         0       7       0       0       0
Total ram usage:        7 bytes
 Hardware stack levels used:    1
 Hardware stack levels required when called:    2
 This function calls:
		_strcpy
		i1___awmod
		i1_printf
 This function is called by:
		Interrupt level 1
 This function uses a non-reentrant model


 *************** function i1_printf *****************
 Defined at:
		line 464 in file "C:\Program Files (x86)\Microchip\xc8\v1.35\sources\common\doprnt.c"
 Parameters:    Size  Location     Type
  f               1    wreg     PTR const unsigned char 
		 -> STR_3(2), STR_2(38), STR_1(3), 
 Auto vars:     Size  Location     Type
  f               1    4[BANK0 ] PTR const unsigned char 
		 -> STR_3(2), STR_2(38), STR_1(3), 
  printf          4    0        struct .
  printf          2   10[BANK0 ] int 
  printf          2    8[BANK0 ] unsigned int 
  printf          2    0        PTR const unsigned char 
  printf          2    0        unsigned int 
  printf          1   12[BANK0 ] char 
  printf          1    7[BANK0 ] unsigned char 
  printf          1    6[BANK0 ] char 
  printf          1    5[BANK0 ] PTR void [1]
		 -> ?i1_printf(2), ?_printf(2), 
  printf          1    3[BANK0 ] unsigned char 
 Return value:  Size  Location     Type
                  2    0[None  ] int 
 Registers used:
		wreg, fsr0l, fsr0h, status,2, status,0, btemp+1, pclath, cstack
 Tracked objects:
		On entry : 
		On exit  : 
		Unchanged: 
 Data sizes:     COMMON   BANK0   BANK1   BANK3   BANK2
      Params:         0       0       0       0       0
      Locals:         0      10       0       0       0
      Temps:          0       3       0       0       0
      Totals:         0      13       0       0       0
Total ram usage:       13 bytes
 Hardware stack levels used:    1
 Hardware stack levels required when called:    1
 This function calls:
		i1___lwdiv
		i1___lwmod
		i1___wmul
		i1_isdigit
		i1_putch
 This function is called by:
		_interruptions
 This function uses a non-reentrant model


 *************** function i1_putch *****************
 Defined at:
		line 46 in file "usart.c"
 Parameters:    Size  Location     Type
  byte            1    wreg     unsigned char 
 Auto vars:     Size  Location     Type
  byte            1    0[COMMON] unsigned char 
 Return value:  Size  Location     Type
		None               void
 Registers used:
		wreg
 Tracked objects:
		On entry : 
		On exit  : 
		Unchanged: 
 Data sizes:     COMMON   BANK0   BANK1   BANK3   BANK2
      Params:         0       0       0       0       0
      Locals:         1       0       0       0       0
      Temps:          0       0       0       0       0
      Totals:         1       0       0       0       0
Total ram usage:        1 bytes
 Hardware stack levels used:    1
 This function calls:
		Nothing
 This function is called by:
		i1_printf
 This function uses a non-reentrant model


 *************** function i1_isdigit *****************
 Defined at:
		line 8 in file "C:\Program Files (x86)\Microchip\xc8\v1.35\sources\common\isdigit.c"
 Parameters:    Size  Location     Type
  c               1    wreg     unsigned char 
 Auto vars:     Size  Location     Type
  c               1    1[COMMON] unsigned char 
 Return value:  Size  Location     Type
		None               void
 Registers used:
		wreg, status,2, status,0
 Tracked objects:
		On entry : 
		On exit  : 
		Unchanged: 
 Data sizes:     COMMON   BANK0   BANK1   BANK3   BANK2
      Params:         0       0       0       0       0
      Locals:         2       0       0       0       0
      Temps:          0       0       0       0       0
      Totals:         2       0       0       0       0
Total ram usage:        2 bytes
 Hardware stack levels used:    1
 This function calls:
		Nothing
 This function is called by:
		i1_printf
 This function uses a non-reentrant model


 *************** function i1___wmul *****************
 Defined at:
		line 15 in file "C:\Program Files (x86)\Microchip\xc8\v1.35\sources\common\Umul16.c"
 Parameters:    Size  Location     Type
  multiplier      2    0[COMMON] unsigned int 
  multiplicand    2    2[COMMON] unsigned int 
 Auto vars:     Size  Location     Type
  __wmul          2    4[COMMON] unsigned int 
 Return value:  Size  Location     Type
                  2    0[COMMON] unsigned int 
 Registers used:
		wreg, status,2, status,0
 Tracked objects:
		On entry : 
		On exit  : 
		Unchanged: 
 Data sizes:     COMMON   BANK0   BANK1   BANK3   BANK2
      Params:         4       0       0       0       0
      Locals:         2       0       0       0       0
      Temps:          0       0       0       0       0
      Totals:         6       0       0       0       0
Total ram usage:        6 bytes
 Hardware stack levels used:    1
 This function calls:
		Nothing
 This function is called by:
		i1_printf
 This function uses a non-reentrant model


 *************** function i1___lwmod *****************
 Defined at:
		line 6 in file "C:\Program Files (x86)\Microchip\xc8\v1.35\sources\common\lwmod.c"
 Parameters:    Size  Location     Type
  divisor         2    8[COMMON] unsigned int 
  dividend        2   10[COMMON] unsigned int 
 Auto vars:     Size  Location     Type
  __lwmod         1   13[COMMON] unsigned char 
 Return value:  Size  Location     Type
                  2    8[COMMON] unsigned int 
 Registers used:
		wreg, status,2, status,0
 Tracked objects:
		On entry : 
		On exit  : 
		Unchanged: 
 Data sizes:     COMMON   BANK0   BANK1   BANK3   BANK2
      Params:         4       0       0       0       0
      Locals:         1       0       0       0       0
      Temps:          1       0       0       0       0
      Totals:         6       0       0       0       0
Total ram usage:        6 bytes
 Hardware stack levels used:    1
 This function calls:
		Nothing
 This function is called by:
		i1_printf
 This function uses a non-reentrant model


 *************** function i1___lwdiv *****************
 Defined at:
		line 6 in file "C:\Program Files (x86)\Microchip\xc8\v1.35\sources\common\lwdiv.c"
 Parameters:    Size  Location     Type
  divisor         2    0[COMMON] unsigned int 
  dividend        2    2[COMMON] unsigned int 
 Auto vars:     Size  Location     Type
  __lwdiv         2    5[COMMON] unsigned int 
  __lwdiv         1    7[COMMON] unsigned char 
 Return value:  Size  Location     Type
                  2    0[COMMON] unsigned int 
 Registers used:
		wreg, status,2, status,0
 Tracked objects:
		On entry : 
		On exit  : 
		Unchanged: 
 Data sizes:     COMMON   BANK0   BANK1   BANK3   BANK2
      Params:         4       0       0       0       0
      Locals:         3       0       0       0       0
      Temps:          1       0       0       0       0
      Totals:         8       0       0       0       0
Total ram usage:        8 bytes
 Hardware stack levels used:    1
 This function calls:
		Nothing
 This function is called by:
		i1_printf
 This function uses a non-reentrant model


 *************** function i1___awmod *****************
 Defined at:
		line 6 in file "C:\Program Files (x86)\Microchip\xc8\v1.35\sources\common\awmod.c"
 Parameters:    Size  Location     Type
  divisor         2    0[COMMON] int 
  dividend        2    2[COMMON] int 
 Auto vars:     Size  Location     Type
  __awmod         1    6[COMMON] unsigned char 
  __awmod         1    5[COMMON] unsigned char 
 Return value:  Size  Location     Type
                  2    0[COMMON] int 
 Registers used:
		wreg, status,2, status,0
 Tracked objects:
		On entry : 
		On exit  : 
		Unchanged: 
 Data sizes:     COMMON   BANK0   BANK1   BANK3   BANK2
      Params:         4       0       0       0       0
      Locals:         2       0       0       0       0
      Temps:          1       0       0       0       0
      Totals:         7       0       0       0       0
Total ram usage:        7 bytes
 Hardware stack levels used:    1
 This function calls:
		Nothing
 This function is called by:
		_interruptions
 This function uses a non-reentrant model


 *************** function _strcpy *****************
 Defined at:
		line 8 in file "C:\Program Files (x86)\Microchip\xc8\v1.35\sources\common\strcpy.c"
 Parameters:    Size  Location     Type
  to              1    wreg     PTR unsigned char 
		 -> string(26), 
  from            1    0[COMMON] PTR const unsigned char 
		 -> string_aux(26), 
 Auto vars:     Size  Location     Type
  to              1    2[COMMON] PTR unsigned char 
		 -> string(26), 
  cp              1    3[COMMON] PTR unsigned char 
		 -> string(26), 
 Return value:  Size  Location     Type
                  1    wreg      PTR unsigned char 
 Registers used:
		wreg, fsr0l, fsr0h, status,2, status,0
 Tracked objects:
		On entry : 
		On exit  : 
		Unchanged: 
 Data sizes:     COMMON   BANK0   BANK1   BANK3   BANK2
      Params:         1       0       0       0       0
      Locals:         2       0       0       0       0
      Temps:          1       0       0       0       0
      Totals:         4       0       0       0       0
Total ram usage:        4 bytes
 Hardware stack levels used:    1
 This function calls:
		Nothing
 This function is called by:
		_interruptions
 This function uses a non-reentrant model



MODULE INFORMATION

Module		Function		Class		Link	Load	Size
C:\Program Files (x86)\Microchip\xc8\v1.35\sources\common\Umul32.c
		___lmul        		CODE           	0E29	0000	66

C:\Program Files (x86)\Microchip\xc8\v1.35\sources\common\Umul32.c estimated size: 66

C:\Program Files (x86)\Microchip\xc8\v1.35\sources\common\isdigit.c
		_isdigit       		CODE           	0CAF	0000	17

C:\Program Files (x86)\Microchip\xc8\v1.35\sources\common\isdigit.c estimated size: 17

usart.c
		_putch         		CODE           	0C14	0000	9
		_configUSARTInterrupts		CODE           	0C90	0000	16
		_configRS232   		CODE           	0CBF	0000	18

usart.c estimated size: 43

i2c.c
		_I2C_Idle      		CODE           	0C45	0000	10
		_I2C_Stop      		CODE           	0C2C	0000	9
		_I2C_Write_Byte		CODE           	0C69	0000	13
		_I2C_Read_Byte 		CODE           	0C4E	0000	10
		_I2C_Send_NACK 		CODE           	0C57	0000	10
		_InitI2C_Master		CODE           	0CD0	0000	27
		_I2C_Start     		CODE           	0C24	0000	9
		_I2C_ReStart   		CODE           	0C1C	0000	9

i2c.c estimated size: 97

C:\Program Files (x86)\Microchip\xc8\v1.35\sources\common\strcpy.c
		_strcpy        		CODE           	0CEA	0000	28

C:\Program Files (x86)\Microchip\xc8\v1.35\sources\common\strcpy.c estimated size: 28

ad.c
		_configAD      		CODE           	0C9F	0000	17
		_configADInterrupt		CODE           	0C3C	0000	10
		_selectChanel  		CODE           	0E6A	0000	66

ad.c estimated size: 93

C:\Program Files (x86)\Microchip\xc8\v1.35\sources\common\rand.c
		_srand         		CODE           	0C60	0000	10
		_rand          		CODE           	0EAB	0000	72

C:\Program Files (x86)\Microchip\xc8\v1.35\sources\common\rand.c estimated size: 82

timer0.c
		_configTimer   		CODE           	0C75	0000	14

timer0.c estimated size: 14

C:\Program Files (x86)\Microchip\xc8\v1.35\sources\common\lwmod.c
		___lwmod       		CODE           	0D7B	0000	53

C:\Program Files (x86)\Microchip\xc8\v1.35\sources\common\lwmod.c estimated size: 53

C:\Program Files (x86)\Microchip\xc8\v1.35\sources\common\doprnt.c
		_printf        		CODE           	02F9	0000	590

C:\Program Files (x86)\Microchip\xc8\v1.35\sources\common\doprnt.c estimated size: 590

shared
		i1_printf      		CODE           	0546	0000	464
		i1_putch       		CODE           	0C0C	0000	9
		__stringtab    		STRING         	0800	0000	7
		i1___lwdiv     		CODE           	0DAF	0000	61
		_dpowers       		STRING         	0806	0000	11
		i1_isdigit     		CODE           	0C82	0000	15
		i1___wmul      		CODE           	0D05	0000	34
		i1___lwmod     		CODE           	0D49	0000	51
		__initialization		CODE           	0015	0000	46
		i1___awmod     		CODE           	0EF2	0000	76
		_hexpowers     		STRING         	0810	0000	9

shared estimated size: 783

C:\Program Files (x86)\Microchip\xc8\v1.35\sources\common\awmod.c
		___awmod       		CODE           	0F3D	0000	78

C:\Program Files (x86)\Microchip\xc8\v1.35\sources\common\awmod.c estimated size: 78

C:\Program Files (x86)\Microchip\xc8\v1.35\sources\common\lwdiv.c
		___lwdiv       		CODE           	0DEB	0000	63

C:\Program Files (x86)\Microchip\xc8\v1.35\sources\common\lwdiv.c estimated size: 63

C:\Program Files (x86)\Microchip\xc8\v1.35\sources\common\Umul16.c
		___wmul        		CODE           	0D26	0000	36

C:\Program Files (x86)\Microchip\xc8\v1.35\sources\common\Umul16.c estimated size: 36

main.c
		_main          		CODE           	0046	0000	692
		_read_RTC_I2c  		CODE           	0790	0000	90
		_interruptions 		CODE           	0715	0000	124
		_write_RTC_I2c 		CODE           	0F8A	0000	119

main.c estimated size: 1025

