Microchip MPLAB XC8 Compiler V1.35 ()

Linker command line:

--edf=C:\Program Files (x86)\Microchip\xc8\v1.35\dat\en_msgs.txt -cs \
  -h+dist/default/production\16F_Functional_v1.0.X.production.sym \
  --cmf=dist/default/production\16F_Functional_v1.0.X.production.cmf -z \
  -Q16F877A -oC:\Users\Nathan\AppData\Local\Temp\s2f8.2 \
  -Mdist/default/production/16F_Functional_v1.0.X.production.map -E1 \
  -ver=XC8 -ASTACK=0110h-016fh -pstack=STACK -ACODE=00h-07FFhx4 \
  -ASTRCODE=00h-01FFFh -ASTRING=00h-0FFhx32 -ACONST=00h-0FFhx32 \
  -AENTRY=00h-0FFhx32 -ACOMMON=070h-07Fh -ABANK0=020h-06Fh \
  -ABANK1=0A0h-0EFh -ABANK2=0110h-016Fh -ABANK3=0190h-01EFh \
  -ARAM=020h-06Fh,0A0h-0EFh,0110h-016Fh,0190h-01EFh \
  -AABS1=020h-07Fh,0A0h-0EFh,0110h-016Fh,0190h-01EFh -ASFR0=00h-01Fh \
  -ASFR1=080h-09Fh -ASFR2=0100h-010Fh -ASFR3=0180h-018Fh \
  -preset_vec=00h,intentry=04h,init,end_init -ppowerup=CODE -pcinit=CODE \
  -pfunctab=CODE -ACONFIG=02007h-02007h -pconfig=CONFIG -DCONFIG=2 \
  -AIDLOC=02000h-02003h -pidloc=IDLOC -DIDLOC=2 -AEEDATA=00h-0FFh/02100h \
  -peeprom_data=EEDATA -DEEDATA=2 -DCODE=2 -DSTRCODE=2 -DSTRING=2 -DCONST=2 \
  -DENTRY=2 -k C:\Users\Nathan\AppData\Local\Temp\s2f8.obj \
  dist/default/production\16F_Functional_v1.0.X.production.obj 

Object code version is 3.11

Machine type is 16F877A



                Name                               Link     Load   Length Selector   Space Scale
C:\Users\Nathan\AppData\Local\Temp\s2f8.obj
                end_init                             12       12        3        8       0
                reset_vec                             0        0        3        0       0
                config                             2007     2007        1     400E       0
dist/default/production\16F_Functional_v1.0.X.production.obj
                cinit                                15       15       16        8       0
                intentry                              4        4        E        8       0
                text30                              684      684       4B      B60       0
                text29                              FCA      FCA       1A     1F94       0
                text28                              74E      74E       3C      B60       0
                text27                              7BE      7BE       32      B60       0
                text26                              4C9      4C9       21        8       0
                text25                              F9D      F9D        E     1F3A       0
                text24                              F30      F30        8     1E60       0
                text23                              1FC      1FC      1CF        8       0
                text22                              5B0      5B0       7D      B60       0
                text21                              FE4      FE4       1C     1FC8       0
                text20                              FBA      FBA       10     1F74       0
                text19                              F60      F60        9     1EC0       0
                text18                              4EA      4EA       10        8       0
                text17                              F90      F90        D     1F20       0
                text16                              FAB      FAB        F     1F56       0
                text15                              710      710       3E      B60       0
                text14                              78A      78A       34      B60       0
                text13                              4A6      4A6       23        8       0
                text12                              7F0      7F0       10      B60       0
                text11                              F38      F38        8     1E70       0
                text10                               2B       2B      1D1        8       0
                text9                               F69      F69        9     1ED2       0
                text8                               F40      F40        8     1E80       0
                text7                               F72      F72        9     1EE4       0
                text6                               F7B      F7B        9     1EF6       0
                text5                               F48      F48        8     1E90       0
                text4                               F50      F50        8     1EA0       0
                text3                               F84      F84        C     1F08       0
                text2                               62D      62D       57      B60       0
                text1                               6CF      6CF       41      B60       0
                maintext                            3CB      3CB       DB        8       0
                cstackBANK0                          20       20       36       20       1
                cstackCOMMON                         70       70        E       70       1
                clrtext                             F58      F58        8     1EB0       0
                bssBANK1                             A0       A0       34       A0       1
                dataBANK0                            5B       5B        1       20       1
                bssBANK0                             56       56        4       20       1
                bitbssBANK0                         2D0       5A        2       20       1     8
                strings                             500      500       B0      A00       0
                idataBANK0                          4FA      4FA        1        8       0

TOTAL           Name                               Link     Load   Length     Space
        CLASS   STACK          

        CLASS   CODE           
                end_init                             12       12        3         0
                cinit                                15       15       16         0
                intentry                              4        4        E         0
                reset_vec                             0        0        3         0
                text30                              684      684       4B         0
                text29                              FCA      FCA       1A         0
                text28                              74E      74E       3C         0
                text27                              7BE      7BE       32         0
                text26                              4C9      4C9       21         0
                text25                              F9D      F9D        E         0
                text24                              F30      F30        8         0
                text23                              1FC      1FC      1CF         0
                text22                              5B0      5B0       7D         0
                text21                              FE4      FE4       1C         0
                text20                              FBA      FBA       10         0
                text19                              F60      F60        9         0
                text18                              4EA      4EA       10         0
                text17                              F90      F90        D         0
                text16                              FAB      FAB        F         0
                text15                              710      710       3E         0
                text14                              78A      78A       34         0
                text13                              4A6      4A6       23         0
                text12                              7F0      7F0       10         0
                text11                              F38      F38        8         0
                text10                               2B       2B      1D1         0
                text9                               F69      F69        9         0
                text8                               F40      F40        8         0
                text7                               F72      F72        9         0
                text6                               F7B      F7B        9         0
                text5                               F48      F48        8         0
                text4                               F50      F50        8         0
                text3                               F84      F84        C         0
                text2                               62D      62D       57         0
                text1                               6CF      6CF       41         0
                maintext                            3CB      3CB       DB         0
                clrtext                             F58      F58        8         0
                idataBANK0                          4FA      4FA        1         0

        CLASS   STRCODE        

        CLASS   STRING         
                strings                             500      500       B0         0

        CLASS   CONST          

        CLASS   ENTRY          

        CLASS   COMMON         
                cstackCOMMON                         70       70        E         1

        CLASS   BANK0          
                cstackBANK0                          20       20       36         1
                dataBANK0                            5B       5B        1         1
                bssBANK0                             56       56        4         1
                bitbssBANK0                         2D0       5A        2         1

        CLASS   BANK1          
                bssBANK1                             A0       A0       34         1

        CLASS   BANK2          

        CLASS   BANK3          

        CLASS   RAM            

        CLASS   ABS1           
                abs_s1                               7E       7E        2         1

        CLASS   SFR0           

        CLASS   SFR1           

        CLASS   SFR2           

        CLASS   SFR3           

        CLASS   CONFIG         
                config                             2007     2007        1         0

        CLASS   IDLOC          

        CLASS   EEDATA         



SEGMENTS        Name                           Load    Length   Top    Selector   Space  Class     Delta

                reset_vec                      000000  000003  000003         0       0  CODE        2
                intentry                       000004  0004F7  0004FB         8       0  CODE        2
                cstackBANK0                    000020  00003C  00005C        20       1  BANK0       1
                cstackCOMMON                   000070  00000E  00007E        70       1  COMMON      1
                bssBANK1                       0000A0  000034  0000D4        A0       1  BANK1       1
                strings                        000500  0000B0  0005B0       A00       0  STRING      2
                text22                         0005B0  000250  000800       B60       0  CODE        2
                text24                         000F30  000008  000F38      1E60       0  CODE        2
                text11                         000F38  000008  000F40      1E70       0  CODE        2
                text8                          000F40  000008  000F48      1E80       0  CODE        2
                text5                          000F48  000008  000F50      1E90       0  CODE        2
                text4                          000F50  000008  000F58      1EA0       0  CODE        2
                clrtext                        000F58  000008  000F60      1EB0       0  CODE        2
                text19                         000F60  000009  000F69      1EC0       0  CODE        2
                text9                          000F69  000009  000F72      1ED2       0  CODE        2
                text7                          000F72  000009  000F7B      1EE4       0  CODE        2
                text6                          000F7B  000009  000F84      1EF6       0  CODE        2
                text3                          000F84  00000C  000F90      1F08       0  CODE        2
                text17                         000F90  00000D  000F9D      1F20       0  CODE        2
                text25                         000F9D  00000E  000FAB      1F3A       0  CODE        2
                text16                         000FAB  00000F  000FBA      1F56       0  CODE        2
                text20                         000FBA  000010  000FCA      1F74       0  CODE        2
                text29                         000FCA  00001A  000FE4      1F94       0  CODE        2
                text21                         000FE4  00001C  001000      1FC8       0  CODE        2
                config                         002007  000001  002008      400E       0  CONFIG      2


UNUSED ADDRESS RANGES

        Name                Unused          Largest block    Delta
        BANK0            005C-006F             14           1
        BANK1            00D4-00EF             1C           1
        BANK2            0110-016F             60           1
        BANK3            0190-01EF             60           1
        CODE             0003-0003              1           2
                         04FB-04FF              5
                         0800-0F2F            730
                         1000-1FFF            800
        CONST            0003-0003              1           2
                         04FB-04FF              5
                         0800-0F2F            100
                         1000-1FFF            100
        EEDATA           2100-21FF            100           2
        ENTRY            0003-0003              1           2
                         04FB-04FF              5
                         0800-0F2F            100
                         1000-1FFF            100
        IDLOC            2000-2003              4           2
        RAM              005C-006F             14           1
                         00D4-00EF             1C
                         0110-016F             60
                         0190-01EF             60
        SFR0             0000-001F             20           1
        SFR1             0080-009F             20           1
        SFR2             0100-010F             10           1
        SFR3             0180-018F             10           1
        STACK            0110-016F             60           1
        STRCODE          0003-0003              1           2
                         04FB-04FF              5
                         0800-0F2F            730
                         1000-1FFF           1000
        STRING           0003-0003              1           2
                         04FB-04FF              5
                         0800-0F2F            100
                         1000-1FFF            100

                                  Symbol Table

?___awmod                       cstackCOMMON 0070
?___lwdiv                       cstackBANK0  0034
?___lwmod                       cstackBANK0  003C
?___wmul                        cstackBANK0  0034
?_printf                        cstackBANK0  0042
?i1___lwdiv                     cstackCOMMON 0070
?i1___lwmod                     cstackCOMMON 0078
?i1___wmul                      cstackCOMMON 0070
?i1_printf                      cstackCOMMON 0070
I2C_Write_Byte@Byte             cstackBANK0  0034
_ADCON0bits                     (abs)        001F
_ADCON1bits                     (abs)        009F
_ADCS0                          (abs)        00FE
_ADCS1                          (abs)        00FF
_ADCS2                          (abs)        04FE
_ADFM                           (abs)        04FF
_ADON                           (abs)        00F8
_ADRESH                         (abs)        001E
_ADRESL                         (abs)        009E
_BRGH                           (abs)        04C2
_CKP                            (abs)        00A4
_CREN                           (abs)        00C4
_FERR                           (abs)        00C2
_GIE                            (abs)        005F
_I2C_Idle                       text9        0F69
_I2C_ReStart                    text8        0F40
_I2C_Read_Byte                  text7        0F72
_I2C_Send_NACK                  text6        0F7B
_I2C_Start                      text5        0F48
_I2C_Stop                       text4        0F50
_I2C_Write_Byte                 text3        0F84
_INTCONbits                     (abs)        000B
_InitI2C_Master                 text21       0FE4
_OERR                           (abs)        00C1
_OPTION_REGbits                 (abs)        0081
_PEIE                           (abs)        005E
_PIE1bits                       (abs)        008C
_PIR1bits                       (abs)        000C
_PORTDbits                      (abs)        0008
_RC3                            (abs)        003B
_RC4                            (abs)        003C
_RCIE                           (abs)        0465
_RCIF                           (abs)        0065
_RCREG                          (abs)        001A
_RX9                            (abs)        00C6
_SPBRG                          (abs)        0099
_SPEN                           (abs)        00C7
_SSPADD                         (abs)        0093
_SSPBUF                         (abs)        0013
_SSPCON2                        (abs)        0091
_SSPCON2bits                    (abs)        0091
_SSPEN                          (abs)        00A5
_SSPIF                          (abs)        0063
_SSPM0                          (abs)        00A0
_SSPM1                          (abs)        00A1
_SSPM2                          (abs)        00A2
_SSPM3                          (abs)        00A3
_SSPOV                          (abs)        00A6
_SSPSTAT                        (abs)        0094
_SSPSTATbits                    (abs)        0094
_SYNC                           (abs)        04C4
_TRISD3                         (abs)        0443
_TRISD4                         (abs)        0444
_TX9                            (abs)        04C6
_TXEN                           (abs)        04C5
_TXIE                           (abs)        0464
_TXIF                           (abs)        0064
_TXREG                          (abs)        0019
_WCOL                           (abs)        00A7
__CFG_BOREN$ON                  (abs)        0000
__CFG_CP$OFF                    (abs)        0000
__CFG_CPD$OFF                   (abs)        0000
__CFG_FOSC$EXTRC                (abs)        0000
__CFG_LVP$ON                    (abs)        0000
__CFG_PWRTE$OFF                 (abs)        0000
__CFG_WDTE$ON                   (abs)        0000
__CFG_WRT$OFF                   (abs)        0000
__Habs1                         abs1         0000
__Hbank0                        bank0        0000
__Hbank1                        bank1        0000
__Hbank2                        bank2        0000
__Hbank3                        bank3        0000
__HbitbssBANK0                  bitbssBANK0  0000
__HbssBANK0                     bssBANK0     0000
__HbssBANK1                     bssBANK1     0000
__Hcinit                        cinit        002B
__Hclrtext                      clrtext      0000
__Hcode                         code         0000
__Hcommon                       common       0000
__Hconfig                       config       2008
__HcstackBANK0                  cstackBANK0  0000
__HcstackCOMMON                 cstackCOMMON 0000
__HdataBANK0                    dataBANK0    0000
__Heeprom_data                  eeprom_data  0000
__Hend_init                     end_init     0015
__Hfunctab                      functab      0000
__HidataBANK0                   idataBANK0   0000
__Hidloc                        idloc        0000
__Hinit                         init         0012
__Hintentry                     intentry     0012
__Hmaintext                     maintext     0000
__Hpowerup                      powerup      0000
__Hram                          ram          0000
__Hreset_vec                    reset_vec    0003
__Hsfr0                         sfr0         0000
__Hsfr1                         sfr1         0000
__Hsfr2                         sfr2         0000
__Hsfr3                         sfr3         0000
__Hspace_0                      (abs)        2008
__Hspace_1                      (abs)        02D2
__Hspace_2                      (abs)        0000
__Hspace_3                      (abs)        0000
__Hstack                        stack        0000
__Hstrings                      strings      0000
__Htext                         text         0000
__Labs1                         abs1         0000
__Lbank0                        bank0        0000
__Lbank1                        bank1        0000
__Lbank2                        bank2        0000
__Lbank3                        bank3        0000
__LbitbssBANK0                  bitbssBANK0  0000
__LbssBANK0                     bssBANK0     0000
__LbssBANK1                     bssBANK1     0000
__Lcinit                        cinit        0015
__Lclrtext                      clrtext      0000
__Lcode                         code         0000
__Lcommon                       common       0000
__Lconfig                       config       2007
__LcstackBANK0                  cstackBANK0  0000
__LcstackCOMMON                 cstackCOMMON 0000
__LdataBANK0                    dataBANK0    0000
__Leeprom_data                  eeprom_data  0000
__Lend_init                     end_init     0012
__Lfunctab                      functab      0000
__LidataBANK0                   idataBANK0   0000
__Lidloc                        idloc        0000
__Linit                         init         0012
__Lintentry                     intentry     0004
__Lmaintext                     maintext     0000
__Lpowerup                      powerup      0000
__Lram                          ram          0000
__Lreset_vec                    reset_vec    0000
__Lsfr0                         sfr0         0000
__Lsfr1                         sfr1         0000
__Lsfr2                         sfr2         0000
__Lsfr3                         sfr3         0000
__Lspace_0                      (abs)        0000
__Lspace_1                      (abs)        0000
__Lspace_2                      (abs)        0000
__Lspace_3                      (abs)        0000
__Lstack                        stack        0000
__Lstrings                      strings      0000
__Ltext                         text         0000
__S0                            (abs)        2008
__S1                            (abs)        00D4
__S2                            (abs)        0000
__S3                            (abs)        0000
___awmod                        text30       0684
___awmod@counter                cstackCOMMON 0075
___awmod@dividend               cstackCOMMON 0072
___awmod@divisor                cstackCOMMON 0070
___awmod@sign                   cstackCOMMON 0076
___int_sp                       stack        0000
___latbits                      (abs)        0002
___lwdiv                        text15       0710
___lwdiv@counter                cstackBANK0  003B
___lwdiv@dividend               cstackBANK0  0036
___lwdiv@divisor                cstackBANK0  0034
___lwdiv@quotient               cstackBANK0  0039
___lwmod                        text14       078A
___lwmod@counter                cstackBANK0  0041
___lwmod@dividend               cstackBANK0  003E
___lwmod@divisor                cstackBANK0  003C
___sp                           stack        0000
___wmul                         text13       04A6
___wmul@multiplicand            cstackBANK0  0036
___wmul@multiplier              cstackBANK0  0034
___wmul@product                 cstackBANK0  0038
__end_of_I2C_Idle               text9        0F72
__end_of_I2C_ReStart            text8        0F48
__end_of_I2C_Read_Byte          text7        0F7B
__end_of_I2C_Send_NACK          text6        0F84
__end_of_I2C_Start              text5        0F50
__end_of_I2C_Stop               text4        0F58
__end_of_I2C_Write_Byte         text3        0F90
__end_of_InitI2C_Master         text21       1000
__end_of___awmod                text30       06CF
__end_of___lwdiv                text15       074E
__end_of___lwmod                text14       07BE
__end_of___wmul                 text13       04C9
__end_of__initialization        cinit        0027
__end_of__stringtab             strings      0506
__end_of_configAD               text20       0FCA
__end_of_configADInterrupt      text19       0F69
__end_of_configRS232            text18       04FA
__end_of_configTimer            text17       0F9D
__end_of_configUSARTInterrupts  text16       0FBA
__end_of_dpowers                strings      0510
__end_of_hexpowers              strings      0518
__end_of_interruptions          text22       062D
__end_of_isdigit                text12       0800
__end_of_main                   maintext     04A6
__end_of_printf                 text10       01FC
__end_of_putch                  text11       0F40
__end_of_read_RTC_I2c           text2        0684
__end_of_selectChanel           text1        0710
__end_of_strcpy                 text29       0FE4
__end_ofi1___lwdiv              text28       078A
__end_ofi1___lwmod              text27       07F0
__end_ofi1___wmul               text26       04EA
__end_ofi1_isdigit              text25       0FAB
__end_ofi1_printf               text23       03CB
__end_ofi1_putch                text24       0F38
__initialization                cinit        0015
__pbitbssBANK0                  bitbssBANK0  02D0
__pbssBANK0                     bssBANK0     0056
__pbssBANK1                     bssBANK1     00A0
__pcstackBANK0                  cstackBANK0  0020
__pcstackCOMMON                 cstackCOMMON 0070
__pdataBANK0                    dataBANK0    005B
__pidataBANK0                   idataBANK0   04FA
__pintentry                     intentry     0004
__pmaintext                     maintext     03CB
__pstrings                      strings      0500
__ptext1                        text1        06CF
__ptext10                       text10       002B
__ptext11                       text11       0F38
__ptext12                       text12       07F0
__ptext13                       text13       04A6
__ptext14                       text14       078A
__ptext15                       text15       0710
__ptext16                       text16       0FAB
__ptext17                       text17       0F90
__ptext18                       text18       04EA
__ptext19                       text19       0F60
__ptext2                        text2        062D
__ptext20                       text20       0FBA
__ptext21                       text21       0FE4
__ptext22                       text22       05B0
__ptext23                       text23       01FC
__ptext24                       text24       0F30
__ptext25                       text25       0F9D
__ptext26                       text26       04C9
__ptext27                       text27       07BE
__ptext28                       text28       074E
__ptext29                       text29       0FCA
__ptext3                        text3        0F84
__ptext30                       text30       0684
__ptext4                        text4        0F50
__ptext5                        text5        0F48
__ptext6                        text6        0F7B
__ptext7                        text7        0F72
__ptext8                        text8        0F40
__ptext9                        text9        0F69
__size_of_I2C_Idle              (abs)        0000
__size_of_I2C_ReStart           (abs)        0000
__size_of_I2C_Read_Byte         (abs)        0000
__size_of_I2C_Send_NACK         (abs)        0000
__size_of_I2C_Start             (abs)        0000
__size_of_I2C_Stop              (abs)        0000
__size_of_I2C_Write_Byte        (abs)        0000
__size_of_InitI2C_Master        (abs)        0000
__size_of___awmod               (abs)        0000
__size_of___lwdiv               (abs)        0000
__size_of___lwmod               (abs)        0000
__size_of___wmul                (abs)        0000
__size_of_configAD              (abs)        0000
__size_of_configADInterrupt     (abs)        0000
__size_of_configRS232           (abs)        0000
__size_of_configTimer           (abs)        0000
__size_of_configUSARTInterrupts (abs)        0000
__size_of_interruptions         (abs)        0000
__size_of_isdigit               (abs)        0000
__size_of_main                  (abs)        0000
__size_of_printf                (abs)        0000
__size_of_putch                 (abs)        0000
__size_of_read_RTC_I2c          (abs)        0000
__size_of_selectChanel          (abs)        0000
__size_of_strcpy                (abs)        0000
__size_ofi1___lwdiv             (abs)        0000
__size_ofi1___lwmod             (abs)        0000
__size_ofi1___wmul              (abs)        0000
__size_ofi1_isdigit             (abs)        0000
__size_ofi1_printf              (abs)        0000
__size_ofi1_putch               (abs)        0000
__stringbase                    strings      0505
__stringtab                     strings      0500
_configAD                       text20       0FBA
_configADInterrupt              text19       0F60
_configRS232                    text18       04EA
_configTimer                    text17       0F90
_configUSARTInterrupts          text16       0FAB
_data_ADC                       bssBANK0     0056
_dpowers                        strings      0506
_hasAnError                     bitbssBANK0  02D0
_hexpowers                      strings      0510
_i                              bssBANK0     0058
_interruptions                  text22       05B0
_isdigit                        text12       07F0
_isdigit$805                    cstackBANK0  0034
_leitura                        bssBANK0     0059
_main                           maintext     03CB
_printf                         text10       002B
_putch                          text11       0F38
_read_RTC_I2c                   text2        062D
_receivedData                   dataBANK0    005B
_selectChanel                   text1        06CF
_strcpy                         text29       0FCA
_string                         bssBANK1     00A0
_string_aux                     bssBANK1     00BA
_val                            bitbssBANK0  02D1
btemp                           (abs)        007E
clear_ram0                      clrtext      0F58
end_of_initialization           cinit        0027
i1___lwdiv                      text28       074E
i1___lwdiv@counter              cstackCOMMON 0077
i1___lwdiv@dividend             cstackCOMMON 0072
i1___lwdiv@divisor              cstackCOMMON 0070
i1___lwdiv@quotient             cstackCOMMON 0075
i1___lwmod                      text27       07BE
i1___lwmod@counter              cstackCOMMON 007D
i1___lwmod@dividend             cstackCOMMON 007A
i1___lwmod@divisor              cstackCOMMON 0078
i1___wmul                       text26       04C9
i1___wmul@multiplicand          cstackCOMMON 0072
i1___wmul@multiplier            cstackCOMMON 0070
i1___wmul@product               cstackCOMMON 0074
i1_isdigit                      text25       0F9D
i1_isdigit$805                  cstackCOMMON 0070
i1_printf                       text23       01FC
i1_putch                        text24       0F30
i1isdigit@c                     cstackCOMMON 0071
i1printf@ap                     cstackBANK0  0025
i1printf@c                      cstackBANK0  002C
i1printf@f                      cstackBANK0  0024
i1printf@flag                   cstackBANK0  0027
i1printf@idx                    cstackBANK0  0023
i1printf@prec                   cstackBANK0  0026
i1printf@val                    cstackBANK0  0028
i1printf@width                  cstackBANK0  002A
i1putch@byte                    cstackCOMMON 0070
interrupt_function              intentry     0004
intlevel0                       functab      0000
intlevel1                       functab      0000
intlevel2                       functab      0000
intlevel3                       functab      0000
intlevel4                       functab      0000
intlevel5                       functab      0000
isdigit@c                       cstackBANK0  0035
ltemp                           (abs)        007E
ltemp0                          (abs)        007E
ltemp1                          (abs)        0082
ltemp2                          (abs)        0086
ltemp3                          (abs)        0080
main@channel                    cstackBANK0  0053
main@i                          cstackBANK0  0054
printf@ap                       cstackBANK0  0048
printf@c                        cstackBANK0  0050
printf@f                        cstackBANK0  004F
printf@flag                     cstackBANK0  004C
printf@idx                      cstackBANK0  0047
printf@prec                     cstackBANK0  0049
printf@val                      cstackBANK0  004A
printf@width                    cstackBANK0  004D
putch@byte                      cstackBANK0  0034
read_RTC_I2c@pos_memoria        cstackBANK0  0036
reset_vec                       reset_vec    0000
saved_w                         (abs)        007E
selectChanel@channel            cstackBANK0  0034
stackhi                         (abs)        0000
stacklo                         (abs)        0000
start                           init         0012
start_initialization            cinit        0015
strcpy@cp                       cstackCOMMON 0073
strcpy@from                     cstackCOMMON 0070
strcpy@to                       cstackCOMMON 0072
ttemp                           (abs)        007E
ttemp0                          (abs)        007E
ttemp1                          (abs)        0081
ttemp2                          (abs)        0084
ttemp3                          (abs)        0087
ttemp4                          (abs)        007F
wtemp                           (abs)        007E
wtemp0                          (abs)        007E
wtemp1                          (abs)        0080
wtemp2                          (abs)        0082
wtemp3                          (abs)        0084
wtemp4                          (abs)        0086
wtemp5                          (abs)        0088
wtemp6                          (abs)        007F


FUNCTION INFORMATION:

 *************** function _main *****************
 Defined at:
		line 130 in file "main.c"
 Parameters:    Size  Location     Type
		None
 Auto vars:     Size  Location     Type
  i               2   52[BANK0 ] int 
  channel         1   51[BANK0 ] unsigned char 
 Return value:  Size  Location     Type
		None               void
 Registers used:
		wreg, fsr0l, fsr0h, status,2, status,0, btemp+1, pclath, cstack
 Tracked objects:
		On entry : 
		On exit  : 
		Unchanged: 
 Data sizes:     COMMON   BANK0   BANK1   BANK3   BANK2
      Params:         0       0       0       0       0
      Locals:         0       3       0       0       0
      Temps:          0       2       0       0       0
      Totals:         0       5       0       0       0
Total ram usage:        5 bytes
 Hardware stack levels required when called:    5
 This function calls:
		_InitI2C_Master
		_configAD
		_configADInterrupt
		_configRS232
		_configTimer
		_configUSARTInterrupts
		_printf
		_read_RTC_I2c
		_selectChanel
 This function is called by:
		Startup code after reset
 This function uses a non-reentrant model


 *************** function _selectChanel *****************
 Defined at:
		line 53 in file "ad.c"
 Parameters:    Size  Location     Type
  channel         1    wreg     unsigned char 
 Auto vars:     Size  Location     Type
  channel         1   20[BANK0 ] unsigned char 
 Return value:  Size  Location     Type
		None               void
 Registers used:
		wreg, status,2, status,0
 Tracked objects:
		On entry : 
		On exit  : 
		Unchanged: 
 Data sizes:     COMMON   BANK0   BANK1   BANK3   BANK2
      Params:         0       0       0       0       0
      Locals:         0       1       0       0       0
      Temps:          0       0       0       0       0
      Totals:         0       1       0       0       0
Total ram usage:        1 bytes
 Hardware stack levels used:    1
 Hardware stack levels required when called:    3
 This function calls:
		Nothing
 This function is called by:
		_main
 This function uses a non-reentrant model


 *************** function _read_RTC_I2c *****************
 Defined at:
		line 111 in file "main.c"
 Parameters:    Size  Location     Type
  pos_memoria     1    wreg     unsigned char 
 Auto vars:     Size  Location     Type
  pos_memoria     1   22[BANK0 ] unsigned char 
 Return value:  Size  Location     Type
		None               void
 Registers used:
		wreg, status,2, status,0, pclath, cstack
 Tracked objects:
		On entry : 
		On exit  : 
		Unchanged: 
 Data sizes:     COMMON   BANK0   BANK1   BANK3   BANK2
      Params:         0       0       0       0       0
      Locals:         0       1       0       0       0
      Temps:          0       1       0       0       0
      Totals:         0       2       0       0       0
Total ram usage:        2 bytes
 Hardware stack levels used:    1
 Hardware stack levels required when called:    4
 This function calls:
		_I2C_Idle
		_I2C_ReStart
		_I2C_Read_Byte
		_I2C_Send_NACK
		_I2C_Start
		_I2C_Stop
		_I2C_Write_Byte
 This function is called by:
		_main
 This function uses a non-reentrant model


 *************** function _I2C_Write_Byte *****************
 Defined at:
		line 108 in file "i2c.c"
 Parameters:    Size  Location     Type
  Byte            1    wreg     unsigned char 
 Auto vars:     Size  Location     Type
  Byte            1   20[BANK0 ] unsigned char 
 Return value:  Size  Location     Type
		None               void
 Registers used:
		wreg
 Tracked objects:
		On entry : 
		On exit  : 
		Unchanged: 
 Data sizes:     COMMON   BANK0   BANK1   BANK3   BANK2
      Params:         0       0       0       0       0
      Locals:         0       1       0       0       0
      Temps:          0       0       0       0       0
      Totals:         0       1       0       0       0
Total ram usage:        1 bytes
 Hardware stack levels used:    1
 Hardware stack levels required when called:    3
 This function calls:
		Nothing
 This function is called by:
		_read_RTC_I2c
		_write_RTC_I2c
 This function uses a non-reentrant model


 *************** function _I2C_Stop *****************
 Defined at:
		line 88 in file "i2c.c"
 Parameters:    Size  Location     Type
		None
 Auto vars:     Size  Location     Type
		None
 Return value:  Size  Location     Type
		None               void
 Registers used:
		None
 Tracked objects:
		On entry : 
		On exit  : 
		Unchanged: 
 Data sizes:     COMMON   BANK0   BANK1   BANK3   BANK2
      Params:         0       0       0       0       0
      Locals:         0       0       0       0       0
      Temps:          0       0       0       0       0
      Totals:         0       0       0       0       0
Total ram usage:        0 bytes
 Hardware stack levels used:    1
 Hardware stack levels required when called:    3
 This function calls:
		Nothing
 This function is called by:
		_read_RTC_I2c
		_write_RTC_I2c
 This function uses a non-reentrant model


 *************** function _I2C_Start *****************
 Defined at:
		line 74 in file "i2c.c"
 Parameters:    Size  Location     Type
		None
 Auto vars:     Size  Location     Type
		None
 Return value:  Size  Location     Type
		None               void
 Registers used:
		None
 Tracked objects:
		On entry : 
		On exit  : 
		Unchanged: 
 Data sizes:     COMMON   BANK0   BANK1   BANK3   BANK2
      Params:         0       0       0       0       0
      Locals:         0       0       0       0       0
      Temps:          0       0       0       0       0
      Totals:         0       0       0       0       0
Total ram usage:        0 bytes
 Hardware stack levels used:    1
 Hardware stack levels required when called:    3
 This function calls:
		Nothing
 This function is called by:
		_read_RTC_I2c
		_write_RTC_I2c
 This function uses a non-reentrant model


 *************** function _I2C_Send_NACK *****************
 Defined at:
		line 101 in file "i2c.c"
 Parameters:    Size  Location     Type
		None
 Auto vars:     Size  Location     Type
		None
 Return value:  Size  Location     Type
		None               void
 Registers used:
		None
 Tracked objects:
		On entry : 
		On exit  : 
		Unchanged: 
 Data sizes:     COMMON   BANK0   BANK1   BANK3   BANK2
      Params:         0       0       0       0       0
      Locals:         0       0       0       0       0
      Temps:          0       0       0       0       0
      Totals:         0       0       0       0       0
Total ram usage:        0 bytes
 Hardware stack levels used:    1
 Hardware stack levels required when called:    3
 This function calls:
		Nothing
 This function is called by:
		_read_RTC_I2c
 This function uses a non-reentrant model


 *************** function _I2C_Read_Byte *****************
 Defined at:
		line 116 in file "i2c.c"
 Parameters:    Size  Location     Type
		None
 Auto vars:     Size  Location     Type
		None
 Return value:  Size  Location     Type
                  1    wreg      unsigned char 
 Registers used:
		wreg
 Tracked objects:
		On entry : 
		On exit  : 
		Unchanged: 
 Data sizes:     COMMON   BANK0   BANK1   BANK3   BANK2
      Params:         0       0       0       0       0
      Locals:         0       0       0       0       0
      Temps:          0       0       0       0       0
      Totals:         0       0       0       0       0
Total ram usage:        0 bytes
 Hardware stack levels used:    1
 Hardware stack levels required when called:    3
 This function calls:
		Nothing
 This function is called by:
		_read_RTC_I2c
 This function uses a non-reentrant model


 *************** function _I2C_ReStart *****************
 Defined at:
		line 81 in file "i2c.c"
 Parameters:    Size  Location     Type
		None
 Auto vars:     Size  Location     Type
		None
 Return value:  Size  Location     Type
		None               void
 Registers used:
		None
 Tracked objects:
		On entry : 
		On exit  : 
		Unchanged: 
 Data sizes:     COMMON   BANK0   BANK1   BANK3   BANK2
      Params:         0       0       0       0       0
      Locals:         0       0       0       0       0
      Temps:          0       0       0       0       0
      Totals:         0       0       0       0       0
Total ram usage:        0 bytes
 Hardware stack levels used:    1
 Hardware stack levels required when called:    3
 This function calls:
		Nothing
 This function is called by:
		_read_RTC_I2c
 This function uses a non-reentrant model


 *************** function _I2C_Idle *****************
 Defined at:
		line 125 in file "i2c.c"
 Parameters:    Size  Location     Type
		None
 Auto vars:     Size  Location     Type
		None
 Return value:  Size  Location     Type
		None               void
 Registers used:
		wreg, status,2
 Tracked objects:
		On entry : 
		On exit  : 
		Unchanged: 
 Data sizes:     COMMON   BANK0   BANK1   BANK3   BANK2
      Params:         0       0       0       0       0
      Locals:         0       0       0       0       0
      Temps:          0       0       0       0       0
      Totals:         0       0       0       0       0
Total ram usage:        0 bytes
 Hardware stack levels used:    1
 Hardware stack levels required when called:    3
 This function calls:
		Nothing
 This function is called by:
		_read_RTC_I2c
		_write_RTC_I2c
 This function uses a non-reentrant model


 *************** function _printf *****************
 Defined at:
		line 464 in file "C:\Program Files (x86)\Microchip\xc8\v1.35\sources\common\doprnt.c"
 Parameters:    Size  Location     Type
  f               1    wreg     PTR const unsigned char 
		 -> STR_7(7), STR_6(15), STR_5(28), STR_4(27), 
		 -> STR_3(25), STR_2(33), STR_1(3), 
 Auto vars:     Size  Location     Type
  f               1   47[BANK0 ] PTR const unsigned char 
		 -> STR_7(7), STR_6(15), STR_5(28), STR_4(27), 
		 -> STR_3(25), STR_2(33), STR_1(3), 
  idx             1   39[BANK0 ] unsigned char 
  tmpval          4    0        struct .
  width           2   45[BANK0 ] int 
  val             2   42[BANK0 ] unsigned int 
  cp              2    0        PTR const unsigned char 
  len             2    0        unsigned int 
  c               1   48[BANK0 ] char 
  flag            1   44[BANK0 ] unsigned char 
  prec            1   41[BANK0 ] char 
  ap              1   40[BANK0 ] PTR void [1]
		 -> ?i1_printf(2), ?_printf(2), 
 Return value:  Size  Location     Type
                  2   34[BANK0 ] int 
 Registers used:
		wreg, fsr0l, fsr0h, status,2, status,0, btemp+1, pclath, cstack
 Tracked objects:
		On entry : 
		On exit  : 
		Unchanged: 
 Data sizes:     COMMON   BANK0   BANK1   BANK3   BANK2
      Params:         0       2       0       0       0
      Locals:         0      10       0       0       0
      Temps:          0       3       0       0       0
      Totals:         0      15       0       0       0
Total ram usage:       15 bytes
 Hardware stack levels used:    1
 Hardware stack levels required when called:    4
 This function calls:
		___lwdiv
		___lwmod
		___wmul
		_isdigit
		_putch
 This function is called by:
		_main
 This function uses a non-reentrant model


 *************** function _putch *****************
 Defined at:
		line 46 in file "usart.c"
 Parameters:    Size  Location     Type
  byte            1    wreg     unsigned char 
 Auto vars:     Size  Location     Type
  byte            1   20[BANK0 ] unsigned char 
 Return value:  Size  Location     Type
		None               void
 Registers used:
		wreg
 Tracked objects:
		On entry : 
		On exit  : 
		Unchanged: 
 Data sizes:     COMMON   BANK0   BANK1   BANK3   BANK2
      Params:         0       0       0       0       0
      Locals:         0       1       0       0       0
      Temps:          0       0       0       0       0
      Totals:         0       1       0       0       0
Total ram usage:        1 bytes
 Hardware stack levels used:    1
 Hardware stack levels required when called:    3
 This function calls:
		Nothing
 This function is called by:
		_printf
		_getche
 This function uses a non-reentrant model


 *************** function _isdigit *****************
 Defined at:
		line 8 in file "C:\Program Files (x86)\Microchip\xc8\v1.35\sources\common\isdigit.c"
 Parameters:    Size  Location     Type
  c               1    wreg     unsigned char 
 Auto vars:     Size  Location     Type
  c               1   21[BANK0 ] unsigned char 
 Return value:  Size  Location     Type
		None               void
 Registers used:
		wreg, status,2, status,0
 Tracked objects:
		On entry : 
		On exit  : 
		Unchanged: 
 Data sizes:     COMMON   BANK0   BANK1   BANK3   BANK2
      Params:         0       0       0       0       0
      Locals:         0       2       0       0       0
      Temps:          0       0       0       0       0
      Totals:         0       2       0       0       0
Total ram usage:        2 bytes
 Hardware stack levels used:    1
 Hardware stack levels required when called:    3
 This function calls:
		Nothing
 This function is called by:
		_printf
 This function uses a non-reentrant model


 *************** function ___wmul *****************
 Defined at:
		line 15 in file "C:\Program Files (x86)\Microchip\xc8\v1.35\sources\common\Umul16.c"
 Parameters:    Size  Location     Type
  multiplier      2   20[BANK0 ] unsigned int 
  multiplicand    2   22[BANK0 ] unsigned int 
 Auto vars:     Size  Location     Type
  product         2   24[BANK0 ] unsigned int 
 Return value:  Size  Location     Type
                  2   20[BANK0 ] unsigned int 
 Registers used:
		wreg, status,2, status,0
 Tracked objects:
		On entry : 
		On exit  : 
		Unchanged: 
 Data sizes:     COMMON   BANK0   BANK1   BANK3   BANK2
      Params:         0       4       0       0       0
      Locals:         0       2       0       0       0
      Temps:          0       0       0       0       0
      Totals:         0       6       0       0       0
Total ram usage:        6 bytes
 Hardware stack levels used:    1
 Hardware stack levels required when called:    3
 This function calls:
		Nothing
 This function is called by:
		_printf
 This function uses a non-reentrant model


 *************** function ___lwmod *****************
 Defined at:
		line 6 in file "C:\Program Files (x86)\Microchip\xc8\v1.35\sources\common\lwmod.c"
 Parameters:    Size  Location     Type
  divisor         2   28[BANK0 ] unsigned int 
  dividend        2   30[BANK0 ] unsigned int 
 Auto vars:     Size  Location     Type
  counter         1   33[BANK0 ] unsigned char 
 Return value:  Size  Location     Type
                  2   28[BANK0 ] unsigned int 
 Registers used:
		wreg, status,2, status,0
 Tracked objects:
		On entry : 
		On exit  : 
		Unchanged: 
 Data sizes:     COMMON   BANK0   BANK1   BANK3   BANK2
      Params:         0       4       0       0       0
      Locals:         0       1       0       0       0
      Temps:          0       1       0       0       0
      Totals:         0       6       0       0       0
Total ram usage:        6 bytes
 Hardware stack levels used:    1
 Hardware stack levels required when called:    3
 This function calls:
		Nothing
 This function is called by:
		_printf
 This function uses a non-reentrant model


 *************** function ___lwdiv *****************
 Defined at:
		line 6 in file "C:\Program Files (x86)\Microchip\xc8\v1.35\sources\common\lwdiv.c"
 Parameters:    Size  Location     Type
  divisor         2   20[BANK0 ] unsigned int 
  dividend        2   22[BANK0 ] unsigned int 
 Auto vars:     Size  Location     Type
  quotient        2   25[BANK0 ] unsigned int 
  counter         1   27[BANK0 ] unsigned char 
 Return value:  Size  Location     Type
                  2   20[BANK0 ] unsigned int 
 Registers used:
		wreg, status,2, status,0
 Tracked objects:
		On entry : 
		On exit  : 
		Unchanged: 
 Data sizes:     COMMON   BANK0   BANK1   BANK3   BANK2
      Params:         0       4       0       0       0
      Locals:         0       3       0       0       0
      Temps:          0       1       0       0       0
      Totals:         0       8       0       0       0
Total ram usage:        8 bytes
 Hardware stack levels used:    1
 Hardware stack levels required when called:    3
 This function calls:
		Nothing
 This function is called by:
		_printf
 This function uses a non-reentrant model


 *************** function _configUSARTInterrupts *****************
 Defined at:
		line 32 in file "usart.c"
 Parameters:    Size  Location     Type
		None
 Auto vars:     Size  Location     Type
		None
 Return value:  Size  Location     Type
		None               void
 Registers used:
		None
 Tracked objects:
		On entry : 
		On exit  : 
		Unchanged: 
 Data sizes:     COMMON   BANK0   BANK1   BANK3   BANK2
      Params:         0       0       0       0       0
      Locals:         0       0       0       0       0
      Temps:          0       0       0       0       0
      Totals:         0       0       0       0       0
Total ram usage:        0 bytes
 Hardware stack levels used:    1
 Hardware stack levels required when called:    3
 This function calls:
		Nothing
 This function is called by:
		_main
 This function uses a non-reentrant model


 *************** function _configTimer *****************
 Defined at:
		line 17 in file "timer0.c"
 Parameters:    Size  Location     Type
		None
 Auto vars:     Size  Location     Type
		None
 Return value:  Size  Location     Type
		None               void
 Registers used:
		None
 Tracked objects:
		On entry : 
		On exit  : 
		Unchanged: 
 Data sizes:     COMMON   BANK0   BANK1   BANK3   BANK2
      Params:         0       0       0       0       0
      Locals:         0       0       0       0       0
      Temps:          0       0       0       0       0
      Totals:         0       0       0       0       0
Total ram usage:        0 bytes
 Hardware stack levels used:    1
 Hardware stack levels required when called:    3
 This function calls:
		Nothing
 This function is called by:
		_main
 This function uses a non-reentrant model


 *************** function _configRS232 *****************
 Defined at:
		line 9 in file "usart.c"
 Parameters:    Size  Location     Type
		None
 Auto vars:     Size  Location     Type
		None
 Return value:  Size  Location     Type
		None               void
 Registers used:
		wreg
 Tracked objects:
		On entry : 
		On exit  : 
		Unchanged: 
 Data sizes:     COMMON   BANK0   BANK1   BANK3   BANK2
      Params:         0       0       0       0       0
      Locals:         0       0       0       0       0
      Temps:          0       0       0       0       0
      Totals:         0       0       0       0       0
Total ram usage:        0 bytes
 Hardware stack levels used:    1
 Hardware stack levels required when called:    3
 This function calls:
		Nothing
 This function is called by:
		_main
 This function uses a non-reentrant model


 *************** function _configADInterrupt *****************
 Defined at:
		line 11 in file "ad.c"
 Parameters:    Size  Location     Type
		None
 Auto vars:     Size  Location     Type
		None
 Return value:  Size  Location     Type
		None               void
 Registers used:
		None
 Tracked objects:
		On entry : 
		On exit  : 
		Unchanged: 
 Data sizes:     COMMON   BANK0   BANK1   BANK3   BANK2
      Params:         0       0       0       0       0
      Locals:         0       0       0       0       0
      Temps:          0       0       0       0       0
      Totals:         0       0       0       0       0
Total ram usage:        0 bytes
 Hardware stack levels used:    1
 Hardware stack levels required when called:    3
 This function calls:
		Nothing
 This function is called by:
		_main
 This function uses a non-reentrant model


 *************** function _configAD *****************
 Defined at:
		line 19 in file "ad.c"
 Parameters:    Size  Location     Type
		None
 Auto vars:     Size  Location     Type
		None
 Return value:  Size  Location     Type
		None               void
 Registers used:
		None
 Tracked objects:
		On entry : 
		On exit  : 
		Unchanged: 
 Data sizes:     COMMON   BANK0   BANK1   BANK3   BANK2
      Params:         0       0       0       0       0
      Locals:         0       0       0       0       0
      Temps:          0       0       0       0       0
      Totals:         0       0       0       0       0
Total ram usage:        0 bytes
 Hardware stack levels used:    1
 Hardware stack levels required when called:    3
 This function calls:
		Nothing
 This function is called by:
		_main
 This function uses a non-reentrant model


 *************** function _InitI2C_Master *****************
 Defined at:
		line 12 in file "i2c.c"
 Parameters:    Size  Location     Type
		None
 Auto vars:     Size  Location     Type
		None
 Return value:  Size  Location     Type
		None               void
 Registers used:
		wreg, status,2
 Tracked objects:
		On entry : 
		On exit  : 
		Unchanged: 
 Data sizes:     COMMON   BANK0   BANK1   BANK3   BANK2
      Params:         0       0       0       0       0
      Locals:         0       0       0       0       0
      Temps:          0       0       0       0       0
      Totals:         0       0       0       0       0
Total ram usage:        0 bytes
 Hardware stack levels used:    1
 Hardware stack levels required when called:    3
 This function calls:
		Nothing
 This function is called by:
		_main
 This function uses a non-reentrant model


 *************** function _interruptions *****************
 Defined at:
		line 39 in file "main.c"
 Parameters:    Size  Location     Type
		None
 Auto vars:     Size  Location     Type
		None
 Return value:  Size  Location     Type
		None               void
 Registers used:
		wreg, fsr0l, fsr0h, status,2, status,0, btemp+1, pclath, cstack
 Tracked objects:
		On entry : 
		On exit  : 
		Unchanged: 
 Data sizes:     COMMON   BANK0   BANK1   BANK3   BANK2
      Params:         0       0       0       0       0
      Locals:         0       0       0       0       0
      Temps:          0       7       0       0       0
      Totals:         0       7       0       0       0
Total ram usage:        7 bytes
 Hardware stack levels used:    1
 Hardware stack levels required when called:    2
 This function calls:
		___awmod
		_strcpy
		i1_printf
 This function is called by:
		Interrupt level 1
 This function uses a non-reentrant model


 *************** function i1_printf *****************
 Defined at:
		line 464 in file "C:\Program Files (x86)\Microchip\xc8\v1.35\sources\common\doprnt.c"
 Parameters:    Size  Location     Type
  f               1    wreg     PTR const unsigned char 
		 -> STR_7(7), STR_6(15), STR_5(28), STR_4(27), 
		 -> STR_3(25), STR_2(33), STR_1(3), 
 Auto vars:     Size  Location     Type
  f               1    4[BANK0 ] PTR const unsigned char 
		 -> STR_7(7), STR_6(15), STR_5(28), STR_4(27), 
		 -> STR_3(25), STR_2(33), STR_1(3), 
  printf          4    0        struct .
  printf          2   10[BANK0 ] int 
  printf          2    8[BANK0 ] unsigned int 
  printf          2    0        PTR const unsigned char 
  printf          2    0        unsigned int 
  printf          1   12[BANK0 ] char 
  printf          1    7[BANK0 ] unsigned char 
  printf          1    6[BANK0 ] char 
  printf          1    5[BANK0 ] PTR void [1]
		 -> ?i1_printf(2), ?_printf(2), 
  printf          1    3[BANK0 ] unsigned char 
 Return value:  Size  Location     Type
                  2    0[None  ] int 
 Registers used:
		wreg, fsr0l, fsr0h, status,2, status,0, btemp+1, pclath, cstack
 Tracked objects:
		On entry : 
		On exit  : 
		Unchanged: 
 Data sizes:     COMMON   BANK0   BANK1   BANK3   BANK2
      Params:         0       0       0       0       0
      Locals:         0      10       0       0       0
      Temps:          0       3       0       0       0
      Totals:         0      13       0       0       0
Total ram usage:       13 bytes
 Hardware stack levels used:    1
 Hardware stack levels required when called:    1
 This function calls:
		i1___lwdiv
		i1___lwmod
		i1___wmul
		i1_isdigit
		i1_putch
 This function is called by:
		_interruptions
 This function uses a non-reentrant model


 *************** function i1_putch *****************
 Defined at:
		line 46 in file "usart.c"
 Parameters:    Size  Location     Type
  byte            1    wreg     unsigned char 
 Auto vars:     Size  Location     Type
  byte            1    0[COMMON] unsigned char 
 Return value:  Size  Location     Type
		None               void
 Registers used:
		wreg
 Tracked objects:
		On entry : 
		On exit  : 
		Unchanged: 
 Data sizes:     COMMON   BANK0   BANK1   BANK3   BANK2
      Params:         0       0       0       0       0
      Locals:         1       0       0       0       0
      Temps:          0       0       0       0       0
      Totals:         1       0       0       0       0
Total ram usage:        1 bytes
 Hardware stack levels used:    1
 This function calls:
		Nothing
 This function is called by:
		i1_printf
 This function uses a non-reentrant model


 *************** function i1_isdigit *****************
 Defined at:
		line 8 in file "C:\Program Files (x86)\Microchip\xc8\v1.35\sources\common\isdigit.c"
 Parameters:    Size  Location     Type
  c               1    wreg     unsigned char 
 Auto vars:     Size  Location     Type
  c               1    1[COMMON] unsigned char 
 Return value:  Size  Location     Type
		None               void
 Registers used:
		wreg, status,2, status,0
 Tracked objects:
		On entry : 
		On exit  : 
		Unchanged: 
 Data sizes:     COMMON   BANK0   BANK1   BANK3   BANK2
      Params:         0       0       0       0       0
      Locals:         2       0       0       0       0
      Temps:          0       0       0       0       0
      Totals:         2       0       0       0       0
Total ram usage:        2 bytes
 Hardware stack levels used:    1
 This function calls:
		Nothing
 This function is called by:
		i1_printf
 This function uses a non-reentrant model


 *************** function i1___wmul *****************
 Defined at:
		line 15 in file "C:\Program Files (x86)\Microchip\xc8\v1.35\sources\common\Umul16.c"
 Parameters:    Size  Location     Type
  multiplier      2    0[COMMON] unsigned int 
  multiplicand    2    2[COMMON] unsigned int 
 Auto vars:     Size  Location     Type
  __wmul          2    4[COMMON] unsigned int 
 Return value:  Size  Location     Type
                  2    0[COMMON] unsigned int 
 Registers used:
		wreg, status,2, status,0
 Tracked objects:
		On entry : 
		On exit  : 
		Unchanged: 
 Data sizes:     COMMON   BANK0   BANK1   BANK3   BANK2
      Params:         4       0       0       0       0
      Locals:         2       0       0       0       0
      Temps:          0       0       0       0       0
      Totals:         6       0       0       0       0
Total ram usage:        6 bytes
 Hardware stack levels used:    1
 This function calls:
		Nothing
 This function is called by:
		i1_printf
 This function uses a non-reentrant model


 *************** function i1___lwmod *****************
 Defined at:
		line 6 in file "C:\Program Files (x86)\Microchip\xc8\v1.35\sources\common\lwmod.c"
 Parameters:    Size  Location     Type
  divisor         2    8[COMMON] unsigned int 
  dividend        2   10[COMMON] unsigned int 
 Auto vars:     Size  Location     Type
  __lwmod         1   13[COMMON] unsigned char 
 Return value:  Size  Location     Type
                  2    8[COMMON] unsigned int 
 Registers used:
		wreg, status,2, status,0
 Tracked objects:
		On entry : 
		On exit  : 
		Unchanged: 
 Data sizes:     COMMON   BANK0   BANK1   BANK3   BANK2
      Params:         4       0       0       0       0
      Locals:         1       0       0       0       0
      Temps:          1       0       0       0       0
      Totals:         6       0       0       0       0
Total ram usage:        6 bytes
 Hardware stack levels used:    1
 This function calls:
		Nothing
 This function is called by:
		i1_printf
 This function uses a non-reentrant model


 *************** function i1___lwdiv *****************
 Defined at:
		line 6 in file "C:\Program Files (x86)\Microchip\xc8\v1.35\sources\common\lwdiv.c"
 Parameters:    Size  Location     Type
  divisor         2    0[COMMON] unsigned int 
  dividend        2    2[COMMON] unsigned int 
 Auto vars:     Size  Location     Type
  __lwdiv         2    5[COMMON] unsigned int 
  __lwdiv         1    7[COMMON] unsigned char 
 Return value:  Size  Location     Type
                  2    0[COMMON] unsigned int 
 Registers used:
		wreg, status,2, status,0
 Tracked objects:
		On entry : 
		On exit  : 
		Unchanged: 
 Data sizes:     COMMON   BANK0   BANK1   BANK3   BANK2
      Params:         4       0       0       0       0
      Locals:         3       0       0       0       0
      Temps:          1       0       0       0       0
      Totals:         8       0       0       0       0
Total ram usage:        8 bytes
 Hardware stack levels used:    1
 This function calls:
		Nothing
 This function is called by:
		i1_printf
 This function uses a non-reentrant model


 *************** function _strcpy *****************
 Defined at:
		line 8 in file "C:\Program Files (x86)\Microchip\xc8\v1.35\sources\common\strcpy.c"
 Parameters:    Size  Location     Type
  to              1    wreg     PTR unsigned char 
		 -> string(26), 
  from            1    0[COMMON] PTR const unsigned char 
		 -> string_aux(26), 
 Auto vars:     Size  Location     Type
  to              1    2[COMMON] PTR unsigned char 
		 -> string(26), 
  cp              1    3[COMMON] PTR unsigned char 
		 -> string(26), 
 Return value:  Size  Location     Type
                  1    wreg      PTR unsigned char 
 Registers used:
		wreg, fsr0l, fsr0h, status,2, status,0
 Tracked objects:
		On entry : 
		On exit  : 
		Unchanged: 
 Data sizes:     COMMON   BANK0   BANK1   BANK3   BANK2
      Params:         1       0       0       0       0
      Locals:         2       0       0       0       0
      Temps:          1       0       0       0       0
      Totals:         4       0       0       0       0
Total ram usage:        4 bytes
 Hardware stack levels used:    1
 This function calls:
		Nothing
 This function is called by:
		_interruptions
 This function uses a non-reentrant model


 *************** function ___awmod *****************
 Defined at:
		line 6 in file "C:\Program Files (x86)\Microchip\xc8\v1.35\sources\common\awmod.c"
 Parameters:    Size  Location     Type
  divisor         2    0[COMMON] int 
  dividend        2    2[COMMON] int 
 Auto vars:     Size  Location     Type
  sign            1    6[COMMON] unsigned char 
  counter         1    5[COMMON] unsigned char 
 Return value:  Size  Location     Type
                  2    0[COMMON] int 
 Registers used:
		wreg, status,2, status,0
 Tracked objects:
		On entry : 
		On exit  : 
		Unchanged: 
 Data sizes:     COMMON   BANK0   BANK1   BANK3   BANK2
      Params:         4       0       0       0       0
      Locals:         2       0       0       0       0
      Temps:          1       0       0       0       0
      Totals:         7       0       0       0       0
Total ram usage:        7 bytes
 Hardware stack levels used:    1
 This function calls:
		Nothing
 This function is called by:
		_interruptions
 This function uses a non-reentrant model



MODULE INFORMATION

Module		Function		Class		Link	Load	Size
C:\Program Files (x86)\Microchip\xc8\v1.35\sources\common\isdigit.c
		_isdigit       		CODE           	07F0	0000	17

C:\Program Files (x86)\Microchip\xc8\v1.35\sources\common\isdigit.c estimated size: 17

usart.c
		_putch         		CODE           	0F38	0000	9
		_configUSARTInterrupts		CODE           	0FAB	0000	16
		_configRS232   		CODE           	04EA	0000	17

usart.c estimated size: 42

i2c.c
		_I2C_Idle      		CODE           	0F69	0000	10
		_I2C_Stop      		CODE           	0F50	0000	9
		_I2C_Write_Byte		CODE           	0F84	0000	13
		_I2C_Read_Byte 		CODE           	0F72	0000	10
		_I2C_Send_NACK 		CODE           	0F7B	0000	10
		_InitI2C_Master		CODE           	0FE4	0000	29
		_I2C_Start     		CODE           	0F48	0000	9
		_I2C_ReStart   		CODE           	0F40	0000	9

i2c.c estimated size: 99

C:\Program Files (x86)\Microchip\xc8\v1.35\sources\common\strcpy.c
		_strcpy        		CODE           	0FCA	0000	27

C:\Program Files (x86)\Microchip\xc8\v1.35\sources\common\strcpy.c estimated size: 27

ad.c
		_configAD      		CODE           	0FBA	0000	17
		_configADInterrupt		CODE           	0F60	0000	10
		_selectChanel  		CODE           	06CF	0000	66

ad.c estimated size: 93

timer0.c
		_configTimer   		CODE           	0F90	0000	14

timer0.c estimated size: 14

C:\Program Files (x86)\Microchip\xc8\v1.35\sources\common\lwmod.c
		___lwmod       		CODE           	078A	0000	53

C:\Program Files (x86)\Microchip\xc8\v1.35\sources\common\lwmod.c estimated size: 53

C:\Program Files (x86)\Microchip\xc8\v1.35\sources\common\doprnt.c
		_printf        		CODE           	002B	0000	466

C:\Program Files (x86)\Microchip\xc8\v1.35\sources\common\doprnt.c estimated size: 466

shared
		i1_printf      		CODE           	01FC	0000	464
		i1_putch       		CODE           	0F30	0000	9
		__stringtab    		STRING         	0500	0000	7
		i1___lwdiv     		CODE           	074E	0000	61
		_dpowers       		STRING         	0506	0000	11
		i1_isdigit     		CODE           	0F9D	0000	15
		i1___wmul      		CODE           	04C9	0000	34
		i1___lwmod     		CODE           	07BE	0000	51
		__initialization		CODE           	0015	0000	19
		_hexpowers     		STRING         	0510	0000	9

shared estimated size: 680

C:\Program Files (x86)\Microchip\xc8\v1.35\sources\common\awmod.c
		___awmod       		CODE           	0684	0000	76

C:\Program Files (x86)\Microchip\xc8\v1.35\sources\common\awmod.c estimated size: 76

C:\Program Files (x86)\Microchip\xc8\v1.35\sources\common\lwdiv.c
		___lwdiv       		CODE           	0710	0000	63

C:\Program Files (x86)\Microchip\xc8\v1.35\sources\common\lwdiv.c estimated size: 63

C:\Program Files (x86)\Microchip\xc8\v1.35\sources\common\Umul16.c
		___wmul        		CODE           	04A6	0000	36

C:\Program Files (x86)\Microchip\xc8\v1.35\sources\common\Umul16.c estimated size: 36

main.c
		_main          		CODE           	03CB	0000	220
		_read_RTC_I2c  		CODE           	062D	0000	88
		_interruptions 		CODE           	05B0	0000	126

main.c estimated size: 434

