Microchip MPLAB XC8 Compiler V1.35 ()

Linker command line:

--edf=C:\Program Files (x86)\Microchip\xc8\v1.35\dat\en_msgs.txt -cs \
  -h+dist/default/production\16F_Functional_v1.0.X.production.sym \
  --cmf=dist/default/production\16F_Functional_v1.0.X.production.cmf -z \
  -Q16F877A -oC:\Users\Nathan\AppData\Local\Temp\s5gk.2 \
  -Mdist/default/production/16F_Functional_v1.0.X.production.map -E1 \
  -ver=XC8 -ASTACK=0110h-016fh -pstack=STACK -ACODE=00h-07FFhx4 \
  -ASTRCODE=00h-01FFFh -ASTRING=00h-0FFhx32 -ACONST=00h-0FFhx32 \
  -AENTRY=00h-0FFhx32 -ACOMMON=070h-07Fh -ABANK0=020h-06Fh \
  -ABANK1=0A0h-0EFh -ABANK2=0110h-016Fh -ABANK3=0190h-01EFh \
  -ARAM=020h-06Fh,0A0h-0EFh,0110h-016Fh,0190h-01EFh \
  -AABS1=020h-07Fh,0A0h-0EFh,0110h-016Fh,0190h-01EFh -ASFR0=00h-01Fh \
  -ASFR1=080h-09Fh -ASFR2=0100h-010Fh -ASFR3=0180h-018Fh \
  -preset_vec=00h,intentry=04h,init,end_init -ppowerup=CODE -pcinit=CODE \
  -pfunctab=CODE -ACONFIG=02007h-02007h -pconfig=CONFIG -DCONFIG=2 \
  -AIDLOC=02000h-02003h -pidloc=IDLOC -DIDLOC=2 -AEEDATA=00h-0FFh/02100h \
  -peeprom_data=EEDATA -DEEDATA=2 -DCODE=2 -DSTRCODE=2 -DSTRING=2 -DCONST=2 \
  -DENTRY=2 -k C:\Users\Nathan\AppData\Local\Temp\s5gk.obj \
  dist/default/production\16F_Functional_v1.0.X.production.obj 

Object code version is 3.11

Machine type is 16F877A



                Name                               Link     Load   Length Selector   Space Scale
C:\Users\Nathan\AppData\Local\Temp\s5gk.obj
                end_init                             12       12        3        8       0
                reset_vec                             0        0        3        0       0
                config                             2007     2007        1     400E       0
dist/default/production\16F_Functional_v1.0.X.production.obj
                cinit                                15       15       26        8       0
                intentry                              4        4        E        8       0
                text31                              760      760       4B      EC0       0
                text30                              EA8      EA8       1A     1D50       0
                text29                              F86      F86       3C     1F0C       0
                text28                              F20      F20       32     1E40       0
                text27                              EDC      EDC       21     1DB8       0
                text26                              E6B      E6B        E     1CD6       0
                text25                              DFE      DFE        8     1BFC       0
                text24                              288      288      1CF        8       0
                text23                              5C8      5C8       77        8       0
                text22                              EC2      EC2       1A     1D84       0
                text21                              E88      E88       10     1D10       0
                text20                              E2E      E2E        9     1C5C       0
                text19                              7EC      7EC       11      EC0       0
                text18                              E5E      E5E        D     1CBC       0
                text17                              E79      E79        F     1CF2       0
                text16                              FC2      FC2       3E     1F84       0
                text15                              F52      F52       34     1EA4       0
                text14                              EFD      EFD       23     1DFA       0
                text13                              E98      E98       10     1D30       0
                text12                              E06      E06        8     1C0C       0
                text11                               3B       3B      24D        8       0
                text10                              E37      E37        9     1C6E       0
                text9                               E0E      E0E        8     1C1C       0
                text8                               E40      E40        9     1C80       0
                text7                               E49      E49        9     1C92       0
                text6                               E16      E16        8     1C2C       0
                text5                               E1E      E1E        8     1C3C       0
                text4                               E52      E52        C     1CA4       0
                text3                               6B5      6B5       57        8       0
                text2                               7AB      7AB       41      EC0       0
                text1                               63F      63F       76        8       0
                maintext                            457      457      171        8       0
                cstackBANK0                          20       20       25       20       1
                cstackCOMMON                         70       70        E       70       1
                cstackBANK1                          D4       D4       1A       A0       1
                cstackBANK3                         190      190        E      190       1
                clrtext                             E26      E26        8     1C4C       0
                bssBANK1                             A0       A0       34       A0       1
                dataBANK0                            50       50        3       20       1
                bssBANK0                             45       45        B       20       1
                bitbssBANK0                         298       53        2       20       1     8
                strings                             70C      70C       54      E18       0
                idataBANK0                          7FD      7FD        3      EC0       0

TOTAL           Name                               Link     Load   Length     Space
        CLASS   STACK          

        CLASS   CODE           
                end_init                             12       12        3         0
                cinit                                15       15       26         0
                intentry                              4        4        E         0
                reset_vec                             0        0        3         0
                text31                              760      760       4B         0
                text30                              EA8      EA8       1A         0
                text29                              F86      F86       3C         0
                text28                              F20      F20       32         0
                text27                              EDC      EDC       21         0
                text26                              E6B      E6B        E         0
                text25                              DFE      DFE        8         0
                text24                              288      288      1CF         0
                text23                              5C8      5C8       77         0
                text22                              EC2      EC2       1A         0
                text21                              E88      E88       10         0
                text20                              E2E      E2E        9         0
                text19                              7EC      7EC       11         0
                text18                              E5E      E5E        D         0
                text17                              E79      E79        F         0
                text16                              FC2      FC2       3E         0
                text15                              F52      F52       34         0
                text14                              EFD      EFD       23         0
                text13                              E98      E98       10         0
                text12                              E06      E06        8         0
                text11                               3B       3B      24D         0
                text10                              E37      E37        9         0
                text9                               E0E      E0E        8         0
                text8                               E40      E40        9         0
                text7                               E49      E49        9         0
                text6                               E16      E16        8         0
                text5                               E1E      E1E        8         0
                text4                               E52      E52        C         0
                text3                               6B5      6B5       57         0
                text2                               7AB      7AB       41         0
                text1                               63F      63F       76         0
                maintext                            457      457      171         0
                clrtext                             E26      E26        8         0
                idataBANK0                          7FD      7FD        3         0

        CLASS   STRCODE        

        CLASS   STRING         
                strings                             70C      70C       54         0

        CLASS   CONST          

        CLASS   ENTRY          

        CLASS   COMMON         
                cstackCOMMON                         70       70        E         1

        CLASS   BANK0          
                cstackBANK0                          20       20       25         1
                dataBANK0                            50       50        3         1
                bssBANK0                             45       45        B         1
                bitbssBANK0                         298       53        2         1

        CLASS   BANK1          
                cstackBANK1                          D4       D4       1A         1
                bssBANK1                             A0       A0       34         1

        CLASS   BANK2          

        CLASS   BANK3          
                cstackBANK3                         190      190        E         1

        CLASS   RAM            

        CLASS   ABS1           
                abs_s1                               7E       7E        2         1

        CLASS   SFR0           

        CLASS   SFR1           

        CLASS   SFR2           

        CLASS   SFR3           

        CLASS   CONFIG         
                config                             2007     2007        1         0

        CLASS   IDLOC          

        CLASS   EEDATA         



SEGMENTS        Name                           Load    Length   Top    Selector   Space  Class     Delta

                reset_vec                      000000  000003  000003         0       0  CODE        2
                intentry                       000004  000708  00070C         8       0  CODE        2
                cstackBANK0                    000020  000034  000054        20       1  BANK0       1
                cstackCOMMON                   000070  00000E  00007E        70       1  COMMON      1
                bssBANK1                       0000A0  00004E  0000EE        A0       1  BANK1       1
                cstackBANK3                    000190  00000E  00019E       190       1  BANK3       1
                strings                        00070C  000054  000760       E18       0  STRING      2
                text31                         000760  0000A0  000800       EC0       0  CODE        2
                text25                         000DFE  000008  000E06      1BFC       0  CODE        2
                text12                         000E06  000008  000E0E      1C0C       0  CODE        2
                text9                          000E0E  000008  000E16      1C1C       0  CODE        2
                text6                          000E16  000008  000E1E      1C2C       0  CODE        2
                text5                          000E1E  000008  000E26      1C3C       0  CODE        2
                clrtext                        000E26  000008  000E2E      1C4C       0  CODE        2
                text20                         000E2E  000009  000E37      1C5C       0  CODE        2
                text10                         000E37  000009  000E40      1C6E       0  CODE        2
                text8                          000E40  000009  000E49      1C80       0  CODE        2
                text7                          000E49  000009  000E52      1C92       0  CODE        2
                text4                          000E52  00000C  000E5E      1CA4       0  CODE        2
                text18                         000E5E  00000D  000E6B      1CBC       0  CODE        2
                text26                         000E6B  00000E  000E79      1CD6       0  CODE        2
                text17                         000E79  00000F  000E88      1CF2       0  CODE        2
                text21                         000E88  000010  000E98      1D10       0  CODE        2
                text13                         000E98  000010  000EA8      1D30       0  CODE        2
                text30                         000EA8  00001A  000EC2      1D50       0  CODE        2
                text22                         000EC2  00001A  000EDC      1D84       0  CODE        2
                text27                         000EDC  000021  000EFD      1DB8       0  CODE        2
                text14                         000EFD  000023  000F20      1DFA       0  CODE        2
                text28                         000F20  000032  000F52      1E40       0  CODE        2
                text15                         000F52  000034  000F86      1EA4       0  CODE        2
                text29                         000F86  00003C  000FC2      1F0C       0  CODE        2
                text16                         000FC2  00003E  001000      1F84       0  CODE        2
                config                         002007  000001  002008      400E       0  CONFIG      2


UNUSED ADDRESS RANGES

        Name                Unused          Largest block    Delta
        BANK0            0054-006F             1C           1
        BANK1            00EE-00EF              2           1
        BANK2            0110-016F             60           1
        BANK3            019E-01EF             52           1
        CODE             0003-0003              1           2
                         0800-0DFD            5FE
                         1000-1FFF            800
        CONST            0003-0003              1           2
                         0800-0DFD            100
                         1000-1FFF            100
        EEDATA           2100-21FF            100           2
        ENTRY            0003-0003              1           2
                         0800-0DFD            100
                         1000-1FFF            100
        IDLOC            2000-2003              4           2
        RAM              0054-006F             1C           1
                         00EE-00EF              2
                         0110-016F             60
                         019E-01EF             52
        SFR0             0000-001F             20           1
        SFR1             0080-009F             20           1
        SFR2             0100-010F             10           1
        SFR3             0180-018F             10           1
        STACK            0110-016F             60           1
        STRCODE          0003-0003              1           2
                         0800-0DFD            5FE
                         1000-1FFF           1000
        STRING           0003-0003              1           2
                         0800-0DFD            100
                         1000-1FFF            100

                                  Symbol Table

?___awmod                       cstackCOMMON 0070
?___lwdiv                       cstackBANK0  0034
?___lwmod                       cstackBANK0  003C
?___wmul                        cstackBANK0  0034
?_printf                        cstackBANK1  00D4
?i1___lwdiv                     cstackCOMMON 0070
?i1___lwmod                     cstackCOMMON 0078
?i1___wmul                      cstackCOMMON 0070
?i1_printf                      cstackCOMMON 0070
I2C_Write_Byte@Byte             cstackBANK0  0034
_ADCON0bits                     (abs)        001F
_ADCON1bits                     (abs)        009F
_ADCS0                          (abs)        00FE
_ADCS1                          (abs)        00FF
_ADCS2                          (abs)        04FE
_ADFM                           (abs)        04FF
_ADRESH                         (abs)        001E
_ADRESL                         (abs)        009E
_BRGH                           (abs)        04C2
_CKP                            (abs)        00A4
_CREN                           (abs)        00C4
_CSRC                           (abs)        04C7
_FERR                           (abs)        00C2
_GIE                            (abs)        005F
_I2C_Idle                       text10       0E37
_I2C_ReStart                    text9        0E0E
_I2C_Read_Byte                  text8        0E40
_I2C_Send_NACK                  text7        0E49
_I2C_Start                      text6        0E16
_I2C_Stop                       text5        0E1E
_I2C_Write_Byte                 text4        0E52
_INTCONbits                     (abs)        000B
_InitI2C_Master                 text22       0EC2
_OERR                           (abs)        00C1
_OPTION_REGbits                 (abs)        0081
_PEIE                           (abs)        005E
_PIE1bits                       (abs)        008C
_PIR1bits                       (abs)        000C
_PORTDbits                      (abs)        0008
_RCIE                           (abs)        0465
_RCIF                           (abs)        0065
_RCREG                          (abs)        001A
_RX9                            (abs)        00C6
_SPBRG                          (abs)        0099
_SPEN                           (abs)        00C7
_SSPADD                         (abs)        0093
_SSPBUF                         (abs)        0013
_SSPCON2                        (abs)        0091
_SSPCON2bits                    (abs)        0091
_SSPEN                          (abs)        00A5
_SSPIF                          (abs)        0063
_SSPM0                          (abs)        00A0
_SSPM1                          (abs)        00A1
_SSPM2                          (abs)        00A2
_SSPM3                          (abs)        00A3
_SSPOV                          (abs)        00A6
_SSPSTAT                        (abs)        0094
_SSPSTATbits                    (abs)        0094
_SYNC                           (abs)        04C4
_TRISC3                         (abs)        043B
_TRISC4                         (abs)        043C
_TRISDbits                      (abs)        0088
_TX9                            (abs)        04C6
_TXEN                           (abs)        04C5
_TXIE                           (abs)        0464
_TXIF                           (abs)        0064
_TXREG                          (abs)        0019
_WCOL                           (abs)        00A7
__CFG_BOREN$OFF                 (abs)        0000
__CFG_CP$OFF                    (abs)        0000
__CFG_CPD$OFF                   (abs)        0000
__CFG_FOSC$HS                   (abs)        0000
__CFG_LVP$OFF                   (abs)        0000
__CFG_PWRTE$OFF                 (abs)        0000
__CFG_WDTE$OFF                  (abs)        0000
__CFG_WRT$OFF                   (abs)        0000
__Habs1                         abs1         0000
__Hbank0                        bank0        0000
__Hbank1                        bank1        0000
__Hbank2                        bank2        0000
__Hbank3                        bank3        0000
__HbitbssBANK0                  bitbssBANK0  0000
__HbssBANK0                     bssBANK0     0000
__HbssBANK1                     bssBANK1     0000
__Hcinit                        cinit        003B
__Hclrtext                      clrtext      0000
__Hcode                         code         0000
__Hcommon                       common       0000
__Hconfig                       config       2008
__HcstackBANK0                  cstackBANK0  0000
__HcstackBANK1                  cstackBANK1  0000
__HcstackBANK3                  cstackBANK3  0000
__HcstackCOMMON                 cstackCOMMON 0000
__HdataBANK0                    dataBANK0    0000
__Heeprom_data                  eeprom_data  0000
__Hend_init                     end_init     0015
__Hfunctab                      functab      0000
__HidataBANK0                   idataBANK0   0000
__Hidloc                        idloc        0000
__Hinit                         init         0012
__Hintentry                     intentry     0012
__Hmaintext                     maintext     0000
__Hpowerup                      powerup      0000
__Hram                          ram          0000
__Hreset_vec                    reset_vec    0003
__Hsfr0                         sfr0         0000
__Hsfr1                         sfr1         0000
__Hsfr2                         sfr2         0000
__Hsfr3                         sfr3         0000
__Hspace_0                      (abs)        2008
__Hspace_1                      (abs)        029A
__Hspace_2                      (abs)        0000
__Hspace_3                      (abs)        0000
__Hstack                        stack        0000
__Hstrings                      strings      0000
__Htext                         text         0000
__Labs1                         abs1         0000
__Lbank0                        bank0        0000
__Lbank1                        bank1        0000
__Lbank2                        bank2        0000
__Lbank3                        bank3        0000
__LbitbssBANK0                  bitbssBANK0  0000
__LbssBANK0                     bssBANK0     0000
__LbssBANK1                     bssBANK1     0000
__Lcinit                        cinit        0015
__Lclrtext                      clrtext      0000
__Lcode                         code         0000
__Lcommon                       common       0000
__Lconfig                       config       2007
__LcstackBANK0                  cstackBANK0  0000
__LcstackBANK1                  cstackBANK1  0000
__LcstackBANK3                  cstackBANK3  0000
__LcstackCOMMON                 cstackCOMMON 0000
__LdataBANK0                    dataBANK0    0000
__Leeprom_data                  eeprom_data  0000
__Lend_init                     end_init     0012
__Lfunctab                      functab      0000
__LidataBANK0                   idataBANK0   0000
__Lidloc                        idloc        0000
__Linit                         init         0012
__Lintentry                     intentry     0004
__Lmaintext                     maintext     0000
__Lpowerup                      powerup      0000
__Lram                          ram          0000
__Lreset_vec                    reset_vec    0000
__Lsfr0                         sfr0         0000
__Lsfr1                         sfr1         0000
__Lsfr2                         sfr2         0000
__Lsfr3                         sfr3         0000
__Lspace_0                      (abs)        0000
__Lspace_1                      (abs)        0000
__Lspace_2                      (abs)        0000
__Lspace_3                      (abs)        0000
__Lstack                        stack        0000
__Lstrings                      strings      0000
__Ltext                         text         0000
__S0                            (abs)        2008
__S1                            (abs)        019E
__S2                            (abs)        0000
__S3                            (abs)        0000
___awmod                        text31       0760
___awmod@counter                cstackCOMMON 0075
___awmod@dividend               cstackCOMMON 0072
___awmod@divisor                cstackCOMMON 0070
___awmod@sign                   cstackCOMMON 0076
___int_sp                       stack        0000
___latbits                      (abs)        0002
___lwdiv                        text16       0FC2
___lwdiv@counter                cstackBANK0  003B
___lwdiv@dividend               cstackBANK0  0036
___lwdiv@divisor                cstackBANK0  0034
___lwdiv@quotient               cstackBANK0  0039
___lwmod                        text15       0F52
___lwmod@counter                cstackBANK0  0041
___lwmod@dividend               cstackBANK0  003E
___lwmod@divisor                cstackBANK0  003C
___sp                           stack        0000
___wmul                         text14       0EFD
___wmul@multiplicand            cstackBANK0  0036
___wmul@multiplier              cstackBANK0  0034
___wmul@product                 cstackBANK0  0038
__end_of_I2C_Idle               text10       0E40
__end_of_I2C_ReStart            text9        0E16
__end_of_I2C_Read_Byte          text8        0E49
__end_of_I2C_Send_NACK          text7        0E52
__end_of_I2C_Start              text6        0E1E
__end_of_I2C_Stop               text5        0E26
__end_of_I2C_Write_Byte         text4        0E5E
__end_of_InitI2C_Master         text22       0EDC
__end_of___awmod                text31       07AB
__end_of___lwdiv                text16       1000
__end_of___lwmod                text15       0F86
__end_of___wmul                 text14       0F20
__end_of__initialization        cinit        0037
__end_of__stringtab             strings      0712
__end_of_configAD               text21       0E98
__end_of_configADInterrupt      text20       0E37
__end_of_configRS232            text19       07FD
__end_of_configTimer            text18       0E6B
__end_of_configUSARTInterrupts  text17       0E88
__end_of_dpowers                strings      071C
__end_of_hexpowers              strings      0724
__end_of_interruptions          text23       063F
__end_of_isdigit                text13       0EA8
__end_of_main                   maintext     05C8
__end_of_printf                 text11       0288
__end_of_putch                  text12       0E0E
__end_of_read_RTC_I2c           text3        070C
__end_of_selectChanel           text2        07EC
__end_of_strcpy                 text30       0EC2
__end_of_write_RTC_I2c          text1        06B5
__end_ofi1___lwdiv              text29       0FC2
__end_ofi1___lwmod              text28       0F52
__end_ofi1___wmul               text27       0EFD
__end_ofi1_isdigit              text26       0E79
__end_ofi1_printf               text24       0457
__end_ofi1_putch                text25       0E06
__initialization                cinit        0015
__pbitbssBANK0                  bitbssBANK0  0298
__pbssBANK0                     bssBANK0     0045
__pbssBANK1                     bssBANK1     00A0
__pcstackBANK0                  cstackBANK0  0020
__pcstackBANK1                  cstackBANK1  00D4
__pcstackBANK3                  cstackBANK3  0190
__pcstackCOMMON                 cstackCOMMON 0070
__pdataBANK0                    dataBANK0    0050
__pidataBANK0                   idataBANK0   07FD
__pintentry                     intentry     0004
__pmaintext                     maintext     0457
__pstrings                      strings      070C
__ptext1                        text1        063F
__ptext10                       text10       0E37
__ptext11                       text11       003B
__ptext12                       text12       0E06
__ptext13                       text13       0E98
__ptext14                       text14       0EFD
__ptext15                       text15       0F52
__ptext16                       text16       0FC2
__ptext17                       text17       0E79
__ptext18                       text18       0E5E
__ptext19                       text19       07EC
__ptext2                        text2        07AB
__ptext20                       text20       0E2E
__ptext21                       text21       0E88
__ptext22                       text22       0EC2
__ptext23                       text23       05C8
__ptext24                       text24       0288
__ptext25                       text25       0DFE
__ptext26                       text26       0E6B
__ptext27                       text27       0EDC
__ptext28                       text28       0F20
__ptext29                       text29       0F86
__ptext3                        text3        06B5
__ptext30                       text30       0EA8
__ptext31                       text31       0760
__ptext4                        text4        0E52
__ptext5                        text5        0E1E
__ptext6                        text6        0E16
__ptext7                        text7        0E49
__ptext8                        text8        0E40
__ptext9                        text9        0E0E
__size_of_I2C_Idle              (abs)        0000
__size_of_I2C_ReStart           (abs)        0000
__size_of_I2C_Read_Byte         (abs)        0000
__size_of_I2C_Send_NACK         (abs)        0000
__size_of_I2C_Start             (abs)        0000
__size_of_I2C_Stop              (abs)        0000
__size_of_I2C_Write_Byte        (abs)        0000
__size_of_InitI2C_Master        (abs)        0000
__size_of___awmod               (abs)        0000
__size_of___lwdiv               (abs)        0000
__size_of___lwmod               (abs)        0000
__size_of___wmul                (abs)        0000
__size_of_configAD              (abs)        0000
__size_of_configADInterrupt     (abs)        0000
__size_of_configRS232           (abs)        0000
__size_of_configTimer           (abs)        0000
__size_of_configUSARTInterrupts (abs)        0000
__size_of_interruptions         (abs)        0000
__size_of_isdigit               (abs)        0000
__size_of_main                  (abs)        0000
__size_of_printf                (abs)        0000
__size_of_putch                 (abs)        0000
__size_of_read_RTC_I2c          (abs)        0000
__size_of_selectChanel          (abs)        0000
__size_of_strcpy                (abs)        0000
__size_of_write_RTC_I2c         (abs)        0000
__size_ofi1___lwdiv             (abs)        0000
__size_ofi1___lwmod             (abs)        0000
__size_ofi1___wmul              (abs)        0000
__size_ofi1_isdigit             (abs)        0000
__size_ofi1_printf              (abs)        0000
__size_ofi1_putch               (abs)        0000
__stringbase                    strings      0711
__stringtab                     strings      070C
_ano                            bssBANK0     0047
_changing                       bitbssBANK0  0298
_channel                        dataBANK0    0050
_configAD                       text21       0E88
_configADInterrupt              text20       0E2E
_configRS232                    text19       07EC
_configTimer                    text18       0E5E
_configUSARTInterrupts          text17       0E79
_contLedRD4                     bssBANK0     0048
_data_ADC                       bssBANK0     0045
_dia                            bssBANK0     0049
_dpowers                        strings      0712
_hasAnError                     bitbssBANK0  0299
_hexpowers                      strings      071C
_hora                           bssBANK0     004A
_i                              bssBANK0     004B
_id                             dataBANK0    0051
_interruptions                  text23       05C8
_isdigit                        text13       0E98
_isdigit$864                    cstackBANK0  0034
_leitura                        bssBANK0     004C
_main                           maintext     0457
_mes                            bssBANK0     004D
_minuto                         bssBANK0     004E
_printf                         text11       003B
_putch                          text12       0E06
_read_RTC_I2c                   text3        06B5
_receivedData                   dataBANK0    0052
_segundo                        bssBANK0     004F
_selectChanel                   text2        07AB
_strcpy                         text30       0EA8
_string                         bssBANK1     00A0
_string_aux                     bssBANK1     00BA
_write_RTC_I2c                  text1        063F
btemp                           (abs)        007E
clear_ram0                      clrtext      0E26
end_of_initialization           cinit        0037
i1___lwdiv                      text29       0F86
i1___lwdiv@counter              cstackCOMMON 0077
i1___lwdiv@dividend             cstackCOMMON 0072
i1___lwdiv@divisor              cstackCOMMON 0070
i1___lwdiv@quotient             cstackCOMMON 0075
i1___lwmod                      text28       0F20
i1___lwmod@counter              cstackCOMMON 007D
i1___lwmod@dividend             cstackCOMMON 007A
i1___lwmod@divisor              cstackCOMMON 0078
i1___wmul                       text27       0EDC
i1___wmul@multiplicand          cstackCOMMON 0072
i1___wmul@multiplier            cstackCOMMON 0070
i1___wmul@product               cstackCOMMON 0074
i1_isdigit                      text26       0E6B
i1_isdigit$864                  cstackCOMMON 0070
i1_printf                       text24       0288
i1_putch                        text25       0DFE
i1isdigit@c                     cstackCOMMON 0071
i1printf@ap                     cstackBANK0  0025
i1printf@c                      cstackBANK0  002C
i1printf@f                      cstackBANK0  0024
i1printf@flag                   cstackBANK0  0027
i1printf@idx                    cstackBANK0  0023
i1printf@prec                   cstackBANK0  0026
i1printf@val                    cstackBANK0  0028
i1printf@width                  cstackBANK0  002A
i1putch@byte                    cstackCOMMON 0070
interrupt_function              intentry     0004
intlevel0                       functab      0000
intlevel1                       functab      0000
intlevel2                       functab      0000
intlevel3                       functab      0000
intlevel4                       functab      0000
intlevel5                       functab      0000
isdigit@c                       cstackBANK0  0035
ltemp                           (abs)        007E
ltemp0                          (abs)        007E
ltemp1                          (abs)        0082
ltemp2                          (abs)        0086
ltemp3                          (abs)        0080
printf@ap                       cstackBANK1  00E5
printf@c                        cstackBANK1  00ED
printf@f                        cstackBANK1  00EA
printf@flag                     cstackBANK1  00E9
printf@idx                      cstackBANK1  00E4
printf@prec                     cstackBANK1  00E6
printf@val                      cstackBANK1  00E7
printf@width                    cstackBANK1  00EB
putch@byte                      cstackBANK0  0034
read_RTC_I2c@pos_memoria        cstackBANK0  0036
reset_vec                       reset_vec    0000
saved_w                         (abs)        007E
selectChanel@channel            cstackBANK0  0034
stackhi                         (abs)        0000
stacklo                         (abs)        0000
start                           init         0012
start_initialization            cinit        0015
strcpy@cp                       cstackCOMMON 0073
strcpy@from                     cstackCOMMON 0070
strcpy@to                       cstackCOMMON 0072
ttemp                           (abs)        007E
ttemp0                          (abs)        007E
ttemp1                          (abs)        0081
ttemp2                          (abs)        0084
ttemp3                          (abs)        0087
ttemp4                          (abs)        007F
wtemp                           (abs)        007E
wtemp0                          (abs)        007E
wtemp1                          (abs)        0080
wtemp2                          (abs)        0082
wtemp3                          (abs)        0084
wtemp4                          (abs)        0086
wtemp5                          (abs)        0088
wtemp6                          (abs)        007F


FUNCTION INFORMATION:

 *************** function _main *****************
 Defined at:
		line 138 in file "main.c"
 Parameters:    Size  Location     Type
		None
 Auto vars:     Size  Location     Type
		None
 Return value:  Size  Location     Type
		None               void
 Registers used:
		wreg, fsr0l, fsr0h, status,2, status,0, btemp+1, pclath, cstack
 Tracked objects:
		On entry : 
		On exit  : 
		Unchanged: 
 Data sizes:     COMMON   BANK0   BANK1   BANK3   BANK2
      Params:         0       0       0       0       0
      Locals:         0       0       0       0       0
      Temps:          0       0       0      14       0
      Totals:         0       0       0      14       0
Total ram usage:       14 bytes
 Hardware stack levels required when called:    5
 This function calls:
		_InitI2C_Master
		_configAD
		_configADInterrupt
		_configRS232
		_configTimer
		_configUSARTInterrupts
		_printf
		_read_RTC_I2c
		_selectChanel
		_write_RTC_I2c
 This function is called by:
		Startup code after reset
 This function uses a non-reentrant model


 *************** function _write_RTC_I2c *****************
 Defined at:
		line 84 in file "main.c"
 Parameters:    Size  Location     Type
		None
 Auto vars:     Size  Location     Type
		None
 Return value:  Size  Location     Type
		None               void
 Registers used:
		wreg, status,2, status,0, pclath, cstack
 Tracked objects:
		On entry : 
		On exit  : 
		Unchanged: 
 Data sizes:     COMMON   BANK0   BANK1   BANK3   BANK2
      Params:         0       0       0       0       0
      Locals:         0       0       0       0       0
      Temps:          0       0       0       0       0
      Totals:         0       0       0       0       0
Total ram usage:        0 bytes
 Hardware stack levels used:    1
 Hardware stack levels required when called:    4
 This function calls:
		_I2C_Idle
		_I2C_Start
		_I2C_Stop
		_I2C_Write_Byte
 This function is called by:
		_main
 This function uses a non-reentrant model


 *************** function _selectChanel *****************
 Defined at:
		line 53 in file "ad.c"
 Parameters:    Size  Location     Type
  channel         1    wreg     unsigned char 
 Auto vars:     Size  Location     Type
  channel         1   20[BANK0 ] unsigned char 
 Return value:  Size  Location     Type
		None               void
 Registers used:
		wreg, status,2, status,0
 Tracked objects:
		On entry : 
		On exit  : 
		Unchanged: 
 Data sizes:     COMMON   BANK0   BANK1   BANK3   BANK2
      Params:         0       0       0       0       0
      Locals:         0       1       0       0       0
      Temps:          0       0       0       0       0
      Totals:         0       1       0       0       0
Total ram usage:        1 bytes
 Hardware stack levels used:    1
 Hardware stack levels required when called:    3
 This function calls:
		Nothing
 This function is called by:
		_main
 This function uses a non-reentrant model


 *************** function _read_RTC_I2c *****************
 Defined at:
		line 118 in file "main.c"
 Parameters:    Size  Location     Type
  pos_memoria     1    wreg     unsigned char 
 Auto vars:     Size  Location     Type
  pos_memoria     1   22[BANK0 ] unsigned char 
 Return value:  Size  Location     Type
		None               void
 Registers used:
		wreg, status,2, status,0, pclath, cstack
 Tracked objects:
		On entry : 
		On exit  : 
		Unchanged: 
 Data sizes:     COMMON   BANK0   BANK1   BANK3   BANK2
      Params:         0       0       0       0       0
      Locals:         0       1       0       0       0
      Temps:          0       1       0       0       0
      Totals:         0       2       0       0       0
Total ram usage:        2 bytes
 Hardware stack levels used:    1
 Hardware stack levels required when called:    4
 This function calls:
		_I2C_Idle
		_I2C_ReStart
		_I2C_Read_Byte
		_I2C_Send_NACK
		_I2C_Start
		_I2C_Stop
		_I2C_Write_Byte
 This function is called by:
		_main
 This function uses a non-reentrant model


 *************** function _I2C_Write_Byte *****************
 Defined at:
		line 108 in file "i2c.c"
 Parameters:    Size  Location     Type
  Byte            1    wreg     unsigned char 
 Auto vars:     Size  Location     Type
  Byte            1   20[BANK0 ] unsigned char 
 Return value:  Size  Location     Type
		None               void
 Registers used:
		wreg
 Tracked objects:
		On entry : 
		On exit  : 
		Unchanged: 
 Data sizes:     COMMON   BANK0   BANK1   BANK3   BANK2
      Params:         0       0       0       0       0
      Locals:         0       1       0       0       0
      Temps:          0       0       0       0       0
      Totals:         0       1       0       0       0
Total ram usage:        1 bytes
 Hardware stack levels used:    1
 Hardware stack levels required when called:    3
 This function calls:
		Nothing
 This function is called by:
		_write_RTC_I2c
		_read_RTC_I2c
 This function uses a non-reentrant model


 *************** function _I2C_Stop *****************
 Defined at:
		line 88 in file "i2c.c"
 Parameters:    Size  Location     Type
		None
 Auto vars:     Size  Location     Type
		None
 Return value:  Size  Location     Type
		None               void
 Registers used:
		None
 Tracked objects:
		On entry : 
		On exit  : 
		Unchanged: 
 Data sizes:     COMMON   BANK0   BANK1   BANK3   BANK2
      Params:         0       0       0       0       0
      Locals:         0       0       0       0       0
      Temps:          0       0       0       0       0
      Totals:         0       0       0       0       0
Total ram usage:        0 bytes
 Hardware stack levels used:    1
 Hardware stack levels required when called:    3
 This function calls:
		Nothing
 This function is called by:
		_write_RTC_I2c
		_read_RTC_I2c
 This function uses a non-reentrant model


 *************** function _I2C_Start *****************
 Defined at:
		line 74 in file "i2c.c"
 Parameters:    Size  Location     Type
		None
 Auto vars:     Size  Location     Type
		None
 Return value:  Size  Location     Type
		None               void
 Registers used:
		None
 Tracked objects:
		On entry : 
		On exit  : 
		Unchanged: 
 Data sizes:     COMMON   BANK0   BANK1   BANK3   BANK2
      Params:         0       0       0       0       0
      Locals:         0       0       0       0       0
      Temps:          0       0       0       0       0
      Totals:         0       0       0       0       0
Total ram usage:        0 bytes
 Hardware stack levels used:    1
 Hardware stack levels required when called:    3
 This function calls:
		Nothing
 This function is called by:
		_write_RTC_I2c
		_read_RTC_I2c
 This function uses a non-reentrant model


 *************** function _I2C_Send_NACK *****************
 Defined at:
		line 101 in file "i2c.c"
 Parameters:    Size  Location     Type
		None
 Auto vars:     Size  Location     Type
		None
 Return value:  Size  Location     Type
		None               void
 Registers used:
		None
 Tracked objects:
		On entry : 
		On exit  : 
		Unchanged: 
 Data sizes:     COMMON   BANK0   BANK1   BANK3   BANK2
      Params:         0       0       0       0       0
      Locals:         0       0       0       0       0
      Temps:          0       0       0       0       0
      Totals:         0       0       0       0       0
Total ram usage:        0 bytes
 Hardware stack levels used:    1
 Hardware stack levels required when called:    3
 This function calls:
		Nothing
 This function is called by:
		_read_RTC_I2c
 This function uses a non-reentrant model


 *************** function _I2C_Read_Byte *****************
 Defined at:
		line 116 in file "i2c.c"
 Parameters:    Size  Location     Type
		None
 Auto vars:     Size  Location     Type
		None
 Return value:  Size  Location     Type
                  1    wreg      unsigned char 
 Registers used:
		wreg
 Tracked objects:
		On entry : 
		On exit  : 
		Unchanged: 
 Data sizes:     COMMON   BANK0   BANK1   BANK3   BANK2
      Params:         0       0       0       0       0
      Locals:         0       0       0       0       0
      Temps:          0       0       0       0       0
      Totals:         0       0       0       0       0
Total ram usage:        0 bytes
 Hardware stack levels used:    1
 Hardware stack levels required when called:    3
 This function calls:
		Nothing
 This function is called by:
		_read_RTC_I2c
 This function uses a non-reentrant model


 *************** function _I2C_ReStart *****************
 Defined at:
		line 81 in file "i2c.c"
 Parameters:    Size  Location     Type
		None
 Auto vars:     Size  Location     Type
		None
 Return value:  Size  Location     Type
		None               void
 Registers used:
		None
 Tracked objects:
		On entry : 
		On exit  : 
		Unchanged: 
 Data sizes:     COMMON   BANK0   BANK1   BANK3   BANK2
      Params:         0       0       0       0       0
      Locals:         0       0       0       0       0
      Temps:          0       0       0       0       0
      Totals:         0       0       0       0       0
Total ram usage:        0 bytes
 Hardware stack levels used:    1
 Hardware stack levels required when called:    3
 This function calls:
		Nothing
 This function is called by:
		_read_RTC_I2c
 This function uses a non-reentrant model


 *************** function _I2C_Idle *****************
 Defined at:
		line 125 in file "i2c.c"
 Parameters:    Size  Location     Type
		None
 Auto vars:     Size  Location     Type
		None
 Return value:  Size  Location     Type
		None               void
 Registers used:
		wreg, status,2
 Tracked objects:
		On entry : 
		On exit  : 
		Unchanged: 
 Data sizes:     COMMON   BANK0   BANK1   BANK3   BANK2
      Params:         0       0       0       0       0
      Locals:         0       0       0       0       0
      Temps:          0       0       0       0       0
      Totals:         0       0       0       0       0
Total ram usage:        0 bytes
 Hardware stack levels used:    1
 Hardware stack levels required when called:    3
 This function calls:
		Nothing
 This function is called by:
		_write_RTC_I2c
		_read_RTC_I2c
 This function uses a non-reentrant model


 *************** function _printf *****************
 Defined at:
		line 464 in file "C:\Program Files (x86)\Microchip\xc8\v1.35\sources\common\doprnt.c"
 Parameters:    Size  Location     Type
  f               1    wreg     PTR const unsigned char 
		 -> STR_3(2), STR_2(38), STR_1(3), 
 Auto vars:     Size  Location     Type
  f               1   22[BANK1 ] PTR const unsigned char 
		 -> STR_3(2), STR_2(38), STR_1(3), 
  idx             1   16[BANK1 ] unsigned char 
  tmpval          4    0        struct .
  width           2   23[BANK1 ] int 
  val             2   19[BANK1 ] unsigned int 
  cp              2    0        PTR const unsigned char 
  len             2    0        unsigned int 
  c               1   25[BANK1 ] char 
  flag            1   21[BANK1 ] unsigned char 
  prec            1   18[BANK1 ] char 
  ap              1   17[BANK1 ] PTR void [1]
		 -> ?i1_printf(2), ?_printf(2), 
 Return value:  Size  Location     Type
                  2    0[BANK1 ] int 
 Registers used:
		wreg, fsr0l, fsr0h, status,2, status,0, btemp+1, pclath, cstack
 Tracked objects:
		On entry : 
		On exit  : 
		Unchanged: 
 Data sizes:     COMMON   BANK0   BANK1   BANK3   BANK2
      Params:         0       0      16       0       0
      Locals:         0       0      10       0       0
      Temps:          0       3       0       0       0
      Totals:         0       3      26       0       0
Total ram usage:       29 bytes
 Hardware stack levels used:    1
 Hardware stack levels required when called:    4
 This function calls:
		___lwdiv
		___lwmod
		___wmul
		_isdigit
		_putch
 This function is called by:
		_main
 This function uses a non-reentrant model


 *************** function _putch *****************
 Defined at:
		line 46 in file "usart.c"
 Parameters:    Size  Location     Type
  byte            1    wreg     unsigned char 
 Auto vars:     Size  Location     Type
  byte            1   20[BANK0 ] unsigned char 
 Return value:  Size  Location     Type
		None               void
 Registers used:
		wreg
 Tracked objects:
		On entry : 
		On exit  : 
		Unchanged: 
 Data sizes:     COMMON   BANK0   BANK1   BANK3   BANK2
      Params:         0       0       0       0       0
      Locals:         0       1       0       0       0
      Temps:          0       0       0       0       0
      Totals:         0       1       0       0       0
Total ram usage:        1 bytes
 Hardware stack levels used:    1
 Hardware stack levels required when called:    3
 This function calls:
		Nothing
 This function is called by:
		_printf
		_getche
 This function uses a non-reentrant model


 *************** function _isdigit *****************
 Defined at:
		line 8 in file "C:\Program Files (x86)\Microchip\xc8\v1.35\sources\common\isdigit.c"
 Parameters:    Size  Location     Type
  c               1    wreg     unsigned char 
 Auto vars:     Size  Location     Type
  c               1   21[BANK0 ] unsigned char 
 Return value:  Size  Location     Type
		None               void
 Registers used:
		wreg, status,2, status,0
 Tracked objects:
		On entry : 
		On exit  : 
		Unchanged: 
 Data sizes:     COMMON   BANK0   BANK1   BANK3   BANK2
      Params:         0       0       0       0       0
      Locals:         0       2       0       0       0
      Temps:          0       0       0       0       0
      Totals:         0       2       0       0       0
Total ram usage:        2 bytes
 Hardware stack levels used:    1
 Hardware stack levels required when called:    3
 This function calls:
		Nothing
 This function is called by:
		_printf
 This function uses a non-reentrant model


 *************** function ___wmul *****************
 Defined at:
		line 15 in file "C:\Program Files (x86)\Microchip\xc8\v1.35\sources\common\Umul16.c"
 Parameters:    Size  Location     Type
  multiplier      2   20[BANK0 ] unsigned int 
  multiplicand    2   22[BANK0 ] unsigned int 
 Auto vars:     Size  Location     Type
  product         2   24[BANK0 ] unsigned int 
 Return value:  Size  Location     Type
                  2   20[BANK0 ] unsigned int 
 Registers used:
		wreg, status,2, status,0
 Tracked objects:
		On entry : 
		On exit  : 
		Unchanged: 
 Data sizes:     COMMON   BANK0   BANK1   BANK3   BANK2
      Params:         0       4       0       0       0
      Locals:         0       2       0       0       0
      Temps:          0       0       0       0       0
      Totals:         0       6       0       0       0
Total ram usage:        6 bytes
 Hardware stack levels used:    1
 Hardware stack levels required when called:    3
 This function calls:
		Nothing
 This function is called by:
		_printf
 This function uses a non-reentrant model


 *************** function ___lwmod *****************
 Defined at:
		line 6 in file "C:\Program Files (x86)\Microchip\xc8\v1.35\sources\common\lwmod.c"
 Parameters:    Size  Location     Type
  divisor         2   28[BANK0 ] unsigned int 
  dividend        2   30[BANK0 ] unsigned int 
 Auto vars:     Size  Location     Type
  counter         1   33[BANK0 ] unsigned char 
 Return value:  Size  Location     Type
                  2   28[BANK0 ] unsigned int 
 Registers used:
		wreg, status,2, status,0
 Tracked objects:
		On entry : 
		On exit  : 
		Unchanged: 
 Data sizes:     COMMON   BANK0   BANK1   BANK3   BANK2
      Params:         0       4       0       0       0
      Locals:         0       1       0       0       0
      Temps:          0       1       0       0       0
      Totals:         0       6       0       0       0
Total ram usage:        6 bytes
 Hardware stack levels used:    1
 Hardware stack levels required when called:    3
 This function calls:
		Nothing
 This function is called by:
		_printf
 This function uses a non-reentrant model


 *************** function ___lwdiv *****************
 Defined at:
		line 6 in file "C:\Program Files (x86)\Microchip\xc8\v1.35\sources\common\lwdiv.c"
 Parameters:    Size  Location     Type
  divisor         2   20[BANK0 ] unsigned int 
  dividend        2   22[BANK0 ] unsigned int 
 Auto vars:     Size  Location     Type
  quotient        2   25[BANK0 ] unsigned int 
  counter         1   27[BANK0 ] unsigned char 
 Return value:  Size  Location     Type
                  2   20[BANK0 ] unsigned int 
 Registers used:
		wreg, status,2, status,0
 Tracked objects:
		On entry : 
		On exit  : 
		Unchanged: 
 Data sizes:     COMMON   BANK0   BANK1   BANK3   BANK2
      Params:         0       4       0       0       0
      Locals:         0       3       0       0       0
      Temps:          0       1       0       0       0
      Totals:         0       8       0       0       0
Total ram usage:        8 bytes
 Hardware stack levels used:    1
 Hardware stack levels required when called:    3
 This function calls:
		Nothing
 This function is called by:
		_printf
 This function uses a non-reentrant model


 *************** function _configUSARTInterrupts *****************
 Defined at:
		line 32 in file "usart.c"
 Parameters:    Size  Location     Type
		None
 Auto vars:     Size  Location     Type
		None
 Return value:  Size  Location     Type
		None               void
 Registers used:
		None
 Tracked objects:
		On entry : 
		On exit  : 
		Unchanged: 
 Data sizes:     COMMON   BANK0   BANK1   BANK3   BANK2
      Params:         0       0       0       0       0
      Locals:         0       0       0       0       0
      Temps:          0       0       0       0       0
      Totals:         0       0       0       0       0
Total ram usage:        0 bytes
 Hardware stack levels used:    1
 Hardware stack levels required when called:    3
 This function calls:
		Nothing
 This function is called by:
		_main
 This function uses a non-reentrant model


 *************** function _configTimer *****************
 Defined at:
		line 17 in file "timer0.c"
 Parameters:    Size  Location     Type
		None
 Auto vars:     Size  Location     Type
		None
 Return value:  Size  Location     Type
		None               void
 Registers used:
		None
 Tracked objects:
		On entry : 
		On exit  : 
		Unchanged: 
 Data sizes:     COMMON   BANK0   BANK1   BANK3   BANK2
      Params:         0       0       0       0       0
      Locals:         0       0       0       0       0
      Temps:          0       0       0       0       0
      Totals:         0       0       0       0       0
Total ram usage:        0 bytes
 Hardware stack levels used:    1
 Hardware stack levels required when called:    3
 This function calls:
		Nothing
 This function is called by:
		_main
 This function uses a non-reentrant model


 *************** function _configRS232 *****************
 Defined at:
		line 9 in file "usart.c"
 Parameters:    Size  Location     Type
		None
 Auto vars:     Size  Location     Type
		None
 Return value:  Size  Location     Type
		None               void
 Registers used:
		wreg
 Tracked objects:
		On entry : 
		On exit  : 
		Unchanged: 
 Data sizes:     COMMON   BANK0   BANK1   BANK3   BANK2
      Params:         0       0       0       0       0
      Locals:         0       0       0       0       0
      Temps:          0       0       0       0       0
      Totals:         0       0       0       0       0
Total ram usage:        0 bytes
 Hardware stack levels used:    1
 Hardware stack levels required when called:    3
 This function calls:
		Nothing
 This function is called by:
		_main
 This function uses a non-reentrant model


 *************** function _configADInterrupt *****************
 Defined at:
		line 11 in file "ad.c"
 Parameters:    Size  Location     Type
		None
 Auto vars:     Size  Location     Type
		None
 Return value:  Size  Location     Type
		None               void
 Registers used:
		None
 Tracked objects:
		On entry : 
		On exit  : 
		Unchanged: 
 Data sizes:     COMMON   BANK0   BANK1   BANK3   BANK2
      Params:         0       0       0       0       0
      Locals:         0       0       0       0       0
      Temps:          0       0       0       0       0
      Totals:         0       0       0       0       0
Total ram usage:        0 bytes
 Hardware stack levels used:    1
 Hardware stack levels required when called:    3
 This function calls:
		Nothing
 This function is called by:
		_main
 This function uses a non-reentrant model


 *************** function _configAD *****************
 Defined at:
		line 19 in file "ad.c"
 Parameters:    Size  Location     Type
		None
 Auto vars:     Size  Location     Type
		None
 Return value:  Size  Location     Type
		None               void
 Registers used:
		None
 Tracked objects:
		On entry : 
		On exit  : 
		Unchanged: 
 Data sizes:     COMMON   BANK0   BANK1   BANK3   BANK2
      Params:         0       0       0       0       0
      Locals:         0       0       0       0       0
      Temps:          0       0       0       0       0
      Totals:         0       0       0       0       0
Total ram usage:        0 bytes
 Hardware stack levels used:    1
 Hardware stack levels required when called:    3
 This function calls:
		Nothing
 This function is called by:
		_main
 This function uses a non-reentrant model


 *************** function _InitI2C_Master *****************
 Defined at:
		line 12 in file "i2c.c"
 Parameters:    Size  Location     Type
		None
 Auto vars:     Size  Location     Type
		None
 Return value:  Size  Location     Type
		None               void
 Registers used:
		wreg, status,2
 Tracked objects:
		On entry : 
		On exit  : 
		Unchanged: 
 Data sizes:     COMMON   BANK0   BANK1   BANK3   BANK2
      Params:         0       0       0       0       0
      Locals:         0       0       0       0       0
      Temps:          0       0       0       0       0
      Totals:         0       0       0       0       0
Total ram usage:        0 bytes
 Hardware stack levels used:    1
 Hardware stack levels required when called:    3
 This function calls:
		Nothing
 This function is called by:
		_main
 This function uses a non-reentrant model


 *************** function _interruptions *****************
 Defined at:
		line 39 in file "main.c"
 Parameters:    Size  Location     Type
		None
 Auto vars:     Size  Location     Type
		None
 Return value:  Size  Location     Type
		None               void
 Registers used:
		wreg, fsr0l, fsr0h, status,2, status,0, btemp+1, pclath, cstack
 Tracked objects:
		On entry : 
		On exit  : 
		Unchanged: 
 Data sizes:     COMMON   BANK0   BANK1   BANK3   BANK2
      Params:         0       0       0       0       0
      Locals:         0       0       0       0       0
      Temps:          0       7       0       0       0
      Totals:         0       7       0       0       0
Total ram usage:        7 bytes
 Hardware stack levels used:    1
 Hardware stack levels required when called:    2
 This function calls:
		___awmod
		_strcpy
		i1_printf
 This function is called by:
		Interrupt level 1
 This function uses a non-reentrant model


 *************** function i1_printf *****************
 Defined at:
		line 464 in file "C:\Program Files (x86)\Microchip\xc8\v1.35\sources\common\doprnt.c"
 Parameters:    Size  Location     Type
  f               1    wreg     PTR const unsigned char 
		 -> STR_3(2), STR_2(38), STR_1(3), 
 Auto vars:     Size  Location     Type
  f               1    4[BANK0 ] PTR const unsigned char 
		 -> STR_3(2), STR_2(38), STR_1(3), 
  printf          4    0        struct .
  printf          2   10[BANK0 ] int 
  printf          2    8[BANK0 ] unsigned int 
  printf          2    0        PTR const unsigned char 
  printf          2    0        unsigned int 
  printf          1   12[BANK0 ] char 
  printf          1    7[BANK0 ] unsigned char 
  printf          1    6[BANK0 ] char 
  printf          1    5[BANK0 ] PTR void [1]
		 -> ?i1_printf(2), ?_printf(2), 
  printf          1    3[BANK0 ] unsigned char 
 Return value:  Size  Location     Type
                  2    0[None  ] int 
 Registers used:
		wreg, fsr0l, fsr0h, status,2, status,0, btemp+1, pclath, cstack
 Tracked objects:
		On entry : 
		On exit  : 
		Unchanged: 
 Data sizes:     COMMON   BANK0   BANK1   BANK3   BANK2
      Params:         0       0       0       0       0
      Locals:         0      10       0       0       0
      Temps:          0       3       0       0       0
      Totals:         0      13       0       0       0
Total ram usage:       13 bytes
 Hardware stack levels used:    1
 Hardware stack levels required when called:    1
 This function calls:
		i1___lwdiv
		i1___lwmod
		i1___wmul
		i1_isdigit
		i1_putch
 This function is called by:
		_interruptions
 This function uses a non-reentrant model


 *************** function i1_putch *****************
 Defined at:
		line 46 in file "usart.c"
 Parameters:    Size  Location     Type
  byte            1    wreg     unsigned char 
 Auto vars:     Size  Location     Type
  byte            1    0[COMMON] unsigned char 
 Return value:  Size  Location     Type
		None               void
 Registers used:
		wreg
 Tracked objects:
		On entry : 
		On exit  : 
		Unchanged: 
 Data sizes:     COMMON   BANK0   BANK1   BANK3   BANK2
      Params:         0       0       0       0       0
      Locals:         1       0       0       0       0
      Temps:          0       0       0       0       0
      Totals:         1       0       0       0       0
Total ram usage:        1 bytes
 Hardware stack levels used:    1
 This function calls:
		Nothing
 This function is called by:
		i1_printf
 This function uses a non-reentrant model


 *************** function i1_isdigit *****************
 Defined at:
		line 8 in file "C:\Program Files (x86)\Microchip\xc8\v1.35\sources\common\isdigit.c"
 Parameters:    Size  Location     Type
  c               1    wreg     unsigned char 
 Auto vars:     Size  Location     Type
  c               1    1[COMMON] unsigned char 
 Return value:  Size  Location     Type
		None               void
 Registers used:
		wreg, status,2, status,0
 Tracked objects:
		On entry : 
		On exit  : 
		Unchanged: 
 Data sizes:     COMMON   BANK0   BANK1   BANK3   BANK2
      Params:         0       0       0       0       0
      Locals:         2       0       0       0       0
      Temps:          0       0       0       0       0
      Totals:         2       0       0       0       0
Total ram usage:        2 bytes
 Hardware stack levels used:    1
 This function calls:
		Nothing
 This function is called by:
		i1_printf
 This function uses a non-reentrant model


 *************** function i1___wmul *****************
 Defined at:
		line 15 in file "C:\Program Files (x86)\Microchip\xc8\v1.35\sources\common\Umul16.c"
 Parameters:    Size  Location     Type
  multiplier      2    0[COMMON] unsigned int 
  multiplicand    2    2[COMMON] unsigned int 
 Auto vars:     Size  Location     Type
  __wmul          2    4[COMMON] unsigned int 
 Return value:  Size  Location     Type
                  2    0[COMMON] unsigned int 
 Registers used:
		wreg, status,2, status,0
 Tracked objects:
		On entry : 
		On exit  : 
		Unchanged: 
 Data sizes:     COMMON   BANK0   BANK1   BANK3   BANK2
      Params:         4       0       0       0       0
      Locals:         2       0       0       0       0
      Temps:          0       0       0       0       0
      Totals:         6       0       0       0       0
Total ram usage:        6 bytes
 Hardware stack levels used:    1
 This function calls:
		Nothing
 This function is called by:
		i1_printf
 This function uses a non-reentrant model


 *************** function i1___lwmod *****************
 Defined at:
		line 6 in file "C:\Program Files (x86)\Microchip\xc8\v1.35\sources\common\lwmod.c"
 Parameters:    Size  Location     Type
  divisor         2    8[COMMON] unsigned int 
  dividend        2   10[COMMON] unsigned int 
 Auto vars:     Size  Location     Type
  __lwmod         1   13[COMMON] unsigned char 
 Return value:  Size  Location     Type
                  2    8[COMMON] unsigned int 
 Registers used:
		wreg, status,2, status,0
 Tracked objects:
		On entry : 
		On exit  : 
		Unchanged: 
 Data sizes:     COMMON   BANK0   BANK1   BANK3   BANK2
      Params:         4       0       0       0       0
      Locals:         1       0       0       0       0
      Temps:          1       0       0       0       0
      Totals:         6       0       0       0       0
Total ram usage:        6 bytes
 Hardware stack levels used:    1
 This function calls:
		Nothing
 This function is called by:
		i1_printf
 This function uses a non-reentrant model


 *************** function i1___lwdiv *****************
 Defined at:
		line 6 in file "C:\Program Files (x86)\Microchip\xc8\v1.35\sources\common\lwdiv.c"
 Parameters:    Size  Location     Type
  divisor         2    0[COMMON] unsigned int 
  dividend        2    2[COMMON] unsigned int 
 Auto vars:     Size  Location     Type
  __lwdiv         2    5[COMMON] unsigned int 
  __lwdiv         1    7[COMMON] unsigned char 
 Return value:  Size  Location     Type
                  2    0[COMMON] unsigned int 
 Registers used:
		wreg, status,2, status,0
 Tracked objects:
		On entry : 
		On exit  : 
		Unchanged: 
 Data sizes:     COMMON   BANK0   BANK1   BANK3   BANK2
      Params:         4       0       0       0       0
      Locals:         3       0       0       0       0
      Temps:          1       0       0       0       0
      Totals:         8       0       0       0       0
Total ram usage:        8 bytes
 Hardware stack levels used:    1
 This function calls:
		Nothing
 This function is called by:
		i1_printf
 This function uses a non-reentrant model


 *************** function _strcpy *****************
 Defined at:
		line 8 in file "C:\Program Files (x86)\Microchip\xc8\v1.35\sources\common\strcpy.c"
 Parameters:    Size  Location     Type
  to              1    wreg     PTR unsigned char 
		 -> string(26), 
  from            1    0[COMMON] PTR const unsigned char 
		 -> string_aux(26), 
 Auto vars:     Size  Location     Type
  to              1    2[COMMON] PTR unsigned char 
		 -> string(26), 
  cp              1    3[COMMON] PTR unsigned char 
		 -> string(26), 
 Return value:  Size  Location     Type
                  1    wreg      PTR unsigned char 
 Registers used:
		wreg, fsr0l, fsr0h, status,2, status,0
 Tracked objects:
		On entry : 
		On exit  : 
		Unchanged: 
 Data sizes:     COMMON   BANK0   BANK1   BANK3   BANK2
      Params:         1       0       0       0       0
      Locals:         2       0       0       0       0
      Temps:          1       0       0       0       0
      Totals:         4       0       0       0       0
Total ram usage:        4 bytes
 Hardware stack levels used:    1
 This function calls:
		Nothing
 This function is called by:
		_interruptions
 This function uses a non-reentrant model


 *************** function ___awmod *****************
 Defined at:
		line 6 in file "C:\Program Files (x86)\Microchip\xc8\v1.35\sources\common\awmod.c"
 Parameters:    Size  Location     Type
  divisor         2    0[COMMON] int 
  dividend        2    2[COMMON] int 
 Auto vars:     Size  Location     Type
  sign            1    6[COMMON] unsigned char 
  counter         1    5[COMMON] unsigned char 
 Return value:  Size  Location     Type
                  2    0[COMMON] int 
 Registers used:
		wreg, status,2, status,0
 Tracked objects:
		On entry : 
		On exit  : 
		Unchanged: 
 Data sizes:     COMMON   BANK0   BANK1   BANK3   BANK2
      Params:         4       0       0       0       0
      Locals:         2       0       0       0       0
      Temps:          1       0       0       0       0
      Totals:         7       0       0       0       0
Total ram usage:        7 bytes
 Hardware stack levels used:    1
 This function calls:
		Nothing
 This function is called by:
		_interruptions
 This function uses a non-reentrant model



MODULE INFORMATION

Module		Function		Class		Link	Load	Size
C:\Program Files (x86)\Microchip\xc8\v1.35\sources\common\isdigit.c
		_isdigit       		CODE           	0E98	0000	17

C:\Program Files (x86)\Microchip\xc8\v1.35\sources\common\isdigit.c estimated size: 17

usart.c
		_putch         		CODE           	0E06	0000	9
		_configUSARTInterrupts		CODE           	0E79	0000	16
		_configRS232   		CODE           	07EC	0000	18

usart.c estimated size: 43

i2c.c
		_I2C_Idle      		CODE           	0E37	0000	10
		_I2C_Stop      		CODE           	0E1E	0000	9
		_I2C_Write_Byte		CODE           	0E52	0000	13
		_I2C_Read_Byte 		CODE           	0E40	0000	10
		_I2C_Send_NACK 		CODE           	0E49	0000	10
		_InitI2C_Master		CODE           	0EC2	0000	27
		_I2C_Start     		CODE           	0E16	0000	9
		_I2C_ReStart   		CODE           	0E0E	0000	9

i2c.c estimated size: 97

C:\Program Files (x86)\Microchip\xc8\v1.35\sources\common\strcpy.c
		_strcpy        		CODE           	0EA8	0000	27

C:\Program Files (x86)\Microchip\xc8\v1.35\sources\common\strcpy.c estimated size: 27

ad.c
		_configAD      		CODE           	0E88	0000	17
		_configADInterrupt		CODE           	0E2E	0000	10
		_selectChanel  		CODE           	07AB	0000	66

ad.c estimated size: 93

timer0.c
		_configTimer   		CODE           	0E5E	0000	14

timer0.c estimated size: 14

C:\Program Files (x86)\Microchip\xc8\v1.35\sources\common\lwmod.c
		___lwmod       		CODE           	0F52	0000	53

C:\Program Files (x86)\Microchip\xc8\v1.35\sources\common\lwmod.c estimated size: 53

C:\Program Files (x86)\Microchip\xc8\v1.35\sources\common\doprnt.c
		_printf        		CODE           	003B	0000	590

C:\Program Files (x86)\Microchip\xc8\v1.35\sources\common\doprnt.c estimated size: 590

shared
		i1_printf      		CODE           	0288	0000	464
		i1_putch       		CODE           	0DFE	0000	9
		__stringtab    		STRING         	070C	0000	7
		i1___lwdiv     		CODE           	0F86	0000	61
		_dpowers       		STRING         	0712	0000	11
		i1_isdigit     		CODE           	0E6B	0000	15
		i1___wmul      		CODE           	0EDC	0000	34
		i1___lwmod     		CODE           	0F20	0000	51
		__initialization		CODE           	0015	0000	35
		_hexpowers     		STRING         	071C	0000	9

shared estimated size: 696

C:\Program Files (x86)\Microchip\xc8\v1.35\sources\common\awmod.c
		___awmod       		CODE           	0760	0000	76

C:\Program Files (x86)\Microchip\xc8\v1.35\sources\common\awmod.c estimated size: 76

C:\Program Files (x86)\Microchip\xc8\v1.35\sources\common\lwdiv.c
		___lwdiv       		CODE           	0FC2	0000	63

C:\Program Files (x86)\Microchip\xc8\v1.35\sources\common\lwdiv.c estimated size: 63

C:\Program Files (x86)\Microchip\xc8\v1.35\sources\common\Umul16.c
		___wmul        		CODE           	0EFD	0000	36

C:\Program Files (x86)\Microchip\xc8\v1.35\sources\common\Umul16.c estimated size: 36

main.c
		_main          		CODE           	0457	0000	370
		_read_RTC_I2c  		CODE           	06B5	0000	88
		_interruptions 		CODE           	05C8	0000	120
		_write_RTC_I2c 		CODE           	063F	0000	119

main.c estimated size: 697

