Microchip MPLAB XC8 Compiler V1.35 ()

Linker command line:

--edf=C:\Program Files (x86)\Microchip\xc8\v1.35\dat\en_msgs.txt -cs \
  -h+dist/default/production\Functional_v1.0.X.production.sym \
  --cmf=dist/default/production\Functional_v1.0.X.production.cmf -z \
  -Q18F4550 -oC:\Users\Nathan\AppData\Local\Temp\s7b4.2 \
  -Mdist/default/production/Functional_v1.0.X.production.map -E1 -ver=XC8 \
  -ASTACK=0A1h-07ffh -pstack=STACK -ACODE=00h-07FFFh -ACONST=00h-07FFFh \
  -ASMALLCONST=0800h-08FFhx120 -AMEDIUMCONST=0800h-07FFFh -ACOMRAM=01h-05Fh \
  -AABS1=00h-07FFh -ABIGRAM=01h-07FFh -ARAM=060h-0FFh,0100h-01FFhx7 \
  -ABANK0=060h-0FFh -ABANK1=0100h-01FFh -ABANK2=0200h-02FFh \
  -ABANK3=0300h-03FFh -ABANK4=0400h-04FFh -ABANK5=0500h-05FFh \
  -ABANK6=0600h-06FFh -ABANK7=0700h-07FFh -ASFR=0F60h-0FFFh \
  -preset_vec=00h,intcode=08h,intcodelo,powerup,init,end_init \
  -pramtop=0800h -psmallconst=SMALLCONST -pmediumconst=MEDIUMCONST \
  -pconst=CONST -AFARRAM=00h-00h -ACONFIG=0300000h-030000Dh -pconfig=CONFIG \
  -AIDLOC=0200000h-0200007h -pidloc=IDLOC -AEEDATA=0F00000h-0F000FFh \
  -peeprom_data=EEDATA \
  -prdata=COMRAM,nvrram=COMRAM,nvbit=COMRAM,rbss=COMRAM,rbit=COMRAM \
  -pfarbss=FARRAM,fardata=FARRAM,nvFARRAM=FARRAM \
  -pintsave_regs=BIGRAM,bigbss=BIGRAM,bigdata=BIGRAM -pbss=RAM \
  -pidata=CODE,irdata=CODE,ibigdata=CODE,ifardata=CODE -prparam=COMRAM \
  C:\Users\Nathan\AppData\Local\Temp\s7b4.obj \
  dist/default/production\Functional_v1.0.X.production.obj 

Object code version is 3.11

Machine type is 18F4550

Call graph: (short form)




                Name                               Link     Load   Length Selector   Space Scale
C:\Users\Nathan\AppData\Local\Temp\s7b4.obj
                end_init                             16       16        4        4       0
                reset_vec                             0        0        4        0       0
                idloc                            200000   200000        8   200000       0
                config                           300000   300000        E   300000       0
dist/default/production\Functional_v1.0.X.production.obj
                intcode                               8        8        E        4       0
                temp                                 4A       4A        1        1       1
                smallconst                          800      800       C2      400       0
                text31                             12E4     12E4       70      461       0
                text30                             1574     1574       2E      461       0
                text29                             1422     1422       52      461       0
                text28                             14C2     14C2       42      461       0
                text27                             15CC     15CC       26      461       0
                text26                             1614     1614       1E      461       0
                text25                             16D8     16D8        C      461       0
                text24                              BFC      BFC      2A6      461       0
                intcode_body                       102E     102E      138      461       0
                text22                             15F2     15F2       22      461       0
                text21                             164C     164C       1A      461       0
                text20                             1702     1702        A      461       0
                text19                             1666     1666       18      461       0
                text18                             1632     1632       1A      461       0
                text17                             16B2     16B2        E      461       0
                text16                             126C     126C       78      461       0
                text15                             13C0     13C0       62      461       0
                text14                             153E     153E       36      461       0
                text13                             15A2     15A2       2A      461       0
                text12                             16A4     16A4        E      461       0
                text11                              8C2      8C2      33A      461       0
                text10                             167E     167E       14      461       0
                text9                              16F8     16F8        A      461       0
                text8                              16CC     16CC        C      461       0
                text7                              16C0     16C0        C      461       0
                text6                              16EE     16EE        A      461       0
                text5                              16E4     16E4        A      461       0
                text4                              1692     1692       12      461       0
                text3                              1474     1474       4E      461       0
                text2                              1166     1166      106      461       0
                text1                              1354     1354       6C      461       0
                text0                               EA2      EA2      18C      461       0
                cstackCOMRAM                          1        1       2C        1       1
                cstackBANK0                          60       60       24       60       1
                bssBANK0                             84       84       1D       60       1
                dataCOMRAM                           49       49        1        1       1
                bssCOMRAM                            2D       2D       1B        1       1
                bitbssCOMRAM                        240       48        2        1       1     8
                cinit                              1504     1504       3A      461       0
                idataCOMRAM                        170C     170C        1      461       0

TOTAL           Name                               Link     Load   Length     Space
        CLASS   STACK          

        CLASS   CODE           
                end_init                             16       16        4         0
                intcode                               8        8        E         0
                reset_vec                             0        0        4         0
                text31                             12E4     12E4       70         0
                text30                             1574     1574       2E         0
                text29                             1422     1422       52         0
                text28                             14C2     14C2       42         0
                text27                             15CC     15CC       26         0
                text26                             1614     1614       1E         0
                text25                             16D8     16D8        C         0
                text24                              BFC      BFC      2A6         0
                intcode_body                       102E     102E      138         0
                text22                             15F2     15F2       22         0
                text21                             164C     164C       1A         0
                text20                             1702     1702        A         0
                text19                             1666     1666       18         0
                text18                             1632     1632       1A         0
                text17                             16B2     16B2        E         0
                text16                             126C     126C       78         0
                text15                             13C0     13C0       62         0
                text14                             153E     153E       36         0
                text13                             15A2     15A2       2A         0
                text12                             16A4     16A4        E         0
                text11                              8C2      8C2      33A         0
                text10                             167E     167E       14         0
                text9                              16F8     16F8        A         0
                text8                              16CC     16CC        C         0
                text7                              16C0     16C0        C         0
                text6                              16EE     16EE        A         0
                text5                              16E4     16E4        A         0
                text4                              1692     1692       12         0
                text3                              1474     1474       4E         0
                text2                              1166     1166      106         0
                text1                              1354     1354       6C         0
                text0                               EA2      EA2      18C         0
                cinit                              1504     1504       3A         0
                idataCOMRAM                        170C     170C        1         0

        CLASS   CONST          

        CLASS   SMALLCONST     
                smallconst                          800      800       C2         0

        CLASS   MEDIUMCONST    

        CLASS   COMRAM         
                temp                                 4A       4A        1         1
                cstackCOMRAM                          1        1       2C         1
                dataCOMRAM                           49       49        1         1
                bssCOMRAM                            2D       2D       1B         1
                bitbssCOMRAM                        240       48        2         1

        CLASS   ABS1           

        CLASS   BIGRAM         

        CLASS   RAM            

        CLASS   BANK0          
                cstackBANK0                          60       60       24         1
                bssBANK0                             84       84       1D         1

        CLASS   BANK1          

        CLASS   BANK2          

        CLASS   BANK3          

        CLASS   BANK4          

        CLASS   BANK5          

        CLASS   BANK6          

        CLASS   BANK7          

        CLASS   SFR            

        CLASS   FARRAM         

        CLASS   CONFIG         
                config                           300000   300000        E         0

        CLASS   IDLOC          
                idloc                            200000   200000        8         0

        CLASS   EEDATA         



SEGMENTS        Name                           Load    Length   Top    Selector   Space  Class

                reset_vec                      000000  000004  000004         0       0  CODE    
                cstackCOMRAM                   000001  00004A  00004B         1       1  COMRAM  
                intcode                        000008  000012  00001A         4       0  CODE    
                cstackBANK0                    000060  000041  0000A1        60       1  BANK0   
                smallconst                     000800  0000C2  0008C2       400       0  SMALLCON
                text11                         0008C2  000E4B  00170D       461       0  CODE    
                idloc                          200000  000008  200008    200000       0  IDLOC   
                config                         300000  00000E  30000E    300000       0  CONFIG  


UNUSED ADDRESS RANGES

        Name                Unused          Largest block    Delta
        BANK0            0000A1-0000FF               5F
        BANK1            000100-0001FF              100
        BANK2            000200-0002FF              100
        BANK3            000300-0003FF              100
        BANK4            000400-0004FF              100
        BANK5            000500-0005FF              100
        BANK6            000600-0006FF              100
        BANK7            000700-0007FF              100
        BIGRAM           00004B-00005F               15
                         0000A1-0007FF              75F
        CODE             000004-000007                4
                         00001A-0007FF              7E6
                         00170D-007FFF             68F3
        COMRAM           00004B-00005F               15
        CONST            000004-000007                4
                         00001A-0007FF              7E6
                         00170D-007FFF             68F3
        EEDATA           F00000-F000FF              100
        MEDIUMCONST      00170D-007FFF             68F3
        RAM              0000A1-0007FF              100
        SFR              000F60-000FFF               A0
        SMALLCONST       00170D-007FFF              100
        STACK            0000A1-0007FF              75F

                                  Symbol Table

?___awmod                       cstackCOMRAM 000001
?___lwdiv                       cstackBANK0  000060
?___lwmod                       cstackBANK0  000067
?___wmul                        cstackBANK0  000060
?_printf                        cstackBANK0  00006C
?i2___lwdiv                     cstackCOMRAM 000001
?i2___lwmod                     cstackCOMRAM 000008
?i2___wmul                      cstackCOMRAM 000001
?i2_printf                      cstackCOMRAM 00000D
I2C_Write_Byte@Byte             cstackBANK0  000060
_ADCON0bits                     (abs)        000FC2
_ADCON1bits                     (abs)        000FC1
_ADCON2bits                     (abs)        000FC0
_ADFM                           (abs)        007E07
_ADRESH                         (abs)        000FC4
_ADRESL                         (abs)        000FC3
_BRG16                          (abs)        007DC3
_BRGH                           (abs)        007D62
_CREN                           (abs)        007D5C
_FERR                           (abs)        007D5A
_GIE                            (abs)        007F97
_I2C_Idle                       text10       00167E
_I2C_ReStart                    text9        0016F8
_I2C_Read_Byte                  text8        0016CC
_I2C_Send_NACK                  text7        0016C0
_I2C_Start                      text6        0016EE
_I2C_Stop                       text5        0016E4
_I2C_Write_Byte                 text4        001692
_INTCONbits                     (abs)        000FF2
_InitI2C_Master                 text22       0015F2
_OERR                           (abs)        007D59
_PEIE                           (abs)        007F96
_PIE1bits                       (abs)        000F9D
_PIR1bits                       (abs)        000F9E
_PORTDbits                      (abs)        000F83
_RCIE                           (abs)        007CED
_RCIF                           (abs)        007CF5
_RCREG                          (abs)        000FAE
_RX9                            (abs)        007D5E
_RXDTP                          (abs)        007DC5
_SPBRG                          (abs)        000FAF
_SPEN                           (abs)        007D5F
_SSPADD                         (abs)        000FC8
_SSPBUF                         (abs)        000FC9
_SSPCON1                        (abs)        000FC6
_SSPCON1bits                    (abs)        000FC6
_SSPCON2                        (abs)        000FC5
_SSPCON2bits                    (abs)        000FC5
_SSPIF                          (abs)        007CF3
_SSPSTAT                        (abs)        000FC7
_SSPSTATbits                    (abs)        000FC7
_SYNC                           (abs)        007D64
_T0CONbits                      (abs)        000FD5
_TMR0IP                         (abs)        007F8A
_TRISBbits                      (abs)        000F93
_TRISD3                         (abs)        007CAB
_TRISD4                         (abs)        007CAC
_TX9                            (abs)        007D66
_TXEN                           (abs)        007D65
_TXIE                           (abs)        007CEC
_TXIF                           (abs)        007CF4
_TXREG                          (abs)        000FAD
__CFG_BOR$OFF                   (abs)        000000
__CFG_BORV$3                    (abs)        000000
__CFG_CCP2MX$OFF                (abs)        000000
__CFG_CP0$OFF                   (abs)        000000
__CFG_CP1$OFF                   (abs)        000000
__CFG_CP2$OFF                   (abs)        000000
__CFG_CP3$OFF                   (abs)        000000
__CFG_CPB$OFF                   (abs)        000000
__CFG_CPD$OFF                   (abs)        000000
__CFG_CPUDIV$OSC1_PLL2          (abs)        000000
__CFG_EBTR0$OFF                 (abs)        000000
__CFG_EBTR1$OFF                 (abs)        000000
__CFG_EBTR2$OFF                 (abs)        000000
__CFG_EBTR3$OFF                 (abs)        000000
__CFG_EBTRB$OFF                 (abs)        000000
__CFG_FCMEN$OFF                 (abs)        000000
__CFG_FOSC$HS                   (abs)        000000
__CFG_ICPRT$OFF                 (abs)        000000
__CFG_IESO$OFF                  (abs)        000000
__CFG_LPT1OSC$OFF               (abs)        000000
__CFG_LVP$OFF                   (abs)        000000
__CFG_MCLRE$ON                  (abs)        000000
__CFG_PBADEN$OFF                (abs)        000000
__CFG_PLLDIV$1                  (abs)        000000
__CFG_PWRT$OFF                  (abs)        000000
__CFG_STVREN$OFF                (abs)        000000
__CFG_USBDIV$1                  (abs)        000000
__CFG_VREGEN$OFF                (abs)        000000
__CFG_WDT$OFF                   (abs)        000000
__CFG_WDTPS$32768               (abs)        000000
__CFG_WRT0$OFF                  (abs)        000000
__CFG_WRT1$OFF                  (abs)        000000
__CFG_WRT2$OFF                  (abs)        000000
__CFG_WRT3$OFF                  (abs)        000000
__CFG_WRTB$OFF                  (abs)        000000
__CFG_WRTC$OFF                  (abs)        000000
__CFG_WRTD$OFF                  (abs)        000000
__CFG_XINST$OFF                 (abs)        000000
__HRAM                          (abs)        000000
__Habs1                         abs1         000000
__Hbank0                        bank0        000000
__Hbank1                        bank1        000000
__Hbank2                        bank2        000000
__Hbank3                        bank3        000000
__Hbank4                        bank4        000000
__Hbank5                        bank5        000000
__Hbank6                        bank6        000000
__Hbank7                        bank7        000000
__Hbigbss                       bigbss       000000
__Hbigdata                      bigdata      000000
__Hbigram                       bigram       000000
__HbitbssCOMRAM                 bitbssCOMRAM 000000
__Hbss                          bss          000000
__HbssBANK0                     bssBANK0     000000
__HbssCOMRAM                    bssCOMRAM    000000
__Hcinit                        cinit        000000
__Hclrtext                      clrtext      000000
__Hcomram                       comram       000000
__Hconfig                       config       30000E
__Hconst                        const        000000
__HcstackBANK0                  cstackBANK0  000000
__HcstackCOMRAM                 cstackCOMRAM 000000
__Hdata                         data         000000
__HdataCOMRAM                   dataCOMRAM   000000
__Heeprom_data                  eeprom_data  000000
__Hend_init                     end_init     00001A
__Hfarbss                       farbss       000000
__Hfardata                      fardata      000000
__Hibigdata                     ibigdata     000000
__Hidata                        idata        000000
__HidataCOMRAM                  idataCOMRAM  000000
__Hidloc                        idloc        200008
__Hifardata                     ifardata     000000
__Hinit                         init         000016
__Hintcode                      intcode      000016
__Hintcode_body                 intcode_body 000000
__Hintcodelo                    intcodelo    000016
__Hintentry                     intentry     000000
__Hintret                       intret       000000
__Hintsave_regs                 intsave_regs 000000
__Hirdata                       irdata       000000
__Hmediumconst                  mediumconst  000000
__HnvFARRAM                     nvFARRAM     000000
__Hnvbit                        nvbit        000000
__Hnvrram                       nvrram       000000
__Hparam                        rparam       000000
__Hpowerup                      powerup      000016
__Hram                          ram          000000
__Hramtop                       ramtop       000800
__Hrbit                         rbit         000000
__Hrbss                         rbss         000000
__Hrdata                        rdata        000000
__Hreset_vec                    reset_vec    000004
__Hrparam                       rparam       000000
__Hsfr                          sfr          000000
__Hsmallconst                   smallconst   0008C2
__Hspace_0                      (abs)        30000E
__Hspace_1                      (abs)        000242
__Hspace_2                      (abs)        000000
__Hstack                        stack        000000
__Hstruct                       struct       000000
__Htemp                         temp         00004B
__Htext                         text         000000
__Htext0                        text0        000000
__Htext1                        text1        000000
__Htext10                       text10       000000
__Htext11                       text11       000000
__Htext12                       text12       000000
__Htext13                       text13       000000
__Htext14                       text14       000000
__Htext15                       text15       000000
__Htext16                       text16       000000
__Htext17                       text17       000000
__Htext18                       text18       000000
__Htext19                       text19       000000
__Htext2                        text2        000000
__Htext20                       text20       000000
__Htext21                       text21       000000
__Htext22                       text22       000000
__Htext24                       text24       000000
__Htext25                       text25       000000
__Htext26                       text26       000000
__Htext27                       text27       000000
__Htext28                       text28       000000
__Htext29                       text29       000000
__Htext3                        text3        000000
__Htext30                       text30       000000
__Htext31                       text31       000000
__Htext4                        text4        000000
__Htext5                        text5        000000
__Htext6                        text6        000000
__Htext7                        text7        000000
__Htext8                        text8        000000
__Htext9                        text9        000000
__LRAM                          (abs)        000001
__Labs1                         abs1         000000
__Lbank0                        bank0        000000
__Lbank1                        bank1        000000
__Lbank2                        bank2        000000
__Lbank3                        bank3        000000
__Lbank4                        bank4        000000
__Lbank5                        bank5        000000
__Lbank6                        bank6        000000
__Lbank7                        bank7        000000
__Lbigbss                       bigbss       000000
__Lbigdata                      bigdata      000000
__Lbigram                       bigram       000000
__LbitbssCOMRAM                 bitbssCOMRAM 000000
__Lbss                          bss          000000
__LbssBANK0                     bssBANK0     000000
__LbssCOMRAM                    bssCOMRAM    000000
__Lcinit                        cinit        000000
__Lclrtext                      clrtext      000000
__Lcomram                       comram       000000
__Lconfig                       config       300000
__Lconst                        const        000000
__LcstackBANK0                  cstackBANK0  000000
__LcstackCOMRAM                 cstackCOMRAM 000000
__Ldata                         data         000000
__LdataCOMRAM                   dataCOMRAM   000000
__Leeprom_data                  eeprom_data  000000
__Lend_init                     end_init     000016
__Lfarbss                       farbss       000000
__Lfardata                      fardata      000000
__Libigdata                     ibigdata     000000
__Lidata                        idata        000000
__LidataCOMRAM                  idataCOMRAM  000000
__Lidloc                        idloc        200000
__Lifardata                     ifardata     000000
__Linit                         init         000016
__Lintcode                      intcode      000008
__Lintcode_body                 intcode_body 000000
__Lintcodelo                    intcodelo    000016
__Lintentry                     intentry     000000
__Lintret                       intret       000000
__Lintsave_regs                 intsave_regs 000000
__Lirdata                       irdata       000000
__Lmediumconst                  mediumconst  000000
__LnvFARRAM                     nvFARRAM     000000
__Lnvbit                        nvbit        000000
__Lnvrram                       nvrram       000000
__Lparam                        rparam       000000
__Lpowerup                      powerup      000016
__Lram                          ram          000000
__Lramtop                       ramtop       000800
__Lrbit                         rbit         000000
__Lrbss                         rbss         000000
__Lrdata                        rdata        000000
__Lreset_vec                    reset_vec    000000
__Lrparam                       rparam       000000
__Lsfr                          sfr          000000
__Lsmallconst                   smallconst   000800
__Lspace_0                      (abs)        000000
__Lspace_1                      (abs)        000000
__Lspace_2                      (abs)        000000
__Lstack                        stack        000000
__Lstruct                       struct       000000
__Ltemp                         temp         00004A
__Ltext                         text         000000
__Ltext0                        text0        000000
__Ltext1                        text1        000000
__Ltext10                       text10       000000
__Ltext11                       text11       000000
__Ltext12                       text12       000000
__Ltext13                       text13       000000
__Ltext14                       text14       000000
__Ltext15                       text15       000000
__Ltext16                       text16       000000
__Ltext17                       text17       000000
__Ltext18                       text18       000000
__Ltext19                       text19       000000
__Ltext2                        text2        000000
__Ltext20                       text20       000000
__Ltext21                       text21       000000
__Ltext22                       text22       000000
__Ltext24                       text24       000000
__Ltext25                       text25       000000
__Ltext26                       text26       000000
__Ltext27                       text27       000000
__Ltext28                       text28       000000
__Ltext29                       text29       000000
__Ltext3                        text3        000000
__Ltext30                       text30       000000
__Ltext31                       text31       000000
__Ltext4                        text4        000000
__Ltext5                        text5        000000
__Ltext6                        text6        000000
__Ltext7                        text7        000000
__Ltext8                        text8        000000
__Ltext9                        text9        000000
__S0                            (abs)        30000E
__S1                            (abs)        0000A1
__S2                            (abs)        000000
___awmod                        text31       0012E4
___awmod@counter                cstackCOMRAM 000005
___awmod@dividend               cstackCOMRAM 000001
___awmod@divisor                cstackCOMRAM 000003
___awmod@sign                   cstackCOMRAM 000006
___inthi_sp                     stack        000000
___intlo_sp                     stack        000000
___lwdiv                        text16       00126C
___lwdiv@counter                cstackBANK0  000064
___lwdiv@dividend               cstackBANK0  000060
___lwdiv@divisor                cstackBANK0  000062
___lwdiv@quotient               cstackBANK0  000065
___lwmod                        text15       0013C0
___lwmod@counter                cstackBANK0  00006B
___lwmod@dividend               cstackBANK0  000067
___lwmod@divisor                cstackBANK0  000069
___param_bank                   (abs)        000010
___rparam_used                  (abs)        000001
___sp                           stack        000000
___wmul                         text14       00153E
___wmul@multiplicand            cstackBANK0  000062
___wmul@multiplier              cstackBANK0  000060
___wmul@product                 cstackBANK0  000064
__accesstop                     (abs)        000060
__activetblptr                  (abs)        000002
__end_of_I2C_Idle               text10       001692
__end_of_I2C_ReStart            text9        001702
__end_of_I2C_Read_Byte          text8        0016D8
__end_of_I2C_Send_NACK          text7        0016CC
__end_of_I2C_Start              text6        0016F8
__end_of_I2C_Stop               text5        0016EE
__end_of_I2C_Write_Byte         text4        0016A4
__end_of_InitI2C_Master         text22       001614
__end_of___awmod                text31       001354
__end_of___lwdiv                text16       0012E4
__end_of___lwmod                text15       001422
__end_of___wmul                 text14       001574
__end_of__initialization        cinit        001530
__end_of_configAD               text21       001666
__end_of_configADInterrupt      text20       00170C
__end_of_configRS232            text19       00167E
__end_of_configTimer            text18       00164C
__end_of_configUSARTInterrupts  text17       0016C0
__end_of_dpowers                smallconst   00080B
__end_of_hexpowers              smallconst   000813
__end_of_interruptions          intcode_body 001166
__end_of_isdigit                text13       0015CC
__end_of_main                   text0        00102E
__end_of_printf                 text11       000BFC
__end_of_putch                  text12       0016B2
__end_of_read_RTC_I2c           text3        0014C2
__end_of_selectChanel           text2        00126C
__end_of_strcpy                 text30       0015A2
__end_of_write_RTC_I2c          text1        0013C0
__end_ofi2___lwdiv              text29       001474
__end_ofi2___lwmod              text28       001504
__end_ofi2___wmul               text27       0015F2
__end_ofi2_isdigit              text26       001632
__end_ofi2_printf               text24       000EA2
__end_ofi2_putch                text25       0016E4
__initialization                cinit        001504
__mediumconst                   mediumconst  000000
__pbitbssCOMRAM                 bitbssCOMRAM 000240
__pbssBANK0                     bssBANK0     000084
__pbssCOMRAM                    bssCOMRAM    00002D
__pcinit                        cinit        001504
__pcstackBANK0                  cstackBANK0  000060
__pcstackCOMRAM                 cstackCOMRAM 000001
__pdataCOMRAM                   dataCOMRAM   000049
__pidataCOMRAM                  idataCOMRAM  00170C
__pintcode                      intcode      000008
__pintcode_body                 intcode_body 00102E
__psmallconst                   smallconst   000800
__ptext0                        text0        000EA2
__ptext1                        text1        001354
__ptext10                       text10       00167E
__ptext11                       text11       0008C2
__ptext12                       text12       0016A4
__ptext13                       text13       0015A2
__ptext14                       text14       00153E
__ptext15                       text15       0013C0
__ptext16                       text16       00126C
__ptext17                       text17       0016B2
__ptext18                       text18       001632
__ptext19                       text19       001666
__ptext2                        text2        001166
__ptext20                       text20       001702
__ptext21                       text21       00164C
__ptext22                       text22       0015F2
__ptext24                       text24       000BFC
__ptext25                       text25       0016D8
__ptext26                       text26       001614
__ptext27                       text27       0015CC
__ptext28                       text28       0014C2
__ptext29                       text29       001422
__ptext3                        text3        001474
__ptext30                       text30       001574
__ptext31                       text31       0012E4
__ptext4                        text4        001692
__ptext5                        text5        0016E4
__ptext6                        text6        0016EE
__ptext7                        text7        0016C0
__ptext8                        text8        0016CC
__ptext9                        text9        0016F8
__ramtop                        ramtop       000800
__size_of_I2C_Idle              (abs)        000000
__size_of_I2C_ReStart           (abs)        000000
__size_of_I2C_Read_Byte         (abs)        000000
__size_of_I2C_Send_NACK         (abs)        000000
__size_of_I2C_Start             (abs)        000000
__size_of_I2C_Stop              (abs)        000000
__size_of_I2C_Write_Byte        (abs)        000000
__size_of_InitI2C_Master        (abs)        000000
__size_of___awmod               (abs)        000000
__size_of___lwdiv               (abs)        000000
__size_of___lwmod               (abs)        000000
__size_of___wmul                (abs)        000000
__size_of_configAD              (abs)        000000
__size_of_configADInterrupt     (abs)        000000
__size_of_configRS232           (abs)        000000
__size_of_configTimer           (abs)        000000
__size_of_configUSARTInterrupts (abs)        000000
__size_of_interruptions         (abs)        000000
__size_of_isdigit               (abs)        000000
__size_of_main                  (abs)        000000
__size_of_printf                (abs)        000000
__size_of_putch                 (abs)        000000
__size_of_read_RTC_I2c          (abs)        000000
__size_of_selectChanel          (abs)        000000
__size_of_strcpy                (abs)        000000
__size_of_write_RTC_I2c         (abs)        000000
__size_ofi2___lwdiv             (abs)        000000
__size_ofi2___lwmod             (abs)        000000
__size_ofi2___wmul              (abs)        000000
__size_ofi2_isdigit             (abs)        000000
__size_ofi2_printf              (abs)        000000
__size_ofi2_putch               (abs)        000000
__smallconst                    smallconst   000800
_configAD                       text21       00164C
_configADInterrupt              text20       001702
_configRS232                    text19       001666
_configTimer                    text18       001632
_configUSARTInterrupts          text17       0016B2
_data_ADC                       bssBANK0     000084
_dpowers                        smallconst   000801
_hasAnError                     bitbssCOMRAM 000240
_hexpowers                      smallconst   00080B
_i                              bssCOMRAM    00002D
_interruptions                  intcode      000008
_isdigit                        text13       0015A2
_isdigit$1320                   cstackBANK0  000061
_leitura                        bssBANK0     000086
_main                           text0        000EA2
_printf                         text11       0008C2
_putch                          text12       0016A4
_read_RTC_I2c                   text3        001474
_receivedData                   dataCOMRAM   000049
_selectChanel                   text2        001166
_strcpy                         text30       001574
_string                         bssBANK0     000087
_string_aux                     bssCOMRAM    00002E
_val                            bitbssCOMRAM 000241
_write_RTC_I2c                  text1        001354
btemp                           temp         00004A
end_of_initialization           cinit        001530
i2___lwdiv                      text29       001422
i2___lwdiv@counter              cstackCOMRAM 000007
i2___lwdiv@dividend             cstackCOMRAM 000001
i2___lwdiv@divisor              cstackCOMRAM 000003
i2___lwdiv@quotient             cstackCOMRAM 000005
i2___lwmod                      text28       0014C2
i2___lwmod@counter              cstackCOMRAM 00000C
i2___lwmod@dividend             cstackCOMRAM 000008
i2___lwmod@divisor              cstackCOMRAM 00000A
i2___wmul                       text27       0015CC
i2___wmul@multiplicand          cstackCOMRAM 000003
i2___wmul@multiplier            cstackCOMRAM 000001
i2___wmul@product               cstackCOMRAM 000005
i2_isdigit                      text26       001614
i2_isdigit$1320                 cstackCOMRAM 000002
i2_printf                       text24       000BFC
i2_putch                        text25       0016D8
i2isdigit@c                     cstackCOMRAM 000003
i2printf@ap                     cstackCOMRAM 000014
i2printf@c                      cstackCOMRAM 00001C
i2printf@f                      cstackCOMRAM 00000D
i2printf@flag                   cstackCOMRAM 000017
i2printf@idx                    cstackCOMRAM 000013
i2printf@prec                   cstackCOMRAM 000016
i2printf@val                    cstackCOMRAM 000018
i2printf@width                  cstackCOMRAM 00001A
i2putch@byte                    cstackCOMRAM 000001
int$flags                       temp         00004A
int_func                        intcode_body 00102E
intlevel0                       text         000000
intlevel1                       text         000000
intlevel2                       text         000000
intlevel3                       text         000000
isdigit@c                       cstackBANK0  000062
main@channel                    cstackBANK0  00007F
main@i                          cstackBANK0  000080
main@i_1065                     cstackBANK0  000082
printf@ap                       cstackBANK0  000075
printf@c                        cstackBANK0  00007D
printf@f                        cstackBANK0  00006C
printf@flag                     cstackBANK0  00007A
printf@idx                      cstackBANK0  000074
printf@prec                     cstackBANK0  000077
printf@val                      cstackBANK0  000078
printf@width                    cstackBANK0  00007B
putch@byte                      cstackBANK0  000060
read_RTC_I2c@pos_memoria        cstackBANK0  000061
selectChanel@channel            cstackBANK0  000060
stackhi                         (abs)        0007FF
stacklo                         (abs)        0000A1
start                           init         000016
start_initialization            cinit        001504
strcpy@cp                       cstackCOMRAM 000005
strcpy@from                     cstackCOMRAM 000003
strcpy@to                       cstackCOMRAM 000001


FUNCTION INFORMATION:

 *************** function _main *****************
 Defined at:
		line 122 in file "main.c"
 Parameters:    Size  Location     Type
		None
 Auto vars:     Size  Location     Type
  i               2   34[BANK0 ] int 
  i               2   32[BANK0 ] int 
  channel         1   31[BANK0 ] unsigned char 
 Return value:  Size  Location     Type
		None               void
 Registers used:
		wreg, fsr2l, fsr2h, status,2, status,0, tblptrl, tblptrh, tblptru, prodl, prodh, cstack
 Tracked objects:
		On entry : 
		On exit  : 
		Unchanged: 
 Data sizes:     COMRAM   BANK0   BANK1   BANK2   BANK3   BANK4   BANK5   BANK6   BANK7
      Params:         0       0       0       0       0       0       0       0       0
      Locals:         0       5       0       0       0       0       0       0       0
      Temps:          0       1       0       0       0       0       0       0       0
      Totals:         0       6       0       0       0       0       0       0       0
Total ram usage:        6 bytes
 Hardware stack levels required when called:    5
 This function calls:
		_InitI2C_Master
		_configAD
		_configADInterrupt
		_configRS232
		_configTimer
		_configUSARTInterrupts
		_printf
		_read_RTC_I2c
		_selectChanel
		_write_RTC_I2c
 This function is called by:
		Startup code after reset
 This function uses a non-reentrant model


 *************** function _write_RTC_I2c *****************
 Defined at:
		line 77 in file "main.c"
 Parameters:    Size  Location     Type
		None
 Auto vars:     Size  Location     Type
		None
 Return value:  Size  Location     Type
		None               void
 Registers used:
		wreg, status,2, status,0, cstack
 Tracked objects:
		On entry : 
		On exit  : 
		Unchanged: 
 Data sizes:     COMRAM   BANK0   BANK1   BANK2   BANK3   BANK4   BANK5   BANK6   BANK7
      Params:         0       0       0       0       0       0       0       0       0
      Locals:         0       0       0       0       0       0       0       0       0
      Temps:          0       0       0       0       0       0       0       0       0
      Totals:         0       0       0       0       0       0       0       0       0
Total ram usage:        0 bytes
 Hardware stack levels used:    1
 Hardware stack levels required when called:    4
 This function calls:
		_I2C_Idle
		_I2C_Start
		_I2C_Stop
		_I2C_Write_Byte
 This function is called by:
		_main
 This function uses a non-reentrant model


 *************** function _selectChanel *****************
 Defined at:
		line 44 in file "ad.c"
 Parameters:    Size  Location     Type
  channel         1    wreg     unsigned char 
 Auto vars:     Size  Location     Type
  channel         1    0[BANK0 ] unsigned char 
 Return value:  Size  Location     Type
		None               void
 Registers used:
		wreg, status,2, status,0
 Tracked objects:
		On entry : 
		On exit  : 
		Unchanged: 
 Data sizes:     COMRAM   BANK0   BANK1   BANK2   BANK3   BANK4   BANK5   BANK6   BANK7
      Params:         0       0       0       0       0       0       0       0       0
      Locals:         0       1       0       0       0       0       0       0       0
      Temps:          0       0       0       0       0       0       0       0       0
      Totals:         0       1       0       0       0       0       0       0       0
Total ram usage:        1 bytes
 Hardware stack levels used:    1
 Hardware stack levels required when called:    3
 This function calls:
		Nothing
 This function is called by:
		_main
 This function uses a non-reentrant model


 *************** function _read_RTC_I2c *****************
 Defined at:
		line 103 in file "main.c"
 Parameters:    Size  Location     Type
  pos_memoria     1    wreg     unsigned char 
 Auto vars:     Size  Location     Type
  pos_memoria     1    1[BANK0 ] unsigned char 
 Return value:  Size  Location     Type
		None               void
 Registers used:
		wreg, status,2, status,0, cstack
 Tracked objects:
		On entry : 
		On exit  : 
		Unchanged: 
 Data sizes:     COMRAM   BANK0   BANK1   BANK2   BANK3   BANK4   BANK5   BANK6   BANK7
      Params:         0       0       0       0       0       0       0       0       0
      Locals:         0       1       0       0       0       0       0       0       0
      Temps:          0       0       0       0       0       0       0       0       0
      Totals:         0       1       0       0       0       0       0       0       0
Total ram usage:        1 bytes
 Hardware stack levels used:    1
 Hardware stack levels required when called:    4
 This function calls:
		_I2C_Idle
		_I2C_ReStart
		_I2C_Read_Byte
		_I2C_Send_NACK
		_I2C_Start
		_I2C_Stop
		_I2C_Write_Byte
 This function is called by:
		_main
 This function uses a non-reentrant model


 *************** function _I2C_Write_Byte *****************
 Defined at:
		line 82 in file "i2c.c"
 Parameters:    Size  Location     Type
  Byte            1    wreg     unsigned char 
 Auto vars:     Size  Location     Type
  Byte            1    0[BANK0 ] unsigned char 
 Return value:  Size  Location     Type
		None               void
 Registers used:
		wreg
 Tracked objects:
		On entry : 
		On exit  : 
		Unchanged: 
 Data sizes:     COMRAM   BANK0   BANK1   BANK2   BANK3   BANK4   BANK5   BANK6   BANK7
      Params:         0       0       0       0       0       0       0       0       0
      Locals:         0       1       0       0       0       0       0       0       0
      Temps:          0       0       0       0       0       0       0       0       0
      Totals:         0       1       0       0       0       0       0       0       0
Total ram usage:        1 bytes
 Hardware stack levels used:    1
 Hardware stack levels required when called:    3
 This function calls:
		Nothing
 This function is called by:
		_write_RTC_I2c
		_read_RTC_I2c
 This function uses a non-reentrant model


 *************** function _I2C_Stop *****************
 Defined at:
		line 62 in file "i2c.c"
 Parameters:    Size  Location     Type
		None
 Auto vars:     Size  Location     Type
		None
 Return value:  Size  Location     Type
		None               void
 Registers used:
		None
 Tracked objects:
		On entry : 
		On exit  : 
		Unchanged: 
 Data sizes:     COMRAM   BANK0   BANK1   BANK2   BANK3   BANK4   BANK5   BANK6   BANK7
      Params:         0       0       0       0       0       0       0       0       0
      Locals:         0       0       0       0       0       0       0       0       0
      Temps:          0       0       0       0       0       0       0       0       0
      Totals:         0       0       0       0       0       0       0       0       0
Total ram usage:        0 bytes
 Hardware stack levels used:    1
 Hardware stack levels required when called:    3
 This function calls:
		Nothing
 This function is called by:
		_write_RTC_I2c
		_read_RTC_I2c
 This function uses a non-reentrant model


 *************** function _I2C_Start *****************
 Defined at:
		line 48 in file "i2c.c"
 Parameters:    Size  Location     Type
		None
 Auto vars:     Size  Location     Type
		None
 Return value:  Size  Location     Type
		None               void
 Registers used:
		None
 Tracked objects:
		On entry : 
		On exit  : 
		Unchanged: 
 Data sizes:     COMRAM   BANK0   BANK1   BANK2   BANK3   BANK4   BANK5   BANK6   BANK7
      Params:         0       0       0       0       0       0       0       0       0
      Locals:         0       0       0       0       0       0       0       0       0
      Temps:          0       0       0       0       0       0       0       0       0
      Totals:         0       0       0       0       0       0       0       0       0
Total ram usage:        0 bytes
 Hardware stack levels used:    1
 Hardware stack levels required when called:    3
 This function calls:
		Nothing
 This function is called by:
		_write_RTC_I2c
		_read_RTC_I2c
 This function uses a non-reentrant model


 *************** function _I2C_Send_NACK *****************
 Defined at:
		line 75 in file "i2c.c"
 Parameters:    Size  Location     Type
		None
 Auto vars:     Size  Location     Type
		None
 Return value:  Size  Location     Type
		None               void
 Registers used:
		None
 Tracked objects:
		On entry : 
		On exit  : 
		Unchanged: 
 Data sizes:     COMRAM   BANK0   BANK1   BANK2   BANK3   BANK4   BANK5   BANK6   BANK7
      Params:         0       0       0       0       0       0       0       0       0
      Locals:         0       0       0       0       0       0       0       0       0
      Temps:          0       0       0       0       0       0       0       0       0
      Totals:         0       0       0       0       0       0       0       0       0
Total ram usage:        0 bytes
 Hardware stack levels used:    1
 Hardware stack levels required when called:    3
 This function calls:
		Nothing
 This function is called by:
		_read_RTC_I2c
 This function uses a non-reentrant model


 *************** function _I2C_Read_Byte *****************
 Defined at:
		line 90 in file "i2c.c"
 Parameters:    Size  Location     Type
		None
 Auto vars:     Size  Location     Type
		None
 Return value:  Size  Location     Type
                  1    wreg      unsigned char 
 Registers used:
		wreg, status,2
 Tracked objects:
		On entry : 
		On exit  : 
		Unchanged: 
 Data sizes:     COMRAM   BANK0   BANK1   BANK2   BANK3   BANK4   BANK5   BANK6   BANK7
      Params:         0       0       0       0       0       0       0       0       0
      Locals:         0       0       0       0       0       0       0       0       0
      Temps:          0       0       0       0       0       0       0       0       0
      Totals:         0       0       0       0       0       0       0       0       0
Total ram usage:        0 bytes
 Hardware stack levels used:    1
 Hardware stack levels required when called:    3
 This function calls:
		Nothing
 This function is called by:
		_read_RTC_I2c
 This function uses a non-reentrant model


 *************** function _I2C_ReStart *****************
 Defined at:
		line 55 in file "i2c.c"
 Parameters:    Size  Location     Type
		None
 Auto vars:     Size  Location     Type
		None
 Return value:  Size  Location     Type
		None               void
 Registers used:
		None
 Tracked objects:
		On entry : 
		On exit  : 
		Unchanged: 
 Data sizes:     COMRAM   BANK0   BANK1   BANK2   BANK3   BANK4   BANK5   BANK6   BANK7
      Params:         0       0       0       0       0       0       0       0       0
      Locals:         0       0       0       0       0       0       0       0       0
      Temps:          0       0       0       0       0       0       0       0       0
      Totals:         0       0       0       0       0       0       0       0       0
Total ram usage:        0 bytes
 Hardware stack levels used:    1
 Hardware stack levels required when called:    3
 This function calls:
		Nothing
 This function is called by:
		_read_RTC_I2c
 This function uses a non-reentrant model


 *************** function _I2C_Idle *****************
 Defined at:
		line 99 in file "i2c.c"
 Parameters:    Size  Location     Type
		None
 Auto vars:     Size  Location     Type
		None
 Return value:  Size  Location     Type
		None               void
 Registers used:
		wreg, status,2, status,0
 Tracked objects:
		On entry : 
		On exit  : 
		Unchanged: 
 Data sizes:     COMRAM   BANK0   BANK1   BANK2   BANK3   BANK4   BANK5   BANK6   BANK7
      Params:         0       0       0       0       0       0       0       0       0
      Locals:         0       0       0       0       0       0       0       0       0
      Temps:          0       1       0       0       0       0       0       0       0
      Totals:         0       1       0       0       0       0       0       0       0
Total ram usage:        1 bytes
 Hardware stack levels used:    1
 Hardware stack levels required when called:    3
 This function calls:
		Nothing
 This function is called by:
		_write_RTC_I2c
		_read_RTC_I2c
 This function uses a non-reentrant model


 *************** function _printf *****************
 Defined at:
		line 464 in file "C:\Program Files (x86)\Microchip\xc8\v1.35\sources\common\doprnt.c"
 Parameters:    Size  Location     Type
  f               2   12[BANK0 ] PTR const unsigned char 
		 -> STR_8(7), STR_7(15), STR_6(28), STR_5(27), 
		 -> STR_4(25), STR_3(33), STR_2(21), STR_1(3), 
 Auto vars:     Size  Location     Type
  idx             1   20[BANK0 ] unsigned char 
  tmpval          4    0        struct .
  cp              3    0        PTR const unsigned char 
  width           2   27[BANK0 ] int 
  val             2   24[BANK0 ] unsigned int 
  ap              2   21[BANK0 ] PTR void [1]
		 -> ?i2_printf(2), ?_printf(2), 
  len             2    0        unsigned int 
  c               1   29[BANK0 ] char 
  flag            1   26[BANK0 ] unsigned char 
  prec            1   23[BANK0 ] char 
 Return value:  Size  Location     Type
                  2   12[BANK0 ] int 
 Registers used:
		wreg, fsr2l, fsr2h, status,2, status,0, tblptrl, tblptrh, tblptru, prodl, prodh, cstack
 Tracked objects:
		On entry : 
		On exit  : 
		Unchanged: 
 Data sizes:     COMRAM   BANK0   BANK1   BANK2   BANK3   BANK4   BANK5   BANK6   BANK7
      Params:         0       4       0       0       0       0       0       0       0
      Locals:         0      10       0       0       0       0       0       0       0
      Temps:          0       4       0       0       0       0       0       0       0
      Totals:         0      18       0       0       0       0       0       0       0
Total ram usage:       18 bytes
 Hardware stack levels used:    1
 Hardware stack levels required when called:    4
 This function calls:
		___lwdiv
		___lwmod
		___wmul
		_isdigit
		_putch
 This function is called by:
		_main
 This function uses a non-reentrant model


 *************** function _putch *****************
 Defined at:
		line 46 in file "usart.c"
 Parameters:    Size  Location     Type
  byte            1    wreg     unsigned char 
 Auto vars:     Size  Location     Type
  byte            1    0[BANK0 ] unsigned char 
 Return value:  Size  Location     Type
		None               void
 Registers used:
		wreg
 Tracked objects:
		On entry : 
		On exit  : 
		Unchanged: 
 Data sizes:     COMRAM   BANK0   BANK1   BANK2   BANK3   BANK4   BANK5   BANK6   BANK7
      Params:         0       0       0       0       0       0       0       0       0
      Locals:         0       1       0       0       0       0       0       0       0
      Temps:          0       0       0       0       0       0       0       0       0
      Totals:         0       1       0       0       0       0       0       0       0
Total ram usage:        1 bytes
 Hardware stack levels used:    1
 Hardware stack levels required when called:    3
 This function calls:
		Nothing
 This function is called by:
		_printf
		_getche
 This function uses a non-reentrant model


 *************** function _isdigit *****************
 Defined at:
		line 8 in file "C:\Program Files (x86)\Microchip\xc8\v1.35\sources\common\isdigit.c"
 Parameters:    Size  Location     Type
  c               1    wreg     unsigned char 
 Auto vars:     Size  Location     Type
  c               1    2[BANK0 ] unsigned char 
 Return value:  Size  Location     Type
		None               void
 Registers used:
		wreg, status,2, status,0
 Tracked objects:
		On entry : 
		On exit  : 
		Unchanged: 
 Data sizes:     COMRAM   BANK0   BANK1   BANK2   BANK3   BANK4   BANK5   BANK6   BANK7
      Params:         0       0       0       0       0       0       0       0       0
      Locals:         0       2       0       0       0       0       0       0       0
      Temps:          0       1       0       0       0       0       0       0       0
      Totals:         0       3       0       0       0       0       0       0       0
Total ram usage:        3 bytes
 Hardware stack levels used:    1
 Hardware stack levels required when called:    3
 This function calls:
		Nothing
 This function is called by:
		_printf
 This function uses a non-reentrant model


 *************** function ___wmul *****************
 Defined at:
		line 15 in file "C:\Program Files (x86)\Microchip\xc8\v1.35\sources\common\Umul16.c"
 Parameters:    Size  Location     Type
  multiplier      2    0[BANK0 ] unsigned int 
  multiplicand    2    2[BANK0 ] unsigned int 
 Auto vars:     Size  Location     Type
  product         2    4[BANK0 ] unsigned int 
 Return value:  Size  Location     Type
                  2    0[BANK0 ] unsigned int 
 Registers used:
		wreg, status,2, status,0, prodl, prodh
 Tracked objects:
		On entry : 
		On exit  : 
		Unchanged: 
 Data sizes:     COMRAM   BANK0   BANK1   BANK2   BANK3   BANK4   BANK5   BANK6   BANK7
      Params:         0       4       0       0       0       0       0       0       0
      Locals:         0       2       0       0       0       0       0       0       0
      Temps:          0       0       0       0       0       0       0       0       0
      Totals:         0       6       0       0       0       0       0       0       0
Total ram usage:        6 bytes
 Hardware stack levels used:    1
 Hardware stack levels required when called:    3
 This function calls:
		Nothing
 This function is called by:
		_printf
 This function uses a non-reentrant model


 *************** function ___lwmod *****************
 Defined at:
		line 8 in file "C:\Program Files (x86)\Microchip\xc8\v1.35\sources\common\lwmod.c"
 Parameters:    Size  Location     Type
  dividend        2    7[BANK0 ] unsigned int 
  divisor         2    9[BANK0 ] unsigned int 
 Auto vars:     Size  Location     Type
  counter         1   11[BANK0 ] unsigned char 
 Return value:  Size  Location     Type
                  2    7[BANK0 ] unsigned int 
 Registers used:
		wreg, status,2, status,0
 Tracked objects:
		On entry : 
		On exit  : 
		Unchanged: 
 Data sizes:     COMRAM   BANK0   BANK1   BANK2   BANK3   BANK4   BANK5   BANK6   BANK7
      Params:         0       4       0       0       0       0       0       0       0
      Locals:         0       1       0       0       0       0       0       0       0
      Temps:          0       0       0       0       0       0       0       0       0
      Totals:         0       5       0       0       0       0       0       0       0
Total ram usage:        5 bytes
 Hardware stack levels used:    1
 Hardware stack levels required when called:    3
 This function calls:
		Nothing
 This function is called by:
		_printf
 This function uses a non-reentrant model


 *************** function ___lwdiv *****************
 Defined at:
		line 8 in file "C:\Program Files (x86)\Microchip\xc8\v1.35\sources\common\lwdiv.c"
 Parameters:    Size  Location     Type
  dividend        2    0[BANK0 ] unsigned int 
  divisor         2    2[BANK0 ] unsigned int 
 Auto vars:     Size  Location     Type
  quotient        2    5[BANK0 ] unsigned int 
  counter         1    4[BANK0 ] unsigned char 
 Return value:  Size  Location     Type
                  2    0[BANK0 ] unsigned int 
 Registers used:
		wreg, status,2, status,0
 Tracked objects:
		On entry : 
		On exit  : 
		Unchanged: 
 Data sizes:     COMRAM   BANK0   BANK1   BANK2   BANK3   BANK4   BANK5   BANK6   BANK7
      Params:         0       4       0       0       0       0       0       0       0
      Locals:         0       3       0       0       0       0       0       0       0
      Temps:          0       0       0       0       0       0       0       0       0
      Totals:         0       7       0       0       0       0       0       0       0
Total ram usage:        7 bytes
 Hardware stack levels used:    1
 Hardware stack levels required when called:    3
 This function calls:
		Nothing
 This function is called by:
		_printf
 This function uses a non-reentrant model


 *************** function _configUSARTInterrupts *****************
 Defined at:
		line 32 in file "usart.c"
 Parameters:    Size  Location     Type
		None
 Auto vars:     Size  Location     Type
		None
 Return value:  Size  Location     Type
		None               void
 Registers used:
		None
 Tracked objects:
		On entry : 
		On exit  : 
		Unchanged: 
 Data sizes:     COMRAM   BANK0   BANK1   BANK2   BANK3   BANK4   BANK5   BANK6   BANK7
      Params:         0       0       0       0       0       0       0       0       0
      Locals:         0       0       0       0       0       0       0       0       0
      Temps:          0       0       0       0       0       0       0       0       0
      Totals:         0       0       0       0       0       0       0       0       0
Total ram usage:        0 bytes
 Hardware stack levels used:    1
 Hardware stack levels required when called:    3
 This function calls:
		Nothing
 This function is called by:
		_main
 This function uses a non-reentrant model


 *************** function _configTimer *****************
 Defined at:
		line 17 in file "timer0.c"
 Parameters:    Size  Location     Type
		None
 Auto vars:     Size  Location     Type
		None
 Return value:  Size  Location     Type
		None               void
 Registers used:
		None
 Tracked objects:
		On entry : 
		On exit  : 
		Unchanged: 
 Data sizes:     COMRAM   BANK0   BANK1   BANK2   BANK3   BANK4   BANK5   BANK6   BANK7
      Params:         0       0       0       0       0       0       0       0       0
      Locals:         0       0       0       0       0       0       0       0       0
      Temps:          0       0       0       0       0       0       0       0       0
      Totals:         0       0       0       0       0       0       0       0       0
Total ram usage:        0 bytes
 Hardware stack levels used:    1
 Hardware stack levels required when called:    3
 This function calls:
		Nothing
 This function is called by:
		_main
 This function uses a non-reentrant model


 *************** function _configRS232 *****************
 Defined at:
		line 9 in file "usart.c"
 Parameters:    Size  Location     Type
		None
 Auto vars:     Size  Location     Type
		None
 Return value:  Size  Location     Type
		None               void
 Registers used:
		wreg, status,2
 Tracked objects:
		On entry : 
		On exit  : 
		Unchanged: 
 Data sizes:     COMRAM   BANK0   BANK1   BANK2   BANK3   BANK4   BANK5   BANK6   BANK7
      Params:         0       0       0       0       0       0       0       0       0
      Locals:         0       0       0       0       0       0       0       0       0
      Temps:          0       0       0       0       0       0       0       0       0
      Totals:         0       0       0       0       0       0       0       0       0
Total ram usage:        0 bytes
 Hardware stack levels used:    1
 Hardware stack levels required when called:    3
 This function calls:
		Nothing
 This function is called by:
		_main
 This function uses a non-reentrant model


 *************** function _configADInterrupt *****************
 Defined at:
		line 11 in file "ad.c"
 Parameters:    Size  Location     Type
		None
 Auto vars:     Size  Location     Type
		None
 Return value:  Size  Location     Type
		None               void
 Registers used:
		None
 Tracked objects:
		On entry : 
		On exit  : 
		Unchanged: 
 Data sizes:     COMRAM   BANK0   BANK1   BANK2   BANK3   BANK4   BANK5   BANK6   BANK7
      Params:         0       0       0       0       0       0       0       0       0
      Locals:         0       0       0       0       0       0       0       0       0
      Temps:          0       0       0       0       0       0       0       0       0
      Totals:         0       0       0       0       0       0       0       0       0
Total ram usage:        0 bytes
 Hardware stack levels used:    1
 Hardware stack levels required when called:    3
 This function calls:
		Nothing
 This function is called by:
		_main
 This function uses a non-reentrant model


 *************** function _configAD *****************
 Defined at:
		line 19 in file "ad.c"
 Parameters:    Size  Location     Type
		None
 Auto vars:     Size  Location     Type
		None
 Return value:  Size  Location     Type
		None               void
 Registers used:
		None
 Tracked objects:
		On entry : 
		On exit  : 
		Unchanged: 
 Data sizes:     COMRAM   BANK0   BANK1   BANK2   BANK3   BANK4   BANK5   BANK6   BANK7
      Params:         0       0       0       0       0       0       0       0       0
      Locals:         0       0       0       0       0       0       0       0       0
      Temps:          0       0       0       0       0       0       0       0       0
      Totals:         0       0       0       0       0       0       0       0       0
Total ram usage:        0 bytes
 Hardware stack levels used:    1
 Hardware stack levels required when called:    3
 This function calls:
		Nothing
 This function is called by:
		_main
 This function uses a non-reentrant model


 *************** function _InitI2C_Master *****************
 Defined at:
		line 4 in file "i2c.c"
 Parameters:    Size  Location     Type
		None
 Auto vars:     Size  Location     Type
		None
 Return value:  Size  Location     Type
		None               void
 Registers used:
		wreg, status,2
 Tracked objects:
		On entry : 
		On exit  : 
		Unchanged: 
 Data sizes:     COMRAM   BANK0   BANK1   BANK2   BANK3   BANK4   BANK5   BANK6   BANK7
      Params:         0       0       0       0       0       0       0       0       0
      Locals:         0       0       0       0       0       0       0       0       0
      Temps:          0       0       0       0       0       0       0       0       0
      Totals:         0       0       0       0       0       0       0       0       0
Total ram usage:        0 bytes
 Hardware stack levels used:    1
 Hardware stack levels required when called:    3
 This function calls:
		Nothing
 This function is called by:
		_main
 This function uses a non-reentrant model


 *************** function _interruptions *****************
 Defined at:
		line 31 in file "main.c"
 Parameters:    Size  Location     Type
		None
 Auto vars:     Size  Location     Type
		None
 Return value:  Size  Location     Type
		None               void
 Registers used:
		wreg, fsr1l, fsr1h, fsr2l, fsr2h, status,2, status,0, tblptrl, tblptrh, tblptru, prodl, prodh, cstack
 Tracked objects:
		On entry : 
		On exit  : 
		Unchanged: 
 Data sizes:     COMRAM   BANK0   BANK1   BANK2   BANK3   BANK4   BANK5   BANK6   BANK7
      Params:         0       0       0       0       0       0       0       0       0
      Locals:         0       0       0       0       0       0       0       0       0
      Temps:         16       0       0       0       0       0       0       0       0
      Totals:        16       0       0       0       0       0       0       0       0
Total ram usage:       16 bytes
 Hardware stack levels used:    1
 Hardware stack levels required when called:    2
 This function calls:
		___awmod
		_strcpy
		i2_printf
 This function is called by:
		Interrupt level 2
 This function uses a non-reentrant model


 *************** function i2_printf *****************
 Defined at:
		line 464 in file "C:\Program Files (x86)\Microchip\xc8\v1.35\sources\common\doprnt.c"
 Parameters:    Size  Location     Type
  f               2   12[COMRAM] PTR const unsigned char 
		 -> STR_8(7), STR_7(15), STR_6(28), STR_5(27), 
		 -> STR_4(25), STR_3(33), STR_2(21), STR_1(3), 
 Auto vars:     Size  Location     Type
  printf          4    0        struct .
  printf          3    0        PTR const unsigned char 
  printf          2   25[COMRAM] int 
  printf          2   23[COMRAM] unsigned int 
  printf          2   19[COMRAM] PTR void [1]
		 -> ?i2_printf(2), ?_printf(2), 
  printf          2    0        unsigned int 
  printf          1   27[COMRAM] char 
  printf          1   22[COMRAM] unsigned char 
  printf          1   21[COMRAM] char 
  printf          1   18[COMRAM] unsigned char 
 Return value:  Size  Location     Type
                  2   12[COMRAM] int 
 Registers used:
		wreg, fsr2l, fsr2h, status,2, status,0, tblptrl, tblptrh, tblptru, prodl, prodh, cstack
 Tracked objects:
		On entry : 
		On exit  : 
		Unchanged: 
 Data sizes:     COMRAM   BANK0   BANK1   BANK2   BANK3   BANK4   BANK5   BANK6   BANK7
      Params:         2       0       0       0       0       0       0       0       0
      Locals:        10       0       0       0       0       0       0       0       0
      Temps:          4       0       0       0       0       0       0       0       0
      Totals:        16       0       0       0       0       0       0       0       0
Total ram usage:       16 bytes
 Hardware stack levels used:    1
 Hardware stack levels required when called:    1
 This function calls:
		i2___lwdiv
		i2___lwmod
		i2___wmul
		i2_isdigit
		i2_putch
 This function is called by:
		_interruptions
 This function uses a non-reentrant model


 *************** function i2_putch *****************
 Defined at:
		line 46 in file "usart.c"
 Parameters:    Size  Location     Type
  byte            1    wreg     unsigned char 
 Auto vars:     Size  Location     Type
  byte            1    0[COMRAM] unsigned char 
 Return value:  Size  Location     Type
		None               void
 Registers used:
		wreg
 Tracked objects:
		On entry : 
		On exit  : 
		Unchanged: 
 Data sizes:     COMRAM   BANK0   BANK1   BANK2   BANK3   BANK4   BANK5   BANK6   BANK7
      Params:         0       0       0       0       0       0       0       0       0
      Locals:         1       0       0       0       0       0       0       0       0
      Temps:          0       0       0       0       0       0       0       0       0
      Totals:         1       0       0       0       0       0       0       0       0
Total ram usage:        1 bytes
 Hardware stack levels used:    1
 This function calls:
		Nothing
 This function is called by:
		i2_printf
 This function uses a non-reentrant model


 *************** function i2_isdigit *****************
 Defined at:
		line 8 in file "C:\Program Files (x86)\Microchip\xc8\v1.35\sources\common\isdigit.c"
 Parameters:    Size  Location     Type
  c               1    wreg     unsigned char 
 Auto vars:     Size  Location     Type
  c               1    2[COMRAM] unsigned char 
 Return value:  Size  Location     Type
		None               void
 Registers used:
		wreg, status,2, status,0
 Tracked objects:
		On entry : 
		On exit  : 
		Unchanged: 
 Data sizes:     COMRAM   BANK0   BANK1   BANK2   BANK3   BANK4   BANK5   BANK6   BANK7
      Params:         0       0       0       0       0       0       0       0       0
      Locals:         2       0       0       0       0       0       0       0       0
      Temps:          1       0       0       0       0       0       0       0       0
      Totals:         3       0       0       0       0       0       0       0       0
Total ram usage:        3 bytes
 Hardware stack levels used:    1
 This function calls:
		Nothing
 This function is called by:
		i2_printf
 This function uses a non-reentrant model


 *************** function i2___wmul *****************
 Defined at:
		line 15 in file "C:\Program Files (x86)\Microchip\xc8\v1.35\sources\common\Umul16.c"
 Parameters:    Size  Location     Type
  multiplier      2    0[COMRAM] unsigned int 
  multiplicand    2    2[COMRAM] unsigned int 
 Auto vars:     Size  Location     Type
  __wmul          2    4[COMRAM] unsigned int 
 Return value:  Size  Location     Type
                  2    0[COMRAM] unsigned int 
 Registers used:
		wreg, status,2, status,0, prodl, prodh
 Tracked objects:
		On entry : 
		On exit  : 
		Unchanged: 
 Data sizes:     COMRAM   BANK0   BANK1   BANK2   BANK3   BANK4   BANK5   BANK6   BANK7
      Params:         4       0       0       0       0       0       0       0       0
      Locals:         2       0       0       0       0       0       0       0       0
      Temps:          0       0       0       0       0       0       0       0       0
      Totals:         6       0       0       0       0       0       0       0       0
Total ram usage:        6 bytes
 Hardware stack levels used:    1
 This function calls:
		Nothing
 This function is called by:
		i2_printf
 This function uses a non-reentrant model


 *************** function i2___lwmod *****************
 Defined at:
		line 8 in file "C:\Program Files (x86)\Microchip\xc8\v1.35\sources\common\lwmod.c"
 Parameters:    Size  Location     Type
  dividend        2    7[COMRAM] unsigned int 
  divisor         2    9[COMRAM] unsigned int 
 Auto vars:     Size  Location     Type
  __lwmod         1   11[COMRAM] unsigned char 
 Return value:  Size  Location     Type
                  2    7[COMRAM] unsigned int 
 Registers used:
		wreg, status,2, status,0
 Tracked objects:
		On entry : 
		On exit  : 
		Unchanged: 
 Data sizes:     COMRAM   BANK0   BANK1   BANK2   BANK3   BANK4   BANK5   BANK6   BANK7
      Params:         4       0       0       0       0       0       0       0       0
      Locals:         1       0       0       0       0       0       0       0       0
      Temps:          0       0       0       0       0       0       0       0       0
      Totals:         5       0       0       0       0       0       0       0       0
Total ram usage:        5 bytes
 Hardware stack levels used:    1
 This function calls:
		Nothing
 This function is called by:
		i2_printf
 This function uses a non-reentrant model


 *************** function i2___lwdiv *****************
 Defined at:
		line 8 in file "C:\Program Files (x86)\Microchip\xc8\v1.35\sources\common\lwdiv.c"
 Parameters:    Size  Location     Type
  dividend        2    0[COMRAM] unsigned int 
  divisor         2    2[COMRAM] unsigned int 
 Auto vars:     Size  Location     Type
  __lwdiv         2    4[COMRAM] unsigned int 
  __lwdiv         1    6[COMRAM] unsigned char 
 Return value:  Size  Location     Type
                  2    0[COMRAM] unsigned int 
 Registers used:
		wreg, status,2, status,0
 Tracked objects:
		On entry : 
		On exit  : 
		Unchanged: 
 Data sizes:     COMRAM   BANK0   BANK1   BANK2   BANK3   BANK4   BANK5   BANK6   BANK7
      Params:         4       0       0       0       0       0       0       0       0
      Locals:         3       0       0       0       0       0       0       0       0
      Temps:          0       0       0       0       0       0       0       0       0
      Totals:         7       0       0       0       0       0       0       0       0
Total ram usage:        7 bytes
 Hardware stack levels used:    1
 This function calls:
		Nothing
 This function is called by:
		i2_printf
 This function uses a non-reentrant model


 *************** function _strcpy *****************
 Defined at:
		line 8 in file "C:\Program Files (x86)\Microchip\xc8\v1.35\sources\common\strcpy.c"
 Parameters:    Size  Location     Type
  to              2    0[COMRAM] PTR unsigned char 
		 -> string(26), 
  from            2    2[COMRAM] PTR const unsigned char 
		 -> string_aux(26), 
 Auto vars:     Size  Location     Type
  cp              2    4[COMRAM] PTR unsigned char 
		 -> string(26), 
 Return value:  Size  Location     Type
                  2    0[COMRAM] PTR unsigned char 
 Registers used:
		wreg, fsr1l, fsr1h, fsr2l, fsr2h, status,2, status,0
 Tracked objects:
		On entry : 
		On exit  : 
		Unchanged: 
 Data sizes:     COMRAM   BANK0   BANK1   BANK2   BANK3   BANK4   BANK5   BANK6   BANK7
      Params:         4       0       0       0       0       0       0       0       0
      Locals:         2       0       0       0       0       0       0       0       0
      Temps:          0       0       0       0       0       0       0       0       0
      Totals:         6       0       0       0       0       0       0       0       0
Total ram usage:        6 bytes
 Hardware stack levels used:    1
 This function calls:
		Nothing
 This function is called by:
		_interruptions
 This function uses a non-reentrant model


 *************** function ___awmod *****************
 Defined at:
		line 8 in file "C:\Program Files (x86)\Microchip\xc8\v1.35\sources\common\awmod.c"
 Parameters:    Size  Location     Type
  dividend        2    0[COMRAM] int 
  divisor         2    2[COMRAM] int 
 Auto vars:     Size  Location     Type
  sign            1    5[COMRAM] unsigned char 
  counter         1    4[COMRAM] unsigned char 
 Return value:  Size  Location     Type
                  2    0[COMRAM] int 
 Registers used:
		wreg, status,2, status,0
 Tracked objects:
		On entry : 
		On exit  : 
		Unchanged: 
 Data sizes:     COMRAM   BANK0   BANK1   BANK2   BANK3   BANK4   BANK5   BANK6   BANK7
      Params:         4       0       0       0       0       0       0       0       0
      Locals:         2       0       0       0       0       0       0       0       0
      Temps:          0       0       0       0       0       0       0       0       0
      Totals:         6       0       0       0       0       0       0       0       0
Total ram usage:        6 bytes
 Hardware stack levels used:    1
 This function calls:
		Nothing
 This function is called by:
		_interruptions
 This function uses a non-reentrant model



MODULE INFORMATION

Module		Function		Class		Link	Load	Size
C:\Program Files (x86)\Microchip\xc8\v1.35\sources\common\isdigit.c
		_isdigit       		CODE           	15A2	0000	43

C:\Program Files (x86)\Microchip\xc8\v1.35\sources\common\isdigit.c estimated size: 43

usart.c
		_putch         		CODE           	16A4	0000	15
		_configUSARTInterrupts		CODE           	16B2	0000	15
		_configRS232   		CODE           	1666	0000	25

usart.c estimated size: 55

i2c.c
		_I2C_Idle      		CODE           	167E	0000	21
		_I2C_Stop      		CODE           	16E4	0000	11
		_I2C_Write_Byte		CODE           	1692	0000	19
		_I2C_Read_Byte 		CODE           	16CC	0000	13
		_I2C_Send_NACK 		CODE           	16C0	0000	13
		_InitI2C_Master		CODE           	15F2	0000	35
		_I2C_Start     		CODE           	16EE	0000	11
		_I2C_ReStart   		CODE           	16F8	0000	11

i2c.c estimated size: 134

C:\Program Files (x86)\Microchip\xc8\v1.35\sources\common\strcpy.c
		_strcpy        		CODE           	1574	0000	47

C:\Program Files (x86)\Microchip\xc8\v1.35\sources\common\strcpy.c estimated size: 47

ad.c
		_configAD      		CODE           	164C	0000	27
		_configADInterrupt		CODE           	1702	0000	11
		_selectChanel  		CODE           	1166	0000	263

ad.c estimated size: 301

timer0.c
		_configTimer   		CODE           	1632	0000	27

timer0.c estimated size: 27

C:\Program Files (x86)\Microchip\xc8\v1.35\sources\common\lwmod.c
		___lwmod       		CODE           	13C0	0000	99

C:\Program Files (x86)\Microchip\xc8\v1.35\sources\common\lwmod.c estimated size: 99

C:\Program Files (x86)\Microchip\xc8\v1.35\sources\common\doprnt.c
		_printf        		CODE           	08C2	0000	827

C:\Program Files (x86)\Microchip\xc8\v1.35\sources\common\doprnt.c estimated size: 827

shared
		i2_printf      		CODE           	0BFC	0000	679
		i2_putch       		CODE           	16D8	0000	13
		_dpowers       		SMALLCONST     	0801	0000	11
		i2___lwdiv     		CODE           	1422	0000	83
		i2_isdigit     		CODE           	1614	0000	31
		i2___wmul      		CODE           	15CC	0000	39
		i2___lwmod     		CODE           	14C2	0000	67
		__initialization		CODE           	1504	0000	45
		_hexpowers     		SMALLCONST     	080B	0000	9

shared estimated size: 977

C:\Program Files (x86)\Microchip\xc8\v1.35\sources\common\awmod.c
		___awmod       		CODE           	12E4	0000	113

C:\Program Files (x86)\Microchip\xc8\v1.35\sources\common\awmod.c estimated size: 113

C:\Program Files (x86)\Microchip\xc8\v1.35\sources\common\lwdiv.c
		___lwdiv       		CODE           	126C	0000	121

C:\Program Files (x86)\Microchip\xc8\v1.35\sources\common\lwdiv.c estimated size: 121

C:\Program Files (x86)\Microchip\xc8\v1.35\sources\common\Umul16.c
		___wmul        		CODE           	153E	0000	55

C:\Program Files (x86)\Microchip\xc8\v1.35\sources\common\Umul16.c estimated size: 55

main.c
		_main          		CODE           	0EA2	0000	397
		_read_RTC_I2c  		CODE           	1474	0000	79
		_interruptions 		CODE           	0008	0000	327
		_write_RTC_I2c 		CODE           	1354	0000	109

main.c estimated size: 912

